\BOOKMARK [1][-]{section*.1}{\376\377\0001\000.\000\040\000I\000n\000t\000r\000o\000d\000u\000c\000t\000i\000o\000n}{}% 1
\BOOKMARK [2][-]{section*.2}{\376\377\0001\000.\0001\000\040\000M\000a\000i\000n\000\040\000r\000e\000s\000u\000l\000t\000s}{section*.1}% 2
\BOOKMARK [2][-]{section*.4}{\376\377\0001\000.\0002\000\040\000T\000h\000e\000\040\000t\000h\000r\000e\000e\000\040\000f\000a\000t\000e\000s\000\040\000a\000s\000\040\000c\000u\000r\000r\000e\000n\000t\000l\000y\000\040\000c\000o\000n\000s\000t\000r\000a\000i\000n\000e\000d}{section*.1}% 3
\BOOKMARK [2][-]{section*.5}{\376\377\0001\000.\0003\000\040\000R\000e\000l\000a\000t\000e\000d\000\040\000w\000o\000r\000k}{section*.1}% 4
\BOOKMARK [2][-]{section*.6}{\376\377\0001\000.\0004\000\040\000V\000e\000r\000i\000f\000i\000c\000a\000t\000i\000o\000n}{section*.1}% 5
\BOOKMARK [1][-]{section*.7}{\376\377\0002\000.\000\040\000F\000a\000t\000e\000\040\000c\000l\000a\000s\000s\000e\000s\000\040\000a\000n\000d\000\040\000c\000l\000o\000s\000u\000r\000e}{}% 6
\BOOKMARK [1][-]{section*.8}{\376\377\0003\000.\000\040\000T\000h\000e\000\040\000t\000w\000o\000\040\000p\000r\000o\000d\000u\000c\000t\000i\000o\000n\000s}{}% 7
\BOOKMARK [1][-]{section*.9}{\376\377\0004\000.\000\040\000P\000a\000r\000i\000t\000y\000\040\000o\000n\000\040\000a\000\040\000f\000i\000b\000e\000r}{}% 8
\BOOKMARK [2][-]{section*.10}{\376\377\0004\000.\0001\000\040\000T\000h\000e\000\040\000s\000w\000e\000e\000p\000\040\000l\000e\000m\000m\000a}{section*.9}% 9
\BOOKMARK [2][-]{section*.11}{\376\377\0004\000.\0002\000\040\000T\000h\000e\000\040\000b\000l\000o\000c\000k\000\040\000a\000v\000e\000r\000a\000g\000e}{section*.9}% 10
\BOOKMARK [2][-]{section*.13}{\376\377\0004\000.\0003\000\040\000T\000h\000e\000\040\000s\000h\000a\000r\000e\000\040\000i\000s\000\040\000a\000\040\000q\000u\000a\000d\000r\000a\000t\000i\000c\000\040\000s\000w\000e\000e\000p}{section*.9}% 11
\BOOKMARK [1][-]{section*.14}{\376\377\0005\000.\000\040\000T\000h\000e\000\040\000r\000e\000c\000u\000r\000s\000i\000o\000n\000\040\000a\000n\000d\000\040\000t\000h\000e\000\040\000c\000o\000n\000t\000a\000g\000i\000o\000n\000\040\000t\000h\000e\000o\000r\000e\000m}{}% 12
\BOOKMARK [2][-]{section*.15}{\376\377\0005\000.\0001\000\040\000T\000h\000r\000e\000e\000\040\000s\000o\000u\000r\000c\000e\000s\000\040\000o\000f\000\040\000m\000e\000m\000b\000e\000r\000s\000\040\000o\000f\000\040\000A\000\040\000i\000n\000\040\000\050\000\134\000s\000q\000r\000t\000\040\000x\000,\000x\000]}{section*.14}% 13
\BOOKMARK [2][-]{section*.16}{\376\377\0005\000.\0002\000\040\000T\000h\000e\000\040\000f\000u\000n\000c\000t\000i\000o\000n\000a\000l\000\040\000i\000n\000e\000q\000u\000a\000l\000i\000t\000i\000e\000s}{section*.14}% 14
\BOOKMARK [2][-]{section*.19}{\376\377\0005\000.\0003\000\040\000T\000h\000e\000\040\000r\000e\000c\000u\000r\000s\000i\000o\000n\000\040\000l\000e\000m\000m\000a}{section*.14}% 15
\BOOKMARK [2][-]{section*.20}{\376\377\0005\000.\0004\000\040\000T\000h\000e\000\040\000s\000e\000e\000d}{section*.14}% 16
\BOOKMARK [2][-]{section*.21}{\376\377\0005\000.\0005\000\040\000T\000h\000e\000\040\000t\000h\000e\000o\000r\000e\000m}{section*.14}% 17
\BOOKMARK [2][-]{section*.22}{\376\377\0005\000.\0006\000\040\000R\000e\000m\000a\000r\000k\000s}{section*.14}% 18
\BOOKMARK [2][-]{section*.23}{\376\377\0005\000.\0007\000\040\000F\000i\000n\000i\000t\000e\000\040\000p\000r\000o\000d\000u\000c\000t\000i\000o\000n\000s\000\040\000a\000n\000d\000\040\000c\000o\000m\000p\000a\000r\000i\000s\000o\000n\000\040\000m\000o\000d\000e\000l\000s}{section*.14}% 19
\BOOKMARK [2][-]{section*.28}{\376\377\0005\000.\0008\000\040\000T\000h\000e\000\040\000a\000v\000e\000r\000a\000g\000e\000d\000\040\000c\000o\000e\000f\000f\000i\000c\000i\000e\000n\000t\000:\000\040\000t\000w\000o\000\040\000p\000r\000o\000d\000u\000c\000t\000i\000o\000n\000s\000\040\000w\000i\000t\000h\000o\000u\000t\000\040\000e\000x\000p\000o\000n\000e\000n\000t\000i\000a\000l\000\040\000s\000u\000m\000s}{section*.14}% 20
\BOOKMARK [2][-]{section*.29}{\376\377\0005\000.\0009\000\040\000T\000h\000r\000e\000e\000\040\000a\000c\000t\000u\000a\000l\000\040\000p\000r\000o\000d\000u\000c\000t\000i\000o\000n\000s\000\040\000a\000n\000d\000\040\000e\000x\000p\000o\000n\000e\000n\000t\000\040\0005\000/\0008}{section*.14}% 21
\BOOKMARK [1][-]{section*.33}{\376\377\0006\000.\000\040\000O\000d\000d\000\040\000g\000e\000n\000e\000r\000a\000t\000i\000o\000n\000\040\000a\000n\000d\000\040\000t\000h\000e\000\040\000e\000x\000a\000c\000t\000\040\000f\000i\000r\000s\000t\000-\000l\000e\000t\000t\000e\000r\000\040\000d\000e\000c\000o\000m\000p\000o\000s\000i\000t\000i\000o\000n}{}% 22
\BOOKMARK [2][-]{section*.34}{\376\377\0006\000.\0001\000\040\000O\000d\000d\000\040\000g\000e\000n\000e\000r\000a\000t\000i\000o\000n}{section*.33}% 23
\BOOKMARK [2][-]{section*.35}{\376\377\0006\000.\0002\000\040\000T\000h\000e\000\040\000e\000x\000a\000c\000t\000\040\000d\000e\000c\000o\000m\000p\000o\000s\000i\000t\000i\000o\000n\000\040\000a\000n\000d\000\040\000t\000h\000e\000\040\000f\000r\000e\000e\000\040\000t\000e\000r\000m}{section*.33}% 24
\BOOKMARK [2][-]{section*.37}{\376\377\0006\000.\0003\000\040\000W\000h\000e\000r\000e\000\040\000P\000a\000p\000e\000r\000s\000\040\000A\000\040\000a\000n\000d\000\040\000B\000\040\000s\000i\000t}{section*.33}% 25
\BOOKMARK [1][-]{section*.38}{\376\377\0007\000.\000\040\000T\000h\000e\000\040\000a\000l\000m\000o\000s\000t\000-\000a\000l\000l\000\040\000e\000q\000u\000i\000v\000a\000l\000e\000n\000c\000e}{}% 26
\BOOKMARK [2][-]{section*.39}{\376\377\0007\000.\0001\000\040\000C\000o\000m\000p\000a\000r\000i\000s\000o\000n\000\040\000w\000i\000t\000h\000\040\000t\000h\000e\000\040\000C\000o\000l\000l\000a\000t\000z\000\040\000m\000a\000p\000:\000\040\000a\000\040\000s\000t\000r\000u\000c\000t\000u\000r\000a\000l\000\040\000a\000n\000a\000l\000o\000g\000y}{section*.38}% 27
\BOOKMARK [1][-]{section*.40}{\376\377\0008\000.\000\040\000F\000r\000o\000m\000\040\000p\000a\000r\000i\000t\000y\000\040\000c\000o\000n\000t\000r\000o\000l\000\040\000t\000o\000\040\000t\000h\000e\000\040\000a\000l\000m\000o\000s\000t\000-\000a\000l\000l\000\040\000b\000o\000u\000n\000d}{}% 28
\BOOKMARK [2][-]{section*.41}{\376\377\0008\000.\0001\000\040\000N\000o\000t\000a\000t\000i\000o\000n}{section*.40}% 29
\BOOKMARK [2][-]{section*.42}{\376\377\0008\000.\0002\000\040\000E\000n\000v\000e\000l\000o\000p\000e\000\040\000d\000e\000s\000c\000e\000n\000t\000\040\000a\000n\000d\000\040\000t\000h\000e\000\040\000r\000a\000r\000i\000t\000y\000\040\000o\000f\000\040\000b\000a\000d\000\040\000w\000o\000r\000d\000s}{section*.40}% 30
\BOOKMARK [2][-]{section*.43}{\376\377\0008\000.\0003\000\040\000T\000h\000e\000\040\000c\000y\000l\000i\000n\000d\000e\000r\000\040\000h\000y\000p\000o\000t\000h\000e\000s\000i\000s\000\040\000a\000n\000d\000\040\000t\000h\000e\000\040\000b\000o\000u\000n\000d}{section*.40}% 31
\BOOKMARK [2][-]{section*.44}{\376\377\0008\000.\0004\000\040\000C\000o\000n\000s\000t\000a\000n\000t\000s}{section*.40}% 32
\BOOKMARK [1][-]{section*.45}{\376\377\0009\000.\000\040\000W\000e\000a\000k\000e\000r\000\040\000f\000o\000r\000m\000s\000\040\000o\000f\000\040\000t\000h\000e\000\040\000h\000y\000p\000o\000t\000h\000e\000s\000i\000s}{}% 33
\BOOKMARK [2][-]{section*.46}{\376\377\0009\000.\0001\000\040\000O\000n\000e\000-\000s\000i\000d\000e\000d\000\040\000o\000d\000d\000-\000s\000h\000a\000r\000e\000\040\000c\000o\000n\000t\000r\000o\000l}{section*.45}% 34
\BOOKMARK [2][-]{section*.47}{\376\377\0009\000.\0002\000\040\000T\000h\000e\000\040\000p\000r\000e\000s\000s\000u\000r\000e\000\040\000f\000o\000r\000m}{section*.45}% 35
\BOOKMARK [2][-]{section*.48}{\376\377\0009\000.\0003\000\040\000S\000c\000o\000p\000e\000\040\000o\000f\000\040\000t\000h\000e\000\040\000m\000o\000m\000e\000n\000t\000\040\000c\000r\000i\000t\000e\000r\000i\000o\000n}{section*.45}% 36
\BOOKMARK [2][-]{section*.49}{\376\377\0009\000.\0004\000\040\000W\000h\000e\000r\000e\000\040\000t\000h\000e\000\040\000d\000i\000f\000f\000i\000c\000u\000l\000t\000y\000\040\000l\000i\000e\000s}{section*.45}% 37
\BOOKMARK [2][-]{section*.50}{\376\377\0009\000.\0005\000\040\000S\000c\000a\000l\000e\000-\000a\000v\000e\000r\000a\000g\000e\000d\000\040\000p\000r\000e\000s\000s\000u\000r\000e\000\040\000i\000s\000\040\000s\000u\000f\000f\000i\000c\000i\000e\000n\000t}{section*.45}% 38
\BOOKMARK [1][-]{section*.51}{\376\377\0001\0000\000.\000\040\000T\000h\000e\000\040\000f\000r\000e\000e\000\040\000t\000e\000r\000m\000\040\000a\000n\000d\000\040\000l\000i\000m\000i\000t\000s\000\040\000o\000f\000\040\000t\000h\000e\000\040\000r\000e\000d\000u\000c\000t\000i\000o\000n\000s}{}% 39
\BOOKMARK [2][-]{section*.52}{\376\377\0001\0000\000.\0001\000\040\000T\000h\000e\000\040\000f\000r\000e\000e\000\040\000t\000e\000r\000m\000\040\000i\000s\000\040\000t\000h\000e\000\040\000i\000n\000f\000i\000n\000i\000t\000e\000-\000d\000e\000p\000t\000h\000\040\000l\000i\000v\000e\000\040\000m\000a\000s\000s}{section*.51}% 40
\BOOKMARK [2][-]{section*.55}{\376\377\0001\0000\000.\0002\000\040\000W\000h\000a\000t\000\040\000t\000h\000e\000\040\000u\000p\000p\000e\000r\000\040\000r\000e\000c\000u\000r\000s\000i\000o\000n\000\040\000p\000r\000o\000v\000e\000s}{section*.51}% 41
\BOOKMARK [2][-]{section*.57}{\376\377\0001\0000\000.\0003\000\040\000T\000h\000e\000\040\000d\000e\000p\000t\000h\000-\000u\000n\000i\000f\000o\000r\000m\000i\000t\000y\000\040\000b\000u\000d\000g\000e\000t}{section*.51}% 42
\BOOKMARK [1][-]{section*.58}{\376\377\0001\0001\000.\000\040\000N\000u\000m\000e\000r\000i\000c\000a\000l\000\040\000o\000b\000s\000e\000r\000v\000a\000t\000i\000o\000n\000s}{}% 43
\BOOKMARK [1][-]{section*.59}{\376\377\0001\0002\000.\000\040\000C\000o\000n\000c\000l\000u\000s\000i\000o\000n\000s\000\040\000a\000n\000d\000\040\000o\000p\000e\000n\000\040\000e\000s\000t\000i\000m\000a\000t\000e\000s}{}% 44
\BOOKMARK [1][-]{section*.60}{\376\377\000A\000p\000p\000e\000n\000d\000i\000x\000\040\000A\000.\000\040\000L\000e\000a\000n\000\040\000n\000a\000m\000e\000s}{}% 45
\BOOKMARK [1][-]{section*.61}{\376\377\000A\000p\000p\000e\000n\000d\000i\000x\000\040\000B\000.\000\040\000C\000o\000n\000s\000t\000a\000n\000t\000s\000\040\000a\000n\000d\000\040\000a\000r\000t\000i\000f\000a\000c\000t\000s}{}% 46
\BOOKMARK [1][-]{section*.62}{\376\377\000A\000p\000p\000e\000n\000d\000i\000x\000\040\000C\000.\000\040\000A\000n\000\040\000e\000a\000r\000l\000i\000e\000r\000\040\000c\000o\000n\000d\000i\000t\000i\000o\000n\000a\000l\000\040\000s\000t\000r\000e\000n\000g\000t\000h\000e\000n\000i\000n\000g}{}% 47
\BOOKMARK [2][-]{section*.63}{\376\377\000C\000.\0001\000\040\000T\000h\000e\000\040\000h\000y\000p\000o\000t\000h\000e\000s\000i\000s}{section*.62}% 48
\BOOKMARK [2][-]{section*.64}{\376\377\000C\000.\0002\000\040\000T\000h\000e\000\040\000O\000O\000E\000E\000E\000\040\000p\000r\000o\000d\000u\000c\000t\000i\000o\000n\000\040\000o\000n\000\040\000e\000v\000e\000n\000\040\000b\000l\000o\000c\000k\000s}{section*.62}% 49
\BOOKMARK [2][-]{section*.65}{\376\377\000C\000.\0003\000\040\000T\000h\000e\000\040\000i\000m\000p\000r\000o\000v\000e\000d\000\040\000e\000x\000p\000o\000n\000e\000n\000t}{section*.62}% 50
\BOOKMARK [1][-]{section*.66}{\376\377\000A\000p\000p\000e\000n\000d\000i\000x\000\040\000D\000.\000\040\000T\000h\000e\000\040\000f\000i\000n\000i\000t\000e\000\040\000n\000e\000s\000t\000e\000d\000\040\000p\000r\000o\000d\000u\000c\000t\000i\000o\000n\000s}{}% 51
\BOOKMARK [2][-]{section*.67}{\376\377\000D\000.\0001\000\040\000E\000x\000a\000c\000t\000\040\000e\000n\000d\000p\000o\000i\000n\000t\000s\000\040\000a\000n\000d\000\040\000s\000m\000o\000o\000t\000h\000\040\000w\000e\000i\000g\000h\000t\000s}{section*.66}% 52
\BOOKMARK [2][-]{section*.72}{\376\377\000D\000.\0002\000\040\000A\000v\000e\000r\000a\000g\000e\000d\000\040\000c\000a\000n\000c\000e\000l\000l\000a\000t\000i\000o\000n\000\040\000i\000n\000s\000i\000d\000e\000\040\000t\000h\000e\000\040\000s\000h\000o\000r\000t\000\040\000f\000i\000b\000e\000r\000s}{section*.66}% 53
\BOOKMARK [2][-]{section*.75}{\376\377\000D\000.\0003\000\040\000T\000h\000e\000\040\000f\000i\000n\000a\000l\000\040\000o\000n\000e\000-\000v\000a\000r\000i\000a\000b\000l\000e\000\040\000e\000s\000t\000i\000m\000a\000t\000e}{section*.66}% 54
\BOOKMARK [2][-]{section*.76}{\376\377\000D\000.\0004\000\040\000A\000s\000s\000e\000m\000b\000l\000y\000\040\000f\000o\000r\000\040\000t\000h\000e\000\040\000s\000i\000x\000\040\000w\000o\000r\000d\000s}{section*.66}% 55
\BOOKMARK [1][-]{section*.80}{\376\377\000A\000p\000p\000e\000n\000d\000i\000x\000\040\000E\000.\000\040\000A\000c\000t\000u\000a\000l\000\040\000O\000O\000E\000E\000\040\000p\000o\000o\000r\000-\000f\000i\000b\000e\000r\000\040\000t\000a\000i\000l}{}% 56
\BOOKMARK [2][-]{section*.81}{\376\377\000E\000.\0001\000\040\000S\000t\000a\000t\000e\000m\000e\000n\000t\000\040\000a\000n\000d\000\040\000e\000x\000a\000c\000t\000\040\000o\000b\000j\000e\000c\000t\000s}{section*.80}% 57
\BOOKMARK [2][-]{section*.86}{\376\377\000E\000.\0002\000\040\000C\000l\000a\000s\000s\000i\000c\000a\000l\000\040\000a\000n\000a\000l\000y\000t\000i\000c\000\040\000i\000n\000p\000u\000t\000s}{section*.80}% 58
\BOOKMARK [2][-]{section*.87}{\376\377\000E\000.\0003\000\040\000T\000h\000e\000\040\000s\000h\000o\000r\000t\000\040\000m\000i\000x\000e\000d\000\040\000e\000s\000t\000i\000m\000a\000t\000e}{section*.80}% 59
\BOOKMARK [3][-]{section*.89}{\376\377\000E\000.\0003\000.\0001\000\040\000T\000h\000e\000\040\000c\000a\000r\000r\000y\000\040\000a\000p\000p\000r\000o\000x\000i\000m\000a\000t\000i\000o\000n\000\040\000o\000n\000\040\000a\000\040\000s\000h\000o\000r\000t\000\040\000i\000n\000t\000e\000r\000v\000a\000l}{section*.87}% 60
\BOOKMARK [3][-]{section*.92}{\376\377\000E\000.\0003\000.\0002\000\040\000D\000i\000f\000f\000e\000r\000e\000n\000c\000i\000n\000g\000,\000\040\000w\000i\000t\000h\000\040\000a\000\040\000b\000o\000u\000n\000d\000e\000d\000\040\000n\000u\000m\000b\000e\000r\000\040\000o\000f\000\040\000c\000a\000r\000r\000y\000\040\000c\000e\000l\000l\000s}{section*.87}% 61
\BOOKMARK [3][-]{section*.98}{\376\377\000E\000.\0003\000.\0003\000\040\000E\000v\000e\000r\000y\000\040\000l\000o\000c\000a\000l\000\040\000e\000r\000r\000o\000r\000\040\000t\000e\000r\000m}{section*.87}% 62
\BOOKMARK [2][-]{section*.103}{\376\377\000E\000.\0004\000\040\000T\000h\000e\000\040\000p\000u\000r\000e\000\040\000s\000l\000o\000w\000\040\000m\000o\000d\000e\000s\000\040\000a\000n\000d\000\040\000t\000h\000e\000\040\000a\000c\000t\000u\000a\000l\000\040\000l\000a\000s\000t\000\040\000g\000u\000a\000r\000d}{section*.80}% 63
\BOOKMARK [2][-]{section*.108}{\376\377\000E\000.\0005\000\040\000J\000o\000i\000n\000t\000\040\000p\000a\000r\000i\000t\000y\000,\000\040\000r\000e\000s\000o\000n\000a\000n\000c\000e\000\040\000i\000n\000c\000l\000u\000s\000i\000o\000n\000,\000\040\000a\000n\000d\000\040\000t\000h\000e\000\040\000t\000a\000i\000l}{section*.80}% 64
\BOOKMARK [2][-]{section*.112}{\376\377\000E\000.\0006\000\040\000W\000h\000a\000t\000\040\000t\000h\000e\000\040\000c\000o\000e\000f\000f\000i\000c\000i\000e\000n\000t\000\040\000n\000o\000w\000\040\000s\000u\000p\000p\000l\000i\000e\000s}{section*.80}% 65
\BOOKMARK [1][-]{section*.114}{\376\377\000A\000c\000k\000n\000o\000w\000l\000e\000d\000g\000m\000e\000n\000t\000s\000\040\000a\000n\000d\000\040\000u\000s\000e\000\040\000o\000f\000\040\000A\000I}{}% 66
\BOOKMARK [1][-]{section*.115}{\376\377\000A\000v\000a\000i\000l\000a\000b\000i\000l\000i\000t\000y\000\040\000a\000n\000d\000\040\000v\000e\000r\000s\000i\000o\000n}{}% 67
\BOOKMARK [1][-]{section*.116}{\376\377\000R\000e\000f\000e\000r\000e\000n\000c\000e\000s}{}% 68
