\BOOKMARK [1][-]{section*.1}{\376\377\0001\000.\000\040\000I\000n\000t\000r\000o\000d\000u\000c\000t\000i\000o\000n}{}% 1
\BOOKMARK [2][-]{section*.2}{\376\377\0001\000.\0000\000\040\000M\000a\000i\000n\000\040\000r\000e\000s\000u\000l\000t\000s}{section*.1}% 2
\BOOKMARK [2][-]{section*.3}{\376\377\0001\000.\0001\000\040\000R\000e\000l\000a\000t\000e\000d\000\040\000w\000o\000r\000k}{section*.1}% 3
\BOOKMARK [2][-]{section*.4}{\376\377\0001\000.\0002\000\040\000V\000e\000r\000i\000f\000i\000c\000a\000t\000i\000o\000n}{section*.1}% 4
\BOOKMARK [2][-]{section*.5}{\376\377\0001\000.\0003\000\040\000N\000o\000t\000a\000t\000i\000o\000n}{section*.1}% 5
\BOOKMARK [1][-]{section*.6}{\376\377\0002\000.\000\040\000E\000n\000v\000e\000l\000o\000p\000e}{}% 6
\BOOKMARK [2][-]{section*.7}{\376\377\0002\000.\0004\000\040\000E\000x\000a\000c\000t\000\040\000f\000l\000o\000o\000r\000\040\000d\000e\000f\000e\000c\000t}{section*.6}% 7
\BOOKMARK [1][-]{section*.8}{\376\377\0003\000.\000\040\000S\000t\000r\000u\000c\000t\000u\000r\000a\000l\000\040\000r\000e\000s\000t\000r\000i\000c\000t\000i\000o\000n\000s\000\040\000o\000n\000\040\000c\000y\000c\000l\000e\000\040\000i\000t\000i\000n\000e\000r\000a\000r\000i\000e\000s}{}% 8
\BOOKMARK [2][-]{section*.9}{\376\377\0003\000.\0009\000\040\000O\000n\000e\000\040\000i\000n\000e\000q\000u\000a\000l\000i\000t\000y\000\040\000b\000e\000h\000i\000n\000d\000\040\000t\000h\000e\000\040\000e\000l\000e\000v\000e\000n\000\040\000e\000x\000c\000l\000u\000s\000i\000o\000n\000s}{section*.8}% 9
\BOOKMARK [2][-]{section*.10}{\376\377\0003\000.\0001\0000\000\040\000C\000y\000c\000l\000e\000\040\000o\000r\000d\000e\000r\000\040\000b\000e\000l\000o\000w\000\040\000t\000h\000e\000\040\000c\000u\000b\000i\000c\000\040\000h\000e\000i\000g\000h\000t}{section*.8}% 10
\BOOKMARK [2][-]{section*.22}{\376\377\0003\000.\0001\0001\000.\000\040\000A\000\040\000p\000e\000r\000i\000o\000d\000i\000c\000\040\000r\000e\000t\000u\000r\000n\000\040\000b\000o\000u\000n\000d\000a\000r\000y\000\040\000a\000n\000d\000\040\000a\000\040\000s\000h\000a\000r\000p\000e\000r\000\040\000h\000e\000i\000g\000h\000t\000\040\000c\000e\000i\000l\000i\000n\000g}{section*.8}% 11
\BOOKMARK [2][-]{section*.28}{\376\377\0003\000.\0001\0002\000.\000\040\000S\000u\000c\000c\000e\000s\000s\000i\000v\000e\000\040\000r\000e\000t\000u\000r\000n\000\040\000g\000a\000p\000s\000\040\000a\000n\000d\000\040\000l\000a\000r\000g\000e\000r\000\040\000h\000e\000i\000g\000h\000t\000\040\000e\000x\000c\000l\000u\000s\000i\000o\000n\000s}{section*.8}% 12
\BOOKMARK [2][-]{section*.32}{\376\377\0003\000.\0001\0003\000.\000\040\000T\000h\000e\000\040\000t\000e\000r\000m\000i\000n\000a\000l\000\040\000m\000i\000x\000e\000d\000\040\000p\000a\000s\000s\000a\000g\000e}{section*.8}% 13
\BOOKMARK [1][-]{section*.35}{\376\377\0004\000.\000\040\000C\000y\000c\000l\000e\000\040\000f\000i\000n\000a\000n\000c\000e}{}% 14
\BOOKMARK [2][-]{section*.36}{\376\377\000T\000h\000e\000\040\000e\000x\000c\000u\000r\000s\000i\000o\000n\000\040\000n\000e\000c\000k\000l\000a\000c\000e}{section*.35}% 15
\BOOKMARK [3][-]{section*.37}{\376\377\000C\000y\000c\000l\000e\000\040\000m\000i\000n\000i\000m\000u\000m\000\040\000a\000n\000d\000\040\000t\000h\000e\000\040\000f\000o\000r\000c\000e\000d\000\040\000l\000i\000f\000t}{section*.36}% 16
\BOOKMARK [3][-]{section*.38}{\376\377\000E\000x\000c\000u\000r\000s\000i\000o\000n\000s\000,\000\040\000v\000a\000l\000l\000e\000y\000s\000,\000\040\000a\000n\000d\000\040\000p\000e\000a\000k\000s}{section*.36}% 17
\BOOKMARK [3][-]{section*.39}{\376\377\000C\000l\000o\000s\000u\000r\000e\000\040\000a\000n\000d\000\040\000t\000h\000e\000\040\000e\000n\000t\000r\000y\000\040\000o\000n\000e\000-\000s\000t\000e\000p\000\040\000p\000r\000e\000i\000m\000a\000g\000e}{section*.36}% 18
\BOOKMARK [3][-]{section*.40}{\376\377\000W\000h\000a\000t\000\040\000r\000e\000m\000a\000i\000n\000s}{section*.36}% 19
\BOOKMARK [2][-]{section*.41}{\376\377\000R\000u\000n\000\040\000p\000a\000c\000k\000i\000n\000g}{section*.35}% 20
\BOOKMARK [2][-]{section*.42}{\376\377\000T\000h\000e\000\040\000p\000a\000c\000k\000i\000n\000g\000\040\000h\000y\000p\000o\000t\000h\000e\000s\000i\000s\000\040\000a\000n\000d\000\040\000i\000t\000s\000\040\000p\000r\000i\000c\000e}{section*.35}% 21
\BOOKMARK [2][-]{section*.43}{\376\377\000A\000r\000i\000t\000h\000m\000e\000t\000i\000c\000\040\000s\000t\000r\000u\000c\000t\000u\000r\000e\000\040\000o\000f\000\040\000t\000h\000e\000\040\000f\000i\000n\000a\000n\000c\000e\000\040\000s\000u\000r\000v\000i\000v\000o\000r\000s}{section*.35}% 22
\BOOKMARK [2][-]{section*.44}{\376\377\000T\000h\000e\000\040\000g\000a\000p\000\040\000t\000r\000a\000n\000s\000f\000e\000r\000\040\000a\000n\000d\000\040\000t\000h\000e\000\040\000s\000h\000o\000r\000t\000-\000c\000y\000c\000l\000e\000\040\000r\000e\000d\000u\000c\000t\000i\000o\000n}{section*.35}% 23
\BOOKMARK [1][-]{section*.45}{\376\377\0005\000.\000\040\000T\000h\000e\000\040\000l\000a\000b\000o\000r\000a\000t\000o\000r\000y\000\040\000i\000n\000s\000t\000a\000n\000c\000e\000\040\000a\000n\000d\000\040\000t\000h\000e\000\040\000w\000a\000l\000k\000-\000c\000h\000a\000r\000g\000e\000\040\000e\000n\000v\000e\000l\000o\000p\000e}{}% 24
\BOOKMARK [2][-]{section*.46}{\376\377\0005\000.\0001\000\040\000T\000h\000e\000\040\000l\000a\000b\000o\000r\000a\000t\000o\000r\000y\000\040\000f\000l\000o\000o\000r}{section*.45}% 25
\BOOKMARK [2][-]{section*.47}{\376\377\0005\000.\0002\000\040\000T\000r\000a\000n\000s\000p\000o\000r\000t\000\040\000t\000o\000\040\000a\000\040\000r\000e\000d\000u\000c\000e\000d\000\040\000b\000a\000s\000e}{section*.45}% 26
\BOOKMARK [2][-]{section*.48}{\376\377\0005\000.\0003\000\040\000T\000h\000e\000\040\000a\000d\000v\000e\000r\000s\000a\000r\000y\000\040\000i\000s\000\040\000t\000h\000e\000\040\000h\000u\000g\000\040\000i\000t\000i\000n\000e\000r\000a\000r\000y}{section*.45}% 27
\BOOKMARK [2][-]{section*.49}{\376\377\0005\000.\0004\000\040\000I\000t\000i\000n\000e\000r\000a\000r\000y\000\040\000i\000d\000e\000n\000t\000i\000t\000y}{section*.45}% 28
\BOOKMARK [2][-]{section*.50}{\376\377\0005\000.\0005\000\040\000D\000e\000n\000j\000o\000y\040\023\000K\000o\000k\000s\000m\000a\000\040\000o\000v\000e\000r\000\040\000c\000e\000r\000t\000i\000f\000i\000e\000d\000\040\000O\000s\000t\000r\000o\000w\000s\000k\000i\000\040\000b\000l\000o\000c\000k\000s}{section*.45}% 29
\BOOKMARK [2][-]{section*.51}{\376\377\0005\000.\0006\000\040\000T\000h\000e\000\040\000w\000i\000n\000d\000o\000w\000\040\000t\000h\000e\000o\000r\000e\000m}{section*.45}% 30
\BOOKMARK [2][-]{section*.52}{\376\377\0005\000.\0007\000\040\000K\000i\000l\000l\000\040\000t\000a\000b\000l\000e\000\040\000a\000n\000d\000\040\000t\000h\000e\000\040\000p\000e\000r\000i\000o\000d\000\040\000b\000o\000u\000n\000d}{section*.45}% 31
\BOOKMARK [2][-]{section*.53}{\376\377\0005\000.\0008\000\040\000T\000h\000e\000\040\000p\000r\000i\000c\000e\000\040\000o\000f\000\040\000t\000h\000e\000\040\000f\000a\000n}{section*.45}% 32
\BOOKMARK [1][-]{section*.54}{\376\377\0006\000.\000\040\000L\000i\000m\000i\000t\000a\000t\000i\000o\000n\000s\000\040\000a\000n\000d\000\040\000f\000u\000t\000u\000r\000e\000\040\000d\000i\000r\000e\000c\000t\000i\000o\000n\000s}{}% 33
\BOOKMARK [2][-]{section*.55}{\376\377\0006\000.\0001\000\040\000R\000e\000l\000a\000t\000i\000o\000n\000\040\000t\000o\000\040\000t\000h\000e\000\040\000c\000o\000m\000p\000a\000n\000i\000o\000n\000\040\000m\000a\000n\000u\000s\000c\000r\000i\000p\000t\000s}{section*.54}% 34
\BOOKMARK [2][-]{section*.56}{\376\377\0006\000.\0002\000\040\000S\000c\000o\000p\000e\000\040\000o\000f\000\040\000t\000h\000e\000\040\000m\000e\000t\000h\000o\000d\000'\000s\000\040\000l\000i\000m\000i\000t\000a\000t\000i\000o\000n\000s}{section*.54}% 35
\BOOKMARK [2][-]{section*.57}{\376\377\0006\000.\0003\000\040\000A\000b\000s\000o\000l\000u\000t\000e\000\040\000u\000p\000p\000e\000r\000\040\000c\000e\000l\000l\000s\000\040\000a\000n\000d\000\040\000t\000h\000e\000\040\000r\000e\000m\000a\000i\000n\000i\000n\000g\000\040\000s\000i\000g\000n\000e\000d\000-\000l\000o\000s\000s\000\040\000q\000u\000e\000s\000t\000i\000o\000n}{section*.54}% 36
\BOOKMARK [1][-]{section*.65}{\376\377\000A\000p\000p\000e\000n\000d\000i\000x\000\040\000A\000.\000\040\000L\000e\000a\000n\000\040\000n\000a\000m\000e\000s\000\040\000a\000n\000d\000\040\000t\000r\000u\000s\000t\000\040\000b\000o\000u\000n\000d\000a\000r\000y}{}% 37
\BOOKMARK [1][-]{section*.66}{\376\377\000A\000p\000p\000e\000n\000d\000i\000x\000\040\000B\000.\000\040\000A\000d\000m\000i\000s\000s\000i\000b\000l\000e\000\040\000l\000e\000n\000g\000t\000h\000s}{}% 38
\BOOKMARK [1][-]{section*.67}{\376\377\000A\000p\000p\000e\000n\000d\000i\000x\000\040\000C\000.\000\040\000E\000x\000a\000c\000t\000\040\000f\000l\000o\000o\000r\000\040\000d\000e\000f\000e\000c\000t}{}% 39
\BOOKMARK [1][-]{section*.68}{\376\377\000A\000p\000p\000e\000n\000d\000i\000x\000\040\000D\000.\000\040\000F\000a\000m\000i\000l\000y\000\040\000e\000x\000c\000l\000u\000s\000i\000o\000n\000s}{}% 40
\BOOKMARK [1][-]{section*.69}{\376\377\000A\000p\000p\000e\000n\000d\000i\000x\000\040\000E\000.\000\040\000A\000b\000s\000o\000l\000u\000t\000e\000\040\000r\000e\000t\000u\000r\000n\000\040\000c\000e\000l\000l\000s\000\040\000a\000n\000d\000\040\000p\000a\000r\000i\000t\000y\000\040\000o\000b\000s\000t\000r\000u\000c\000t\000i\000o\000n\000s}{}% 41
\BOOKMARK [2][-]{section*.70}{\376\377\000E\000.\0001\000.\000\040\000E\000x\000a\000c\000t\000\040\000s\000h\000o\000r\000t\000-\000r\000e\000t\000u\000r\000n\000\040\000e\000n\000d\000p\000o\000i\000n\000t\000s}{section*.69}% 42
\BOOKMARK [2][-]{section*.71}{\376\377\000E\000.\0002\000.\000\040\000E\000u\000c\000l\000i\000d\000e\000a\000n\000\040\000r\000e\000t\000u\000r\000n\000\040\000w\000o\000r\000d\000s\000\040\000r\000e\000t\000a\000i\000n\000\040\000t\000h\000e\000\040\000c\000o\000m\000p\000l\000e\000t\000e\000\040\000g\000u\000a\000r\000d}{section*.69}% 43
\BOOKMARK [2][-]{section*.72}{\376\377\000E\000.\0003\000.\000\040\000A\000n\000\040\000e\000x\000a\000c\000t\000\040\000q\000u\000o\000t\000i\000e\000n\000t\000\040\000f\000o\000r\000m\000\040\000a\000n\000d\000\040\000i\000t\000s\000\040\000f\000a\000i\000l\000e\000d\000\040\000p\000o\000w\000e\000r\000\040\000s\000u\000b\000s\000t\000i\000t\000u\000t\000i\000o\000n}{section*.69}% 44
\BOOKMARK [2][-]{section*.73}{\376\377\000E\000.\0004\000.\000\040\000T\000h\000e\000\040\000p\000o\000l\000y\000n\000o\000m\000i\000a\000l\000\040\000g\000r\000o\000w\000t\000h\000\040\000f\000a\000m\000i\000l\000y\000\040\000h\000a\000s\000\040\000n\000o\000\040\000i\000n\000f\000i\000n\000i\000t\000e\000\040\000e\000x\000a\000c\000t\000\040\000c\000h\000a\000i\000n}{section*.69}% 45
\BOOKMARK [2][-]{section*.74}{\376\377\000E\000.\0005\000.\000\040\000R\000e\000t\000a\000i\000n\000i\000n\000g\000\040\000t\000h\000e\000\040\000e\000x\000a\000c\000t\000\040\000f\000i\000r\000s\000t\000\040\000r\000e\000m\000a\000i\000n\000d\000e\000r\000\040\000r\000e\000p\000a\000i\000r\000s\000\040\000t\000h\000e\000\040\000s\000h\000o\000r\000t\000\040\000q\000u\000o\000t\000i\000e\000n\000t}{section*.69}% 46
\BOOKMARK [2][-]{section*.76}{\376\377\000E\000.\0006\000.\000\040\000F\000i\000x\000e\000d\000\040\000r\000e\000s\000i\000d\000u\000e\000s\000\040\000d\000o\000\040\000n\000o\000t\000\040\000d\000e\000t\000e\000r\000m\000i\000n\000e\000\040\000t\000h\000e\000\040\000h\000i\000d\000d\000e\000n\000\040\000g\000u\000a\000r\000d}{section*.69}% 47
\BOOKMARK [2][-]{section*.77}{\376\377\000E\000.\0007\000.\000\040\000F\000u\000l\000l\000\040\000a\000r\000i\000t\000h\000m\000e\000t\000i\000c\000\040\000d\000o\000m\000a\000i\000n\000s\000\040\000c\000a\000n\000n\000o\000t\000\040\000p\000r\000e\000s\000e\000r\000v\000e\000\040\000e\000v\000e\000r\000y\000\040\000O\000O\000E\000\040\000r\000e\000t\000u\000r\000n}{section*.69}% 48
\BOOKMARK [1][-]{section*.81}{\376\377\000A\000p\000p\000e\000n\000d\000i\000x\000\040\000F\000.\000\040\000S\000u\000c\000c\000e\000s\000s\000i\000v\000e\000\040\000g\000a\000p\000s\000\040\000a\000n\000d\000\040\000t\000e\000r\000m\000i\000n\000a\000l\000\040\000r\000e\000t\000u\000r\000n\000\040\000w\000o\000r\000d\000s}{}% 49
\BOOKMARK [2][-]{section*.82}{\376\377\000F\000.\0001\000.\000\040\000A\000\040\000g\000e\000n\000e\000r\000a\000l\000\040\000f\000l\000o\000o\000r\000-\000l\000o\000s\000s\000\040\000a\000n\000d\000\040\000p\000a\000i\000r\000e\000d\000-\000g\000a\000p\000\040\000c\000e\000r\000t\000i\000f\000i\000c\000a\000t\000e}{section*.81}% 50
\BOOKMARK [2][-]{section*.86}{\376\377\000F\000.\0002\000.\000\040\000T\000w\000o\000\040\000t\000r\000a\000n\000s\000f\000e\000r\000s\000\040\000t\000h\000r\000o\000u\000g\000h\000\040\000t\000h\000e\000\040\000f\000i\000r\000s\000t\000\040\000c\000o\000n\000t\000r\000a\000c\000t\000i\000n\000g\000\040\000w\000o\000r\000d}{section*.81}% 51
\BOOKMARK [2][-]{section*.92}{\376\377\000F\000.\0003\000.\000\040\000T\000h\000e\000\040\000n\000e\000x\000t\000\040\000b\000a\000t\000c\000h\000\040\000a\000n\000d\000\040\000t\000h\000e\000\040\0006\0005\000-\000l\000e\000t\000t\000e\000r\000\040\000r\000e\000t\000u\000r\000n}{section*.81}% 52
\BOOKMARK [2][-]{section*.95}{\376\377\000F\000.\0004\000.\000\040\000T\000r\000a\000n\000s\000p\000o\000r\000t\000i\000n\000g\000\040\000a\000\040\000s\000e\000a\000m\000\040\000g\000a\000p\000\040\000t\000o\000\040\000t\000h\000e\000\040\000m\000a\000x\000i\000m\000u\000m}{section*.81}% 53
\BOOKMARK [2][-]{section*.97}{\376\377\000F\000.\0005\000.\000\040\000T\000h\000e\000\040\000t\000e\000r\000m\000i\000n\000a\000l\000\040\000m\000i\000x\000e\000d\000-\000w\000o\000r\000d\000\040\000p\000a\000s\000s\000a\000g\000e}{section*.81}% 54
\BOOKMARK [2][-]{section*.102}{\376\377\000F\000.\0006\000.\000\040\000T\000h\000e\000\040\000l\000i\000m\000i\000t\000a\000t\000i\000o\000n\000\040\000o\000f\000\040\000a\000\040\000f\000i\000x\000e\000d\000-\000m\000i\000n\000i\000m\000u\000m\000\040\000c\000e\000r\000t\000i\000f\000i\000c\000a\000t\000e}{section*.81}% 55
\BOOKMARK [1][-]{section*.104}{\376\377\0007\000.\000\040\000A\000c\000k\000n\000o\000w\000l\000e\000d\000g\000m\000e\000n\000t\000s\000\040\000a\000n\000d\000\040\000u\000s\000e\000\040\000o\000f\000\040\000A\000I}{}% 56
\BOOKMARK [1][-]{section*.105}{\376\377\000R\000e\000f\000e\000r\000e\000n\000c\000e\000s}{}% 57
