# progress.log
start 2026-09-20T17:23:53Z gcc=13.3.0 nproc=24 binary_sha256=351033e8a7889702 source_sha256=f7a150b6904ba43b
17:29:27 chunk 2 [1443109011456,1614907703296) rc=0 secs=334 fails=0 new_cycles=0
17:29:32 chunk 10 [2817498546176,2989297238016) rc=0 secs=339 fails=0 new_cycles=0
17:29:39 chunk 3 [1614907703296,1786706395136) rc=0 secs=346 fails=0 new_cycles=0
17:29:46 chunk 14 [3504693313536,3676492005376) rc=0 secs=353 fails=0 new_cycles=0
17:29:46 chunk 1 [1271310319616,1443109011456) rc=0 secs=353 fails=0 new_cycles=0
17:29:51 chunk 7 [2302102470656,2473901162496) rc=0 secs=358 fails=0 new_cycles=0
17:30:02 chunk 11 [2989297238016,3161095929856) rc=0 secs=369 fails=0 new_cycles=0
17:30:03 chunk 8 [2473901162496,2645699854336) rc=0 secs=370 fails=0 new_cycles=0
17:30:13 chunk 9 [2645699854336,2817498546176) rc=0 secs=380 fails=0 new_cycles=0
17:30:16 chunk 0 [1099511627776,1271310319616) rc=0 secs=383 fails=0 new_cycles=0
17:30:16 chunk 23 [5050881540096,5222680231936) rc=0 secs=383 fails=0 new_cycles=0
17:30:17 chunk 12 [3161095929856,3332894621696) rc=0 secs=384 fails=0 new_cycles=0
17:30:20 chunk 6 [2130303778816,2302102470656) rc=0 secs=387 fails=0 new_cycles=0
17:30:23 chunk 13 [3332894621696,3504693313536) rc=0 secs=390 fails=0 new_cycles=0
17:30:32 chunk 19 [4363686772736,4535485464576) rc=0 secs=399 fails=0 new_cycles=0
17:31:10 chunk 5 [1958505086976,2130303778816) rc=0 secs=437 fails=0 new_cycles=0
17:31:19 chunk 16 [3848290697216,4020089389056) rc=0 secs=446 fails=0 new_cycles=0
17:31:31 chunk 20 [4535485464576,4707284156416) rc=0 secs=458 fails=0 new_cycles=0
17:31:47 chunk 22 [4879082848256,5050881540096) rc=0 secs=474 fails=0 new_cycles=0
17:31:50 chunk 4 [1786706395136,1958505086976) rc=0 secs=477 fails=0 new_cycles=0
17:32:02 chunk 17 [4020089389056,4191888080896) rc=0 secs=489 fails=0 new_cycles=0
17:32:32 chunk 21 [4707284156416,4879082848256) rc=0 secs=519 fails=0 new_cycles=0
17:32:57 chunk 18 [4191888080896,4363686772736) rc=0 secs=544 fails=0 new_cycles=0
17:34:11 chunk 15 [3676492005376,3848290697216) rc=0 secs=618 fails=0 new_cycles=0
17:35:07 chunk 27 [5738076307456,5909874999296) rc=0 secs=321 fails=0 new_cycles=0
17:35:07 chunk 24 [5222680231936,5394478923776) rc=0 secs=340 fails=0 new_cycles=0
17:35:24 chunk 31 [6425271074816,6597069766656) rc=0 secs=321 fails=0 new_cycles=0
17:35:24 chunk 28 [5909874999296,6081673691136) rc=0 secs=338 fails=0 new_cycles=0
17:35:26 chunk 25 [5394478923776,5566277615616) rc=0 secs=354 fails=0 new_cycles=0
17:35:37 chunk 35 [7112465842176,7284264534016) rc=0 secs=320 fails=0 new_cycles=0
17:35:39 chunk 29 [6081673691136,6253472382976) rc=0 secs=348 fails=0 new_cycles=0
17:35:41 chunk 30 [6253472382976,6425271074816) rc=0 secs=339 fails=0 new_cycles=0
17:35:55 chunk 38 [7627861917696,7799660609536) rc=0 secs=323 fails=0 new_cycles=0
17:36:03 chunk 32 [6597069766656,6768868458496) rc=0 secs=350 fails=0 new_cycles=0
17:36:06 chunk 34 [6940667150336,7112465842176) rc=0 secs=350 fails=0 new_cycles=0
17:36:20 chunk 26 [5566277615616,5738076307456) rc=0 secs=401 fails=0 new_cycles=0
17:36:33 chunk 33 [6768868458496,6940667150336) rc=0 secs=377 fails=0 new_cycles=0
17:36:51 chunk 39 [7799660609536,7971459301376) rc=0 secs=341 fails=0 new_cycles=0
17:37:04 chunk 37 [7456063225856,7627861917696) rc=0 secs=401 fails=0 new_cycles=0
17:37:20 chunk 40 [7971459301376,8143257993216) rc=0 secs=361 fails=0 new_cycles=0
17:37:38 chunk 36 [7284264534016,7456063225856) rc=0 secs=438 fails=0 new_cycles=0
17:37:51 chunk 44 [8658654068736,8830452760576) rc=0 secs=349 fails=0 new_cycles=0
17:38:20 chunk 43 [8486855376896,8658654068736) rc=0 secs=390 fails=0 new_cycles=0
17:38:55 chunk 46 [9002251452416,9174050144256) rc=0 secs=358 fails=0 new_cycles=0
17:39:12 chunk 41 [8143257993216,8315056685056) rc=0 secs=461 fails=0 new_cycles=0
17:39:21 chunk 42 [8315056685056,8486855376896) rc=0 secs=454 fails=0 new_cycles=0
17:40:00 chunk 45 [8830452760576,9002251452416) rc=0 secs=448 fails=0 new_cycles=0
17:40:35 chunk 49 [9517647527936,9689446219776) rc=0 secs=328 fails=0 new_cycles=0
17:40:39 chunk 50 [9689446219776,9861244911616) rc=0 secs=315 fails=0 new_cycles=0
17:41:15 chunk 52 [10033043603456,10204842295296) rc=0 secs=349 fails=0 new_cycles=0
17:41:17 chunk 56 [10720238370816,10892037062656) rc=0 secs=322 fails=0 new_cycles=0
17:41:24 chunk 55 [10548439678976,10720238370816) rc=0 secs=343 fails=0 new_cycles=0
17:41:30 chunk 58 [11063835754496,11235634446336) rc=0 secs=324 fails=0 new_cycles=0
17:41:36 chunk 48 [9345848836096,9517647527936) rc=0 secs=389 fails=0 new_cycles=0
17:41:46 chunk 59 [11235634446336,11407433138176) rc=0 secs=326 fails=0 new_cycles=0
17:41:49 chunk 57 [10892037062656,11063835754496) rc=0 secs=346 fails=0 new_cycles=0
17:42:13 chunk 60 [11407433138176,11579231830016) rc=0 secs=340 fails=0 new_cycles=0
17:42:14 chunk 53 [10204842295296,10376640987136) rc=0 secs=397 fails=0 new_cycles=0
17:42:21 chunk 51 [9861244911616,10033043603456) rc=0 secs=417 fails=0 new_cycles=0
17:42:26 chunk 54 [10376640987136,10548439678976) rc=0 secs=407 fails=0 new_cycles=0
17:42:53 chunk 63 [11922829213696,12094627905536) rc=0 secs=333 fails=0 new_cycles=0
17:43:00 chunk 62 [11751030521856,11922829213696) rc=0 secs=356 fails=0 new_cycles=0
17:43:05 chunk 61 [11579231830016,11751030521856) rc=0 secs=374 fails=0 new_cycles=0
17:43:18 chunk 47 [9174050144256,9345848836096) rc=0 secs=547 fails=0 new_cycles=0
17:43:41 chunk 64 [12094627905536,12266426597376) rc=0 secs=363 fails=0 new_cycles=0
17:44:06 chunk 65 [12266426597376,12438225289216) rc=0 secs=375 fails=0 new_cycles=0
17:44:29 chunk 66 [12438225289216,12610023981056) rc=0 secs=369 fails=0 new_cycles=0
17:44:46 chunk 67 [12610023981056,12781822672896) rc=0 secs=351 fails=0 new_cycles=0
17:44:56 chunk 69 [12953621364736,13125420056576) rc=0 secs=335 fails=0 new_cycles=0
17:45:03 chunk 68 [12781822672896,12953621364736) rc=0 secs=351 fails=0 new_cycles=0
17:46:46 chunk 74 [13812614823936,13984413515776) rc=0 secs=329 fails=0 new_cycles=0
17:46:49 chunk 73 [13640816132096,13812614823936) rc=0 secs=334 fails=0 new_cycles=0
17:46:53 chunk 72 [13469017440256,13640816132096) rc=0 secs=374 fails=0 new_cycles=0
17:47:04 chunk 77 [14328010899456,14499809591296) rc=0 secs=328 fails=0 new_cycles=0
17:47:11 chunk 76 [14156212207616,14328010899456) rc=0 secs=341 fails=0 new_cycles=0
17:47:19 chunk 75 [13984413515776,14156212207616) rc=0 secs=355 fails=0 new_cycles=0
17:47:25 chunk 78 [14499809591296,14671608283136) rc=0 secs=339 fails=0 new_cycles=0
17:47:41 chunk 80 [14843406974976,15015205666816) rc=0 secs=328 fails=0 new_cycles=0
17:47:51 chunk 81 [15015205666816,15187004358656) rc=0 secs=337 fails=0 new_cycles=0
17:47:58 chunk 70 [13125420056576,13297218748416) rc=0 secs=478 fails=0 new_cycles=0
17:48:04 chunk 83 [15358803050496,15530601742336) rc=0 secs=338 fails=0 new_cycles=0
17:48:05 chunk 71 [13297218748416,13469017440256) rc=0 secs=450 fails=0 new_cycles=0
17:48:06 chunk 82 [15187004358656,15358803050496) rc=0 secs=345 fails=0 new_cycles=0
17:48:19 chunk 79 [14671608283136,14843406974976) rc=0 secs=390 fails=0 new_cycles=0
17:48:35 chunk 86 [15874199126016,16045997817856) rc=0 secs=330 fails=0 new_cycles=0
17:48:40 chunk 85 [15702400434176,15874199126016) rc=0 secs=340 fails=0 new_cycles=0
17:48:49 chunk 88 [16217796509696,16389595201536) rc=0 secs=308 fails=0 new_cycles=0
17:48:53 chunk 87 [16045997817856,16217796509696) rc=0 secs=335 fails=0 new_cycles=0
17:49:12 chunk 89 [16389595201536,16561393893376) rc=0 secs=306 fails=0 new_cycles=0
17:49:30 chunk 90 [16561393893376,16733192585216) rc=0 secs=301 fails=0 new_cycles=0
17:49:41 chunk 84 [15530601742336,15702400434176) rc=0 secs=408 fails=0 new_cycles=0
17:49:45 chunk 92 [16904991277056,17076789968896) rc=0 secs=289 fails=0 new_cycles=0
17:50:19 chunk 91 [16733192585216,16904991277056) rc=0 secs=333 fails=0 new_cycles=0
17:50:25 chunk 93 [17076789968896,17248588660736) rc=0 secs=322 fails=0 new_cycles=0
17:50:52 chunk 95 [17420387352576,17592186044416) rc=0 secs=243 fails=0 new_cycles=0
17:51:01 chunk 94 [17248588660736,17420387352576) rc=0 secs=255 fails=0 new_cycles=0
end 2026-09-20T17:51:01Z

# chunk 16 [1099511627776, 1271310319616) seconds=383
limit=1271310319616 walked=2934589440 skipped=82964756480 fails=0 new_cycles=0 max_steps=560
peak_hi=2005 peak_lo=16883054379901108428

# chunk 17 [1271310319616, 1443109011456) seconds=353
limit=1443109011456 walked=2934589440 skipped=82964756480 fails=0 new_cycles=0 max_steps=576
peak_hi=14157 peak_lo=10246583814699952252

# chunk 18 [1443109011456, 1614907703296) seconds=334
limit=1614907703296 walked=2934589440 skipped=82964756480 fails=0 new_cycles=0 max_steps=544
peak_hi=14157 peak_lo=10246583814699952252

# chunk 19 [1614907703296, 1786706395136) seconds=346
limit=1786706395136 walked=2934589440 skipped=82964756480 fails=0 new_cycles=0 max_steps=555
peak_hi=14157 peak_lo=10246583814699952252

# chunk 20 [1786706395136, 1958505086976) seconds=477
limit=1958505086976 walked=2934589440 skipped=82964756480 fails=0 new_cycles=0 max_steps=541
peak_hi=14157 peak_lo=10246583814699952252

# chunk 21 [1958505086976, 2130303778816) seconds=437
limit=2130303778816 walked=2934589440 skipped=82964756480 fails=0 new_cycles=0 max_steps=560
peak_hi=126109 peak_lo=8415753222059620158

# chunk 22 [2130303778816, 2302102470656) seconds=387
limit=2302102470656 walked=2934589440 skipped=82964756480 fails=0 new_cycles=0 max_steps=560
peak_hi=3121 peak_lo=9773095069324017852

# chunk 23 [2302102470656, 2473901162496) seconds=358
limit=2473901162496 walked=2934589440 skipped=82964756480 fails=0 new_cycles=0 max_steps=560
peak_hi=14175 peak_lo=12050689649247560278

# chunk 24 [2473901162496, 2645699854336) seconds=370
limit=2645699854336 walked=2934589440 skipped=82964756480 fails=0 new_cycles=0 max_steps=608
peak_hi=14157 peak_lo=10246583814699952252

# chunk 25 [2645699854336, 2817498546176) seconds=380
limit=2817498546176 walked=2934589440 skipped=82964756480 fails=0 new_cycles=0 max_steps=624
peak_hi=6852 peak_lo=654692443524929662

# chunk 26 [2817498546176, 2989297238016) seconds=339
limit=2989297238016 walked=2934589440 skipped=82964756480 fails=0 new_cycles=0 max_steps=576
peak_hi=14157 peak_lo=10246583814699952252

# chunk 27 [2989297238016, 3161095929856) seconds=369
limit=3161095929856 walked=2934589440 skipped=82964756480 fails=0 new_cycles=0 max_steps=576
peak_hi=126109 peak_lo=8415753222059620158

# chunk 28 [3161095929856, 3332894621696) seconds=384
limit=3332894621696 walked=2934589440 skipped=82964756480 fails=0 new_cycles=0 max_steps=560
peak_hi=3423 peak_lo=8338615368047390086

# chunk 29 [3332894621696, 3504693313536) seconds=390
limit=3504693313536 walked=2934589440 skipped=82964756480 fails=0 new_cycles=0 max_steps=608
peak_hi=2905 peak_lo=18115445390612396190

# chunk 30 [3504693313536, 3676492005376) seconds=353
limit=3676492005376 walked=2934589440 skipped=82964756480 fails=0 new_cycles=0 max_steps=560
peak_hi=57582 peak_lo=6182743754030802598

# chunk 31 [3676492005376, 3848290697216) seconds=618
limit=3848290697216 walked=2934589440 skipped=82964756480 fails=0 new_cycles=0 max_steps=544
peak_hi=34952 peak_lo=17608787620732544240

# chunk 32 [3848290697216, 4020089389056) seconds=446
limit=4020089389056 walked=2934589440 skipped=82964756480 fails=0 new_cycles=0 max_steps=624
peak_hi=14157 peak_lo=10246583814699952252

# chunk 33 [4020089389056, 4191888080896) seconds=489
limit=4191888080896 walked=2934589440 skipped=82964756480 fails=0 new_cycles=0 max_steps=608
peak_hi=186215 peak_lo=9127829375666742998

# chunk 34 [4191888080896, 4363686772736) seconds=544
limit=4363686772736 walked=2934589440 skipped=82964756480 fails=0 new_cycles=0 max_steps=537
peak_hi=126109 peak_lo=8415753222059620158

# chunk 35 [4363686772736, 4535485464576) seconds=399
limit=4535485464576 walked=2934589440 skipped=82964756480 fails=0 new_cycles=0 max_steps=528
peak_hi=14157 peak_lo=10246583814699952252

# chunk 36 [4535485464576, 4707284156416) seconds=458
limit=4707284156416 walked=2934589440 skipped=82964756480 fails=0 new_cycles=0 max_steps=608
peak_hi=70418 peak_lo=9519803376388993400

# chunk 37 [4707284156416, 4879082848256) seconds=519
limit=4879082848256 walked=2934589440 skipped=82964756480 fails=0 new_cycles=0 max_steps=593
peak_hi=126109 peak_lo=8415753222059620158

# chunk 38 [4879082848256, 5050881540096) seconds=474
limit=5050881540096 walked=2934589440 skipped=82964756480 fails=0 new_cycles=0 max_steps=608
peak_hi=31771 peak_lo=10559960593347705456

# chunk 39 [5050881540096, 5222680231936) seconds=383
limit=5222680231936 walked=2934589440 skipped=82964756480 fails=0 new_cycles=0 max_steps=608
peak_hi=70418 peak_lo=9519803376388993400

# chunk 40 [5222680231936, 5394478923776) seconds=340
limit=5394478923776 walked=2934589440 skipped=82964756480 fails=0 new_cycles=0 max_steps=624
peak_hi=57582 peak_lo=6182743754030802598

# chunk 41 [5394478923776, 5566277615616) seconds=354
limit=5566277615616 walked=2934589440 skipped=82964756480 fails=0 new_cycles=0 max_steps=544
peak_hi=3928 peak_lo=5815861155307507536

# chunk 42 [5566277615616, 5738076307456) seconds=401
limit=5738076307456 walked=2934589440 skipped=82964756480 fails=0 new_cycles=0 max_steps=536
peak_hi=31771 peak_lo=10559960593347705456

# chunk 43 [5738076307456, 5909874999296) seconds=321
limit=5909874999296 walked=2934589440 skipped=82964756480 fails=0 new_cycles=0 max_steps=704
peak_hi=14157 peak_lo=10246583814699952252

# chunk 44 [5909874999296, 6081673691136) seconds=338
limit=6081673691136 walked=2934589440 skipped=82964756480 fails=0 new_cycles=0 max_steps=624
peak_hi=8421 peak_lo=18119213903437650544

# chunk 45 [6081673691136, 6253472382976) seconds=348
limit=6253472382976 walked=2934589440 skipped=82964756480 fails=0 new_cycles=0 max_steps=608
peak_hi=186215 peak_lo=9127829375666742998

# chunk 46 [6253472382976, 6425271074816) seconds=339
limit=6425271074816 walked=2934589440 skipped=82964756480 fails=0 new_cycles=0 max_steps=562
peak_hi=126109 peak_lo=8415753222059620158

# chunk 47 [6425271074816, 6597069766656) seconds=321
limit=6597069766656 walked=2934589440 skipped=82964756480 fails=0 new_cycles=0 max_steps=704
peak_hi=14157 peak_lo=10246583814699952252

# chunk 48 [6597069766656, 6768868458496) seconds=350
limit=6768868458496 walked=2934589440 skipped=82964756480 fails=0 new_cycles=0 max_steps=624
peak_hi=14175 peak_lo=12050689649247560278

# chunk 49 [6768868458496, 6940667150336) seconds=377
limit=6940667150336 walked=2934589440 skipped=82964756480 fails=0 new_cycles=0 max_steps=608
peak_hi=6852 peak_lo=654692443524929662

# chunk 50 [6940667150336, 7112465842176) seconds=350
limit=7112465842176 walked=2934589440 skipped=82964756480 fails=0 new_cycles=0 max_steps=560
peak_hi=126109 peak_lo=8415753222059620158

# chunk 51 [7112465842176, 7284264534016) seconds=320
limit=7284264534016 walked=2934589440 skipped=82964756480 fails=0 new_cycles=0 max_steps=608
peak_hi=22743 peak_lo=12512881630374896224

# chunk 52 [7284264534016, 7456063225856) seconds=438
limit=7456063225856 walked=2934589440 skipped=82964756480 fails=0 new_cycles=0 max_steps=560
peak_hi=39969 peak_lo=2824418868413727934

# chunk 53 [7456063225856, 7627861917696) seconds=401
limit=7627861917696 walked=2934589440 skipped=82964756480 fails=0 new_cycles=0 max_steps=560
peak_hi=8868 peak_lo=13407231374213377894

# chunk 54 [7627861917696, 7799660609536) seconds=323
limit=7799660609536 walked=2934589440 skipped=82964756480 fails=0 new_cycles=0 max_steps=592
peak_hi=70418 peak_lo=9519803376388993400

# chunk 55 [7799660609536, 7971459301376) seconds=341
limit=7971459301376 walked=2934589440 skipped=82964756480 fails=0 new_cycles=0 max_steps=624
peak_hi=6790 peak_lo=7626034477299952008

# chunk 56 [7971459301376, 8143257993216) seconds=361
limit=8143257993216 walked=2934589440 skipped=82964756480 fails=0 new_cycles=0 max_steps=608
peak_hi=57582 peak_lo=6182743754030802598

# chunk 57 [8143257993216, 8315056685056) seconds=461
limit=8315056685056 walked=2934589440 skipped=82964756480 fails=0 new_cycles=0 max_steps=598
peak_hi=186215 peak_lo=9127829375666742998

# chunk 58 [8315056685056, 8486855376896) seconds=454
limit=8486855376896 walked=2934589440 skipped=82964756480 fails=0 new_cycles=0 max_steps=517
peak_hi=57582 peak_lo=6182743754030802598

# chunk 59 [8486855376896, 8658654068736) seconds=390
limit=8658654068736 walked=2934589440 skipped=82964756480 fails=0 new_cycles=0 max_steps=560
peak_hi=34952 peak_lo=17608787620732544240

# chunk 60 [8658654068736, 8830452760576) seconds=349
limit=8830452760576 walked=2934589440 skipped=82964756480 fails=0 new_cycles=0 max_steps=560
peak_hi=14157 peak_lo=10246583814699952252

# chunk 61 [8830452760576, 9002251452416) seconds=448
limit=9002251452416 walked=2934589440 skipped=82964756480 fails=0 new_cycles=0 max_steps=592
peak_hi=34952 peak_lo=17608787620732544240

# chunk 62 [9002251452416, 9174050144256) seconds=358
limit=9174050144256 walked=2934589440 skipped=82964756480 fails=0 new_cycles=0 max_steps=604
peak_hi=39058 peak_lo=14107443428606809920

# chunk 63 [9174050144256, 9345848836096) seconds=547
limit=9345848836096 walked=2934589440 skipped=82964756480 fails=0 new_cycles=0 max_steps=608
peak_hi=186215 peak_lo=9127829375666742998

# chunk 64 [9345848836096, 9517647527936) seconds=389
limit=9517647527936 walked=2934589440 skipped=82964756480 fails=0 new_cycles=0 max_steps=561
peak_hi=458969 peak_lo=16244369751822741344

# chunk 65 [9517647527936, 9689446219776) seconds=328
limit=9689446219776 walked=2934589440 skipped=82964756480 fails=0 new_cycles=0 max_steps=603
peak_hi=117247 peak_lo=8619942310052939208

# chunk 66 [9689446219776, 9861244911616) seconds=315
limit=9861244911616 walked=2934589440 skipped=82964756480 fails=0 new_cycles=0 max_steps=704
peak_hi=88431 peak_lo=16789215464939841016

# chunk 67 [9861244911616, 10033043603456) seconds=417
limit=10033043603456 walked=2934589440 skipped=82964756480 fails=0 new_cycles=0 max_steps=576
peak_hi=19993 peak_lo=5145295448962266228

# chunk 68 [10033043603456, 10204842295296) seconds=349
limit=10204842295296 walked=2934589440 skipped=82964756480 fails=0 new_cycles=0 max_steps=624
peak_hi=202430 peak_lo=3476134323613333328

# chunk 69 [10204842295296, 10376640987136) seconds=397
limit=10376640987136 walked=2934589440 skipped=82964756480 fails=0 new_cycles=0 max_steps=544
peak_hi=70418 peak_lo=9519803376388993400

# chunk 70 [10376640987136, 10548439678976) seconds=407
limit=10548439678976 walked=2934589440 skipped=82964756480 fails=0 new_cycles=0 max_steps=560
peak_hi=62568 peak_lo=16951417841538269416

# chunk 71 [10548439678976, 10720238370816) seconds=343
limit=10720238370816 walked=2934589440 skipped=82964756480 fails=0 new_cycles=0 max_steps=592
peak_hi=458969 peak_lo=16244369751822741344

# chunk 72 [10720238370816, 10892037062656) seconds=322
limit=10892037062656 walked=2934589440 skipped=82964756480 fails=0 new_cycles=0 max_steps=590
peak_hi=181702 peak_lo=255002584301892948

# chunk 73 [10892037062656, 11063835754496) seconds=346
limit=11063835754496 walked=2934589440 skipped=82964756480 fails=0 new_cycles=0 max_steps=704
peak_hi=542708 peak_lo=16115562688689479924

# chunk 74 [11063835754496, 11235634446336) seconds=324
limit=11235634446336 walked=2934589440 skipped=82964756480 fails=0 new_cycles=0 max_steps=576
peak_hi=39969 peak_lo=2824418868413727934

# chunk 75 [11235634446336, 11407433138176) seconds=326
limit=11407433138176 walked=2934589440 skipped=82964756480 fails=0 new_cycles=0 max_steps=621
peak_hi=19993 peak_lo=5145295448962266228

# chunk 76 [11407433138176, 11579231830016) seconds=340
limit=11579231830016 walked=2934589440 skipped=82964756480 fails=0 new_cycles=0 max_steps=635
peak_hi=28998 peak_lo=2242190425123962622

# chunk 77 [11579231830016, 11751030521856) seconds=374
limit=11751030521856 walked=2934589440 skipped=82964756480 fails=0 new_cycles=0 max_steps=544
peak_hi=70418 peak_lo=9519803376388993400

# chunk 78 [11751030521856, 11922829213696) seconds=356
limit=11922829213696 walked=2934589440 skipped=82964756480 fails=0 new_cycles=0 max_steps=608
peak_hi=19993 peak_lo=5145295448962266228

# chunk 79 [11922829213696, 12094627905536) seconds=333
limit=12094627905536 walked=2934589440 skipped=82964756480 fails=0 new_cycles=0 max_steps=544
peak_hi=57582 peak_lo=6182743754030802598

# chunk 80 [12094627905536, 12266426597376) seconds=363
limit=12266426597376 walked=2934589440 skipped=82964756480 fails=0 new_cycles=0 max_steps=597
peak_hi=9164 peak_lo=1915230893227928420

# chunk 81 [12266426597376, 12438225289216) seconds=375
limit=12438225289216 walked=2934589440 skipped=82964756480 fails=0 new_cycles=0 max_steps=576
peak_hi=186215 peak_lo=9127829375666742998

# chunk 82 [12438225289216, 12610023981056) seconds=369
limit=12610023981056 walked=2934589440 skipped=82964756480 fails=0 new_cycles=0 max_steps=608
peak_hi=30394 peak_lo=5496624884308165014

# chunk 83 [12610023981056, 12781822672896) seconds=351
limit=12781822672896 walked=2934589440 skipped=82964756480 fails=0 new_cycles=0 max_steps=618
peak_hi=51407 peak_lo=1652587578156179528

# chunk 84 [12781822672896, 12953621364736) seconds=351
limit=12953621364736 walked=2934589440 skipped=82964756480 fails=0 new_cycles=0 max_steps=592
peak_hi=36826 peak_lo=11888348114692578984

# chunk 85 [12953621364736, 13125420056576) seconds=335
limit=13125420056576 walked=2934589440 skipped=82964756480 fails=0 new_cycles=0 max_steps=704
peak_hi=16385 peak_lo=12138488547979569662

# chunk 86 [13125420056576, 13297218748416) seconds=478
limit=13297218748416 walked=2934589440 skipped=82964756480 fails=0 new_cycles=0 max_steps=560
peak_hi=34952 peak_lo=17608787620732544240

# chunk 87 [13297218748416, 13469017440256) seconds=450
limit=13469017440256 walked=2934589440 skipped=82964756480 fails=0 new_cycles=0 max_steps=624
peak_hi=458969 peak_lo=16244369751822741344

# chunk 88 [13469017440256, 13640816132096) seconds=374
limit=13640816132096 walked=2934589440 skipped=82964756480 fails=0 new_cycles=0 max_steps=603
peak_hi=14175 peak_lo=12050689649247560278

# chunk 89 [13640816132096, 13812614823936) seconds=334
limit=13812614823936 walked=2934589440 skipped=82964756480 fails=0 new_cycles=0 max_steps=560
peak_hi=186215 peak_lo=9127829375666742998

# chunk 90 [13812614823936, 13984413515776) seconds=329
limit=13984413515776 walked=2934589440 skipped=82964756480 fails=0 new_cycles=0 max_steps=560
peak_hi=13107 peak_lo=14048044452187299070

# chunk 91 [13984413515776, 14156212207616) seconds=355
limit=14156212207616 walked=2934589440 skipped=82964756480 fails=0 new_cycles=0 max_steps=560
peak_hi=30394 peak_lo=5496624884308165014

# chunk 92 [14156212207616, 14328010899456) seconds=341
limit=14328010899456 walked=2934589440 skipped=82964756480 fails=0 new_cycles=0 max_steps=578
peak_hi=126109 peak_lo=8415753222059620158

# chunk 93 [14328010899456, 14499809591296) seconds=328
limit=14499809591296 walked=2934589440 skipped=82964756480 fails=0 new_cycles=0 max_steps=593
peak_hi=43055 peak_lo=564380825151008078

# chunk 94 [14499809591296, 14671608283136) seconds=339
limit=14671608283136 walked=2934589440 skipped=82964756480 fails=0 new_cycles=0 max_steps=602
peak_hi=117971 peak_lo=9646400721490091684

# chunk 95 [14671608283136, 14843406974976) seconds=390
limit=14843406974976 walked=2934589440 skipped=82964756480 fails=0 new_cycles=0 max_steps=576
peak_hi=88431 peak_lo=16789215464939841016

# chunk 96 [14843406974976, 15015205666816) seconds=328
limit=15015205666816 walked=2934589440 skipped=82964756480 fails=0 new_cycles=0 max_steps=562
peak_hi=26819 peak_lo=2982903605206375076

# chunk 97 [15015205666816, 15187004358656) seconds=337
limit=15187004358656 walked=2934589440 skipped=82964756480 fails=0 new_cycles=0 max_steps=571
peak_hi=458969 peak_lo=16244369751822741344

# chunk 98 [15187004358656, 15358803050496) seconds=345
limit=15358803050496 walked=2934589440 skipped=82964756480 fails=0 new_cycles=0 max_steps=592
peak_hi=202430 peak_lo=3476134323613333328

# chunk 99 [15358803050496, 15530601742336) seconds=338
limit=15530601742336 walked=2934589440 skipped=82964756480 fails=0 new_cycles=0 max_steps=576
peak_hi=70418 peak_lo=9519803376388993400

# chunk 100 [15530601742336, 15702400434176) seconds=408
limit=15702400434176 walked=2934589440 skipped=82964756480 fails=0 new_cycles=0 max_steps=663
peak_hi=62568 peak_lo=16951417841538269416

# chunk 101 [15702400434176, 15874199126016) seconds=340
limit=15874199126016 walked=2934589440 skipped=82964756480 fails=0 new_cycles=0 max_steps=576
peak_hi=138470 peak_lo=18271011640313551952

# chunk 102 [15874199126016, 16045997817856) seconds=330
limit=16045997817856 walked=2934589440 skipped=82964756480 fails=0 new_cycles=0 max_steps=558
peak_hi=126109 peak_lo=8415753222059620158

# chunk 103 [16045997817856, 16217796509696) seconds=335
limit=16217796509696 walked=2934589440 skipped=82964756480 fails=0 new_cycles=0 max_steps=612
peak_hi=181702 peak_lo=255002584301892948

# chunk 104 [16217796509696, 16389595201536) seconds=308
limit=16389595201536 walked=2934589440 skipped=82964756480 fails=0 new_cycles=0 max_steps=599
peak_hi=10398 peak_lo=17176170679866868876

# chunk 105 [16389595201536, 16561393893376) seconds=306
limit=16561393893376 walked=2934589440 skipped=82964756480 fails=0 new_cycles=0 max_steps=704
peak_hi=542708 peak_lo=16115562688689479924

# chunk 106 [16561393893376, 16733192585216) seconds=301
limit=16733192585216 walked=2934589440 skipped=82964756480 fails=0 new_cycles=0 max_steps=560
peak_hi=52483 peak_lo=11797979606613068508

# chunk 107 [16733192585216, 16904991277056) seconds=333
limit=16904991277056 walked=2934589440 skipped=82964756480 fails=0 new_cycles=0 max_steps=576
peak_hi=19993 peak_lo=5145295448962266228

# chunk 108 [16904991277056, 17076789968896) seconds=289
limit=17076789968896 walked=2934589440 skipped=82964756480 fails=0 new_cycles=0 max_steps=545
peak_hi=40487 peak_lo=4707366332475983510

# chunk 109 [17076789968896, 17248588660736) seconds=322
limit=17248588660736 walked=2934589440 skipped=82964756480 fails=0 new_cycles=0 max_steps=634
peak_hi=202430 peak_lo=3476134323613333328

# chunk 110 [17248588660736, 17420387352576) seconds=255
limit=17420387352576 walked=2934589440 skipped=82964756480 fails=0 new_cycles=0 max_steps=544
peak_hi=6583469 peak_lo=7992745433321049416

# chunk 111 [17420387352576, 17592186044416) seconds=243
limit=17592186044416 walked=2934589440 skipped=82964756480 fails=0 new_cycles=0 max_steps=576
peak_hi=62568 peak_lo=16951417841538269416
