'Problems.Juggler.FateOOEEAssembly.weight_reciprocal_bounds' depends on axioms: [propext, Classical.choice, Quot.sound]
'Problems.Juggler.FateOOEEAssembly.mass_bounds' depends on axioms: [propext, Classical.choice, Quot.sound]
'Problems.Juggler.FateOOEEAssembly.mass_monotone' depends on axioms: [propext, Classical.choice, Quot.sound]
'Problems.Juggler.FateOOEEAssembly.cutoff_monotone' depends on axioms: [propext, Classical.choice, Quot.sound]
'Problems.Juggler.FateOOEEAssembly.fullMass_monotone' depends on axioms: [propext, Classical.choice, Quot.sound]
'Problems.Juggler.FateOOEEAssembly.source_partition' depends on axioms: [propext, Classical.choice, Quot.sound]
'Problems.Juggler.FateOOEEAssembly.even_cutoff_bound' depends on axioms: [propext, Classical.choice, Quot.sound]
'Problems.Juggler.FateOOEEAssembly.even_source_lower' depends on axioms: [propext, Classical.choice, Quot.sound]
'Problems.Juggler.FateOOEEAssembly.production_recurrence' depends on axioms: [propext, Classical.choice, Quot.sound]
'Problems.Juggler.FateOOEEAssembly.rate_bounds' depends on axioms: [propext, Classical.choice, Quot.sound]
'Problems.Juggler.FateOOEEAssembly.coeff_nonneg' depends on axioms: [propext, Classical.choice, Quot.sound]
'Problems.Juggler.FateOOEEAssembly.certificate_five_eighths' depends on axioms: [propext, Classical.choice, Quot.sound]
'Problems.Juggler.FateOOEEAssembly.mass_exists_ge' depends on axioms: [propext, Classical.choice, Quot.sound]
'Problems.Juggler.FateOOEEAssembly.fullMass_eventually_ge' depends on axioms: [propext, Classical.choice, Quot.sound]
'Problems.Juggler.FateOOEEAssembly.shifted_recurrence' depends on axioms: [propext, Classical.choice, Quot.sound]
'Problems.Juggler.FateOOEEAssembly.fullMass_growth' depends on axioms: [propext, Classical.choice, Quot.sound]
'Problems.Juggler.FateOOEEAssembly.logMass_growth' depends on axioms: [propext, Classical.choice, Quot.sound]
'Problems.Juggler.FateOOEEAssembly.conjecture_of_tao_rate' depends on axioms: [propext, Classical.choice, Quot.sound]
