'BTCalculus.PartialSummation.monotone_weighted_sum_bound' depends on axioms: [propext, Classical.choice, Quot.sound]
'Problems.Juggler.OOEECarryCells.gap_derivative' depends on axioms: [propext, Classical.choice, Quot.sound]
'Problems.Juggler.OOEECarryCells.gap_derivative_bounds' depends on axioms: [propext, Classical.choice, Quot.sound]
'Problems.Juggler.OOEECarryCells.gap_increment_bounds' depends on axioms: [propext, Classical.choice, Quot.sound]
'Problems.Juggler.OOEECarryCells.gap_mono' depends on axioms: [propext, Classical.choice, Quot.sound]
'Problems.Juggler.OOEECarryCells.cellBound_nonneg' depends on axioms: [propext, Classical.choice, Quot.sound]
'Problems.Juggler.OOEECarryCells.cell_sum_of_samples' depends on axioms: [propext, Classical.choice, Quot.sound]
'Problems.Juggler.OOEECarryCells.weighted_cell_sum' depends on axioms: [propext, Classical.choice, Quot.sound]
'Problems.Juggler.OOEECarryCells.carry_level_count' depends on axioms: [propext, Classical.choice, Quot.sound]
'Problems.Juggler.OOEECarryCells.weighted_floor_fibre_sum' depends on axioms: [propext, Classical.choice, Quot.sound]
'Problems.Juggler.OOEECarryCells.smooth_contribution_bound' depends on axioms: [propext, Classical.choice, Quot.sound]
'Problems.Juggler.OOEECarryCells.smooth_contribution_power_bound' depends on axioms: [propext,
 Classical.choice,
 Quot.sound]
'Problems.Juggler.OOEECarryCells.carry_decomposition' depends on axioms: [propext, Classical.choice, Quot.sound]
