'Problems.Juggler.OddCubicPhase.wave_add' depends on axioms: [propext, Classical.choice, Quot.sound]
'Problems.Juggler.OddCubicPhase.wave_int' depends on axioms: [propext, Classical.choice, Quot.sound]
'Problems.Juggler.OddCubicPhase.wave_half' depends on axioms: [propext, Classical.choice, Quot.sound]
'Problems.Juggler.OddCubicPhase.wave_add_int' depends on axioms: [propext, Classical.choice, Quot.sound]
'Problems.Juggler.OddCubicPhase.wave_half_int' depends on axioms: [propext, Classical.choice, Quot.sound]
'Problems.Juggler.OddCubicPhase.stationary_sqrt' depends on axioms: [propext, Classical.choice, Quot.sound]
'Problems.Juggler.OddCubicPhase.stationary_derivative' depends on axioms: [propext, Classical.choice, Quot.sound]
'Problems.Juggler.OddCubicPhase.stationary_phase' depends on axioms: [propext, Classical.choice, Quot.sound]
'Problems.Juggler.OddCubicPhase.stationary_curvature' depends on axioms: [propext, Classical.choice, Quot.sound]
'Problems.Juggler.OddCubicPhase.halfCubic_shift' depends on axioms: [propext, Classical.choice, Quot.sound]
'Problems.Juggler.OddCubicPhase.halfCubic_antiperiodic' depends on axioms: [propext, Classical.choice, Quot.sound]
'Problems.Juggler.OddCubicPhase.antiperiodic_sum_zero' depends on axioms: [propext, Classical.choice, Quot.sound]
'Problems.Juggler.OddCubicPhase.odd_complete_mean_zero' depends on axioms: [propext, Classical.choice, Quot.sound]
'Problems.Juggler.OddCubicPhase.dual_odd_antiperiodic' depends on axioms: [propext, Classical.choice, Quot.sound]
'Problems.Juggler.OddCubicPhase.dual_odd_complete_mean_zero' depends on axioms: [propext, Classical.choice, Quot.sound]
