'Problems.Juggler.CodeMassTransport.paired_ge_two' depends on axioms: [propext, Quot.sound]
'Problems.Juggler.CodeMassTransport.weight_log_ratio' depends on axioms: [propext, Classical.choice, Quot.sound]
'Problems.Juggler.CodeMassTransport.weight_pos' depends on axioms: [propext, Classical.choice, Quot.sound]
'Problems.Juggler.CodeMassTransport.weight_nonneg' depends on axioms: [propext, Classical.choice, Quot.sound]
'Problems.Juggler.CodeMassTransport.weight_even' depends on axioms: [propext, Classical.choice, Quot.sound]
'Problems.Juggler.CodeMassTransport.evenBlock_progression' depends on axioms: [propext, Classical.choice, Quot.sound]
'Problems.Juggler.CodeMassTransport.even_progression_sum' depends on axioms: [propext, Classical.choice, Quot.sound]
'Problems.Juggler.CodeMassTransport.evenBlock_mass' depends on axioms: [propext, Classical.choice, Quot.sound]
'Problems.Juggler.CodeMassTransport.mem_evenBlock_iff' depends on axioms: [propext, Classical.choice, Quot.sound]
'Problems.Juggler.CodeMassTransport.evenBlock_positive' depends on axioms: [propext, Classical.choice, Quot.sound]
'Problems.Juggler.CodeMassTransport.blockTree_mass' depends on axioms: [propext, Classical.choice, Quot.sound]
'Problems.Juggler.CodeMassTransport.partialMass_nonneg' depends on axioms: [propext, Classical.choice, Quot.sound]
'Problems.Juggler.CodeMassTransport.partialMass_le' depends on axioms: [propext, Classical.choice, Quot.sound]
'Problems.Juggler.CodeMassTransport.partialMass_complete' depends on axioms: [propext, Classical.choice, Quot.sound]
'Problems.Juggler.CodeMassTransport.source_fibre' depends on axioms: [propext, Classical.choice, Quot.sound]
'Problems.Juggler.CodeMassTransport.even_weighted_reindex' depends on axioms: [propext, Classical.choice, Quot.sound]
'Problems.Juggler.CodeMassTransport.even_pullback_cutoff' depends on axioms: [propext, Classical.choice, Quot.sound]
'Problems.Juggler.CodeMassTransport.fate_even_cutoff' depends on axioms: [propext, Classical.choice, Quot.sound]
'Problems.Juggler.CodeMassTransport.doubled_iff' depends on axioms: [propext, Classical.choice, Quot.sound]
'Problems.Juggler.CodeMassTransport.coded_even_cutoff' depends on axioms: [propext, Classical.choice, Quot.sound]
'Problems.Juggler.CodeMassTransport.minus_code_cutoff' depends on axioms: [propext, Classical.choice, Quot.sound]
'Problems.Juggler.CodeMassTransport.plus_code_cutoff' depends on axioms: [propext, Classical.choice, Quot.sound]
'Problems.Juggler.CodeMassTransport.mass_last' depends on axioms: [propext, Classical.choice, Quot.sound]
'Problems.Juggler.CodeMassTransport.coded_cutoff_bounds' depends on axioms: [propext, Classical.choice, Quot.sound]
'Problems.Juggler.CodeMassTransport.codedTotal_doubled' depends on axioms: [propext, Classical.choice, Quot.sound]
'Problems.Juggler.CodeMassTransport.minus_code_total' depends on axioms: [propext, Classical.choice, Quot.sound]
'Problems.Juggler.CodeMassTransport.plus_code_total' depends on axioms: [propext, Classical.choice, Quot.sound]
'Problems.Juggler.CodeMassTransport.code_collision_odd_preimages' depends on axioms: [propext,
 Classical.choice,
 Quot.sound]
