'Problems.Collatz.PreimageBalance.affine_bijective' depends on axioms: [propext, Classical.choice, Quot.sound]
'Problems.Collatz.PreimageBalance.parent_val' depends on axioms: [propext, Classical.choice, Quot.sound]
'Problems.Collatz.PreimageBalance.lift_val' depends on axioms: [propext, Classical.choice, Quot.sound]
'Problems.Collatz.PreimageBalance.sum_parent' depends on axioms: [propext, Classical.choice, Quot.sound]
'Problems.Collatz.PreimageBalance.sum_lift' depends on axioms: [propext, Classical.choice, Quot.sound]
'Problems.Collatz.PreimageBalance.three_sum_child_le' depends on axioms: [propext, Classical.choice, Quot.sound]
'Problems.Collatz.PreimageBalance.balanced_mean_bound' depends on axioms: [propext, Classical.choice, Quot.sound]
'Problems.Collatz.PreimageBalance.mean_bound' depends on axioms: [propext, Classical.choice, Quot.sound]
'Problems.Collatz.PreimageBalance.plus_mean_bound' depends on axioms: [propext, Classical.choice, Quot.sound]
'Problems.Collatz.PreimageBalance.power_three_mean_bound' depends on axioms: [propext, Classical.choice, Quot.sound]
'Problems.Collatz.PreimageBalance.power_three_plus_mean_bound' depends on axioms: [propext,
 Classical.choice,
 Quot.sound]
'Problems.Collatz.PreimageBalance.strict_grid_mean' depends on axioms: [propext, Classical.choice, Quot.sound]
'Problems.Collatz.PreimageBalance.strict_grid_plus_mean' depends on axioms: [propext, Classical.choice, Quot.sound]
'Problems.Collatz.PreimageBalance.cleared_mean_bound' depends on axioms: [propext, Classical.choice, Quot.sound]
'Problems.Collatz.PreimageBalance.grid_rounding_gap' depends on axioms: [propext, Classical.choice, Quot.sound]
'Problems.Collatz.PreimageBalance.harmonic_mean_lt' depends on axioms: [propext, Classical.choice, Quot.sound]
'Problems.Collatz.PreimageBalance.meanFactor_convex' depends on axioms: [propext, Classical.choice, Quot.sound]
'Problems.Collatz.PreimageBalance.endpoint_bounds' depends on axioms: [propext, Classical.choice, Quot.sound]
'Problems.Collatz.PreimageBalance.meanFactor_lt_of_mem_rate_interval' depends on axioms: [propext,
 Classical.choice,
 Quot.sound]
'Problems.Collatz.PreimageBalance.no_rows_in_rate_interval' depends on axioms: [propext, Classical.choice, Quot.sound]
'Problems.Collatz.PreimageBalance.rate_upper_pow' depends on axioms: [propext, Classical.choice, Quot.sound]
'Problems.Collatz.PreimageBalance.rate_lower_pow' depends on axioms: [propext, Classical.choice, Quot.sound]
'Problems.Collatz.PreimageBalance.rate_power_ceiling' depends on axioms: [propext, Classical.choice, Quot.sound]
'Problems.Collatz.PreimageBalance.rate_lt_of_mean' depends on axioms: [propext, Classical.choice, Quot.sound]
'Problems.Collatz.PreimageBalance.rate_lt_of_rows' depends on axioms: [propext, Classical.choice, Quot.sound]
'Problems.Collatz.PreimageBalance.rate_lt_of_plus_rows' depends on axioms: [propext, Classical.choice, Quot.sound]
'Problems.Collatz.PreimageBalance.harmonic_rate_excluded' depends on axioms: [propext, Classical.choice, Quot.sound]
'Problems.Collatz.PreimageBalance.certificate_power_ceiling' depends on axioms: [propext, Classical.choice, Quot.sound]
'Problems.Collatz.PreimageBalance.signed_index_formulas' depends on axioms: [propext, Classical.choice, Quot.sound]
Problems.Collatz.PreimageBalance.certificate_power_ceiling (k : ℕ) {μ : ℝ} (hμ : 0 < μ) (hlinear : μ ^ 50 ≤ 2)
  {w : Fin (3 ^ k * 3) → ℝ} (hw : ∀ (i : Fin (3 ^ k * 3)), 0 < w i)
  (hr : Rows ⋯ (μ ^ (-100)) (μ ^ 29) (μ ^ (-21)) w ∨ RowsPlus ⋯ (μ ^ (-100)) (μ ^ 29) (μ ^ (-21)) w) : μ ^ 5000 < 2 ^ 99
Problems.Collatz.PreimageBalance.harmonic_rate_excluded (k : ℕ) {μ : ℝ} (hμ : 0 < μ) (hpow : μ ^ 50 = 2)
  {w : Fin (3 ^ k * 3) → ℝ} (hw : ∀ (i : Fin (3 ^ k * 3)), 0 < w i) :
  ¬(Rows ⋯ (μ ^ (-100)) (μ ^ 29) (μ ^ (-21)) w ∨ RowsPlus ⋯ (μ ^ (-100)) (μ ^ 29) (μ ^ (-21)) w)
