'BTCalculus.FourierBoxCounting.integral_empirical' depends on axioms: [propext, Classical.choice, Quot.sound]
'BTCalculus.FourierBoxCounting.tendsto_empirical' depends on axioms: [propext, Classical.choice, Quot.sound]
'BTCalculus.FourierBoxCounting.empirical_apply' depends on axioms: [propext, Classical.choice, Quot.sound]
'BTCalculus.FourierBoxCounting.tendsto_count_of_null_frontier' depends on axioms: [propext,
 Classical.choice,
 Quot.sound]
'BTCalculus.FourierBoxCounting.measurableSet_circleArc' depends on axioms: [propext, Classical.choice, Quot.sound]
'BTCalculus.FourierBoxCounting.mem_circleArc_iff' depends on axioms: [propext, Classical.choice, Quot.sound]
'BTCalculus.FourierBoxCounting.volume_circleInterval' depends on axioms: [propext, Classical.choice, Quot.sound]
'BTCalculus.FourierBoxCounting.volume_circleArc' depends on axioms: [propext, Classical.choice, Quot.sound]
'BTCalculus.FourierBoxCounting.frontier_circleArc_subset' depends on axioms: [propext, Classical.choice, Quot.sound]
'BTCalculus.FourierBoxCounting.null_frontier_circleArc' depends on axioms: [propext, Classical.choice, Quot.sound]
'BTCalculus.FourierBoxCounting.null_frontier_box' depends on axioms: [propext, Classical.choice, Quot.sound]
'BTCalculus.FourierBoxCounting.tendsto_fract_box_count' depends on axioms: [propext, Classical.choice, Quot.sound]
'BTCalculus.PowerBoxCounting.tendsto_power_fract_box_count' depends on axioms: [propext, Classical.choice, Quot.sound]
'BTCalculus.PowerBoxCounting.density_congr_eventually' depends on axioms: [propext, Classical.choice, Quot.sound]
'BTCalculus.PowerBoxCounting.exists_ge_of_density' depends on axioms: [propext, Classical.choice, Quot.sound]
'BTCalculus.PowerBoxCounting.lt_powerCutoff_iff' depends on axioms: [propext, Classical.choice, Quot.sound]
'BTCalculus.PowerBoxCounting.tendsto_powerCutoff' depends on axioms: [propext, Classical.choice, Quot.sound]
'BTCalculus.PowerBoxCounting.tendsto_powerCutoff_div' depends on axioms: [propext, Classical.choice, Quot.sound]
'BTCalculus.PowerBoxCounting.power_start_strictMono' depends on axioms: [propext, Classical.choice, Quot.sound]
'BTCalculus.PowerBoxCounting.mem_powerStarts' depends on axioms: [propext, Classical.choice, Quot.sound]
'BTCalculus.PowerBoxCounting.tendsto_powerStarts_card' depends on axioms: [propext, Classical.choice, Quot.sound]
'BTCalculus.PowerBoxCounting.eventually_powerStarts_interval' depends on axioms: [propext, Classical.choice, Quot.sound]
'Problems.Juggler.PaperECorollaries.signature_density' depends on axioms: [propext, Classical.choice, Quot.sound]
'Problems.Juggler.PaperECorollaries.signature_parameter_density' depends on axioms: [propext,
 Classical.choice,
 Quot.sound]
'Problems.Juggler.PaperECorollaries.signature_roots' depends on axioms: [propext, Classical.choice, Quot.sound]
'Problems.Juggler.PaperECorollaries.modular_return_of_signature' depends on axioms: [propext,
 Classical.choice,
 Quot.sound]
'Problems.Juggler.PaperECorollaries.signature_returns_infinite' depends on axioms: [propext,
 Classical.choice,
 Quot.sound]
'Problems.Juggler.PaperECorollaries.return_density' depends on axioms: [propext, Classical.choice, Quot.sound]
'Problems.Juggler.PaperECorollaries.return_parameter_density' depends on axioms: [propext, Classical.choice, Quot.sound]
'Problems.Juggler.PaperECorollaries.returnStarts_actual' depends on axioms: [propext, Classical.choice, Quot.sound]
'Problems.Juggler.PaperECorollaries.return_starts_asymptotic' depends on axioms: [propext, Classical.choice, Quot.sound]
'Problems.Juggler.PaperECorollaries.return_in_multiplicative_interval' depends on axioms: [propext,
 Classical.choice,
 Quot.sound]
