'BTCalculus.WeylDifferencing.sum_pad' depends on axioms: [propext, Classical.choice, Quot.sound]
'BTCalculus.WeylDifferencing.sum_norm_sq_le' depends on axioms: [propext, Classical.choice, Quot.sound]
'BTCalculus.WeylDifferencing.pad_overlap' depends on axioms: [propext, Classical.choice, Quot.sound]
'BTCalculus.WeylDifferencing.sq_norm_sum' depends on axioms: [propext, Classical.choice, Quot.sound]
'BTCalculus.WeylDifferencing.overlap_real_symmetric' depends on axioms: [propext, Classical.choice, Quot.sound]
'BTCalculus.WeylDifferencing.correlation_zero_norm_le' depends on axioms: [propext, Classical.choice, Quot.sound]
'BTCalculus.WeylDifferencing.overlap_real_le' depends on axioms: [propext, Classical.choice, Quot.sound]
'BTCalculus.WeylDifferencing.sum_injection_le' depends on axioms: [propext, Classical.choice, Quot.sound]
'BTCalculus.WeylDifferencing.row_distance_bound' depends on axioms: [propext, Classical.choice, Quot.sound]
'BTCalculus.WeylDifferencing.column_energy_bound' depends on axioms: [propext, Classical.choice, Quot.sound]
'BTCalculus.WeylDifferencing.differencing_energy' depends on axioms: [propext, Classical.choice, Quot.sound]
'BTCalculus.WeylDifferencing.van_der_corput' depends on axioms: [propext, Classical.choice, Quot.sound]
'BTCalculus.WeylDifferencing.phase_norm' depends on axioms: [propext, Classical.choice, Quot.sound]
'BTCalculus.WeylDifferencing.phase_mul_conj' depends on axioms: [propext, Classical.choice, Quot.sound]
'BTCalculus.WeylDifferencing.odd_lattice_van_der_corput' depends on axioms: [propext, Classical.choice, Quot.sound]
