'BTCalculus.PowerPhaseAsymptotics.tendsto_intermediate_rpow_ratio' depends on axioms: [propext,
 Classical.choice,
 Quot.sound]
'BTCalculus.PowerPhaseAsymptotics.tendsto_difference_div_rpow' depends on axioms: [propext,
 Classical.choice,
 Quot.sound]
'BTCalculus.PowerPhaseAsymptotics.tendsto_normalized_reciprocal_power' depends on axioms: [propext,
 Classical.choice,
 Quot.sound]
'BTCalculus.PowerPhaseAsymptotics.tendsto_average_zero_of_derivative_bounds' depends on axioms: [propext,
 Classical.choice,
 Quot.sound]
'BTCalculus.PowerPhaseAsymptotics.tendsto_average_zero_of_two_derivatives' depends on axioms: [propext,
 Classical.choice,
 Quot.sound]
'BTCalculus.PowerPhaseAsymptotics.HasPowerAsymptotics.difference' depends on axioms: [propext,
 Classical.choice,
 Quot.sound]
'BTCalculus.PowerPhaseAsymptotics.HasPowerAsymptotics.neg' depends on axioms: [propext, Classical.choice, Quot.sound]
'BTCalculus.PowerPhaseAsymptotics.HasPowerAsymptotics.cancellation_sublinear_pos' depends on axioms: [propext,
 Classical.choice,
 Quot.sound]
'BTCalculus.PowerPhaseAsymptotics.tendsto_phase_average_zero_of_neg' depends on axioms: [propext,
 Classical.choice,
 Quot.sound]
'BTCalculus.PowerPhaseAsymptotics.HasPowerAsymptotics.cancellation' depends on axioms: [propext,
 Classical.choice,
 Quot.sound]
'BTCalculus.PowerPhaseAsymptotics.hasPowerAsymptotics_power' depends on axioms: [propext, Classical.choice, Quot.sound]
'BTCalculus.PowerPhaseAsymptotics.HasPowerAsymptotics.lower_order' depends on axioms: [propext,
 Classical.choice,
 Quot.sound]
'BTCalculus.PowerPhaseAsymptotics.HasPowerAsymptotics.add' depends on axioms: [propext, Classical.choice, Quot.sound]
'BTCalculus.PowerPhaseAsymptotics.hasPowerAsymptotics_sum' depends on axioms: [propext, Classical.choice, Quot.sound]
'BTCalculus.PowerPhaseAsymptotics.hasPowerAsymptotics_mixed' depends on axioms: [propext, Classical.choice, Quot.sound]
'BTCalculus.PowerPhaseAsymptotics.tendsto_affine_rpow_ratio' depends on axioms: [propext, Classical.choice, Quot.sound]
'BTCalculus.PowerPhaseAsymptotics.HasPowerAsymptotics.affine' depends on axioms: [propext, Classical.choice, Quot.sound]
'BTCalculus.PowerPhaseAsymptotics.tendsto_mixed_power_average_affine' depends on axioms: [propext,
 Classical.choice,
 Quot.sound]
'BTCalculus.PowerPhaseAsymptotics.tendsto_distinct_noninteger_power_average' depends on axioms: [propext,
 Classical.choice,
 Quot.sound]
