'Problems.Juggler.CubicInverseCell.phase_decomposition' depends on axioms: [propext, Classical.choice, Quot.sound]
'Problems.Juggler.CubicInverseCell.halfCubic_periodic' depends on axioms: [propext, Classical.choice, Quot.sound]
'Problems.Juggler.CubicInverseCell.dual_periodic' depends on axioms: [propext, Classical.choice, Quot.sound]
'Problems.Juggler.CubicInverseCell.normalized_source_forms' depends on axioms: [propext, Classical.choice, Quot.sound]
'Problems.Juggler.CubicInverseCell.third_quotient' depends on axioms: [propext, Classical.choice, Quot.sound]
'Problems.Juggler.CubicInverseCell.fourth_quotient' depends on axioms: [propext, Classical.choice, Quot.sound]
'Problems.Juggler.CubicInverseCell.small_parameter_factors' depends on axioms: [propext, Classical.choice, Quot.sound]
'Problems.Juggler.CubicInverseCell.third_opposite_sign' depends on axioms: [propext, Classical.choice, Quot.sound]
'Problems.Juggler.CubicInverseCell.fourth_same_sign' depends on axioms: [propext, Classical.choice, Quot.sound]
'Problems.Juggler.CubicInverseCell.exponent_budget' depends on axioms: [propext, Classical.choice, Quot.sound]
'Problems.Juggler.CubicInverseCell.endpoint_budget' depends on axioms: [propext, Classical.choice, Quot.sound]
