'Problems.Juggler.OddPredecessorTransport.oddMap_eq_step' depends on axioms: [propext, Quot.sound]
'Problems.Juggler.OddPredecessorTransport.oddMap_cell' depends on axioms: [propext, Classical.choice, Quot.sound]
'Problems.Juggler.OddPredecessorTransport.oddMap_injective' depends on axioms: [propext, Classical.choice, Quot.sound]
'Problems.Juggler.OddPredecessorTransport.oddMap_monotone' depends on axioms: [propext, Classical.choice, Quot.sound]
'Problems.Juggler.OddPredecessorTransport.oddMap_strictMono' depends on axioms: [propext, Classical.choice, Quot.sound]
'Problems.Juggler.OddPredecessorTransport.le_oddMap' depends on axioms: [propext, Classical.choice, Quot.sound]
'Problems.Juggler.OddPredecessorTransport.le_iterate' depends on axioms: [propext, Classical.choice, Quot.sound]
'Problems.Juggler.OddPredecessorTransport.chain_actual' depends on axioms: [propext, Quot.sound]
'Problems.Juggler.OddPredecessorTransport.chain_iff_follows' depends on axioms: [propext, Quot.sound]
'Problems.Juggler.OddPredecessorTransport.chain_endpoint' depends on axioms: [propext]
'Problems.Juggler.OddPredecessorTransport.mem_ancestors' depends on axioms: [propext, Classical.choice, Quot.sound]
'Problems.Juggler.OddPredecessorTransport.weight_le_one' depends on axioms: [propext, Classical.choice, Quot.sound]
'Problems.Juggler.OddPredecessorTransport.weight_even_zero' depends on axioms: [propext, Classical.choice, Quot.sound]
'Problems.Juggler.OddPredecessorTransport.source_fibre' depends on axioms: [propext, Classical.choice, Quot.sound]
'Problems.Juggler.OddPredecessorTransport.weighted_reindex' depends on axioms: [propext, Classical.choice, Quot.sound]
'Problems.Juggler.OddPredecessorTransport.two_chain' depends on axioms: [propext]
'Problems.Juggler.OddPredecessorTransport.two_step_scale' depends on axioms: [propext, Classical.choice, Quot.sound]
'Problems.Juggler.OddPredecessorTransport.source_interval' depends on axioms: [propext, Classical.choice, Quot.sound]
'Problems.Juggler.OddPredecessorTransport.exponent_budget' depends on axioms: [propext, Classical.choice, Quot.sound]
'Problems.Juggler.OddPredecessorTransport.one_cell_budget' depends on axioms: [propext, Classical.choice, Quot.sound]
