'Problems.Juggler.BeattySlope.survives_iff_strict' depends on axioms: [propext, Classical.choice, Quot.sound]
'Problems.Juggler.BeattySlope.survivorCount_add_passageCount' depends on axioms: [propext, Classical.choice, Quot.sound]
'Problems.Juggler.BeattySlope.survivorCount_zero' depends on axioms: [propext, Classical.choice, Quot.sound]
'Problems.Juggler.BeattySlope.passageCount_zero' depends on axioms: [propext, Classical.choice, Quot.sound]
'Problems.Juggler.BeattySlope.FirstPassage.exists_even_prefix' depends on axioms: [propext,
 Classical.choice,
 Quot.sound]
'Problems.Juggler.BeattySlope.FirstPassage.length_eq_crossingDepth' depends on axioms: [propext,
 Classical.choice,
 Quot.sound]
'Problems.Juggler.BeattySlope.survivorCount_recurrence' depends on axioms: [propext, Classical.choice, Quot.sound]
'Problems.Juggler.BeattySlope.survivorWeight_add_passageWeight' depends on axioms: [propext,
 Classical.choice,
 Quot.sound]
'Problems.Juggler.BeattySlope.survivorWeight_recurrence' depends on axioms: [propext, Classical.choice, Quot.sound]
'Problems.Juggler.BeattySlope.crossingDepth_strictMono' depends on axioms: [propext, Classical.choice, Quot.sound]
'Problems.Juggler.BeattySlope.FirstPassage.oddCount_eq_of_length_eq_crossingDepth' depends on axioms: [propext,
 Classical.choice,
 Quot.sound]
'Problems.Juggler.BeattySlope.passageWeight_crossingDepth' depends on axioms: [propext, Classical.choice, Quot.sound]
'Problems.Juggler.BeattySlope.passageCount_eq_weight_div' depends on axioms: [propext, Classical.choice, Quot.sound]
'Problems.Juggler.BeattySlope.normalizedSurvivor_recurrence' depends on axioms: [propext, Classical.choice, Quot.sound]
'Problems.Juggler.BeattySlope.normalizedSurvivor_eq_renewalCoeff' depends on axioms: [propext,
 Classical.choice,
 Quot.sound]
'Problems.Juggler.BeattySlope.normalizedSurvivor_three_halves_bound' depends on axioms: [propext,
 Classical.choice,
 Quot.sound]
'Problems.Juggler.BeattySlope.normalizedSurvivor_phase_limit' depends on axioms: [propext, Classical.choice, Quot.sound]
'Problems.Juggler.BeattySlope.tiltedOddWeight_pos' depends on axioms: [propext, Classical.choice, Quot.sound]
'Problems.Juggler.BeattySlope.tiltedBernoulliBias_eq' depends on axioms: [propext, Classical.choice, Quot.sound]
'Problems.Juggler.BeattySlope.tiltedBernoulliBias_bounds' depends on axioms: [propext, Classical.choice, Quot.sound]
'Problems.Juggler.BeattySlope.tiltedOddWeight_terminal_ratio' depends on axioms: [propext, Classical.choice, Quot.sound]
'Problems.Juggler.BeattySlope.tilted_choose_step_bound' depends on axioms: [propext, Classical.choice, Quot.sound]
'Problems.Juggler.BeattySlope.tilted_choose_shift_bound' depends on axioms: [propext, Classical.choice, Quot.sound]
'Problems.Juggler.BeattySlope.tilted_endpoint_first_term_bounds' depends on axioms: [propext,
 Classical.choice,
 Quot.sound]
'Problems.Juggler.BeattySlope.tiltedBase_eq' depends on axioms: [propext, Classical.choice, Quot.sound]
'Problems.Juggler.BeattySlope.tiltedTerminalPhase_eq' depends on axioms: [propext, Classical.choice, Quot.sound]
'Problems.Juggler.BeattySlope.tilted_first_term_phase_limit' depends on axioms: [propext, Classical.choice, Quot.sound]
'Problems.Juggler.BeattySlope.tilted_binomial_tail_ratio_limit' depends on axioms: [propext,
 Classical.choice,
 Quot.sound]
'Problems.Juggler.BeattySlope.tilted_endpoint_phase_limit' depends on axioms: [propext, Classical.choice, Quot.sound]
'Problems.Juggler.BeattySlope.tiltedTerminalPhase_bound' depends on axioms: [propext, Classical.choice, Quot.sound]
'Problems.Juggler.BeattySlope.summable_tilted_survivor' depends on axioms: [propext, Classical.choice, Quot.sound]
'Problems.Juggler.BeattySlope.summable_tiltedSurvivorPhase_terms' depends on axioms: [propext,
 Classical.choice,
 Quot.sound]
'Problems.Juggler.BeattySlope.tiltedSurvivorPhase_bounds' depends on axioms: [propext, Classical.choice, Quot.sound]
'Problems.Juggler.BeattySlope.tiltedSurvivorPhase_periodic' depends on axioms: [propext, Classical.choice, Quot.sound]
'Problems.Juggler.BeattySlope.tilted_survivor_phase_limit' depends on axioms: [propext, Classical.choice, Quot.sound]
'Problems.Juggler.BeattySlope.tilted_survivor_phase_limit_reciprocal' depends on axioms: [propext,
 Classical.choice,
 Quot.sound]
'Problems.Juggler.BeattySlope.criticalWordMass_pos' depends on axioms: [propext, Classical.choice, Quot.sound]
'Problems.Juggler.BeattySlope.criticalMass_step' depends on axioms: [propext, Classical.choice, Quot.sound]
'Problems.Juggler.BeattySlope.passageCriticalMass_nonneg' depends on axioms: [propext, Classical.choice, Quot.sound]
'Problems.Juggler.BeattySlope.criticalWordMass_eq_exp' depends on axioms: [propext, Classical.choice, Quot.sound]
'Problems.Juggler.BeattySlope.survivorCriticalMass_height_split' depends on axioms: [propext,
 Classical.choice,
 Quot.sound]
'Problems.Juggler.BeattySlope.survivorCriticalMass_tendsto_zero' depends on axioms: [propext,
 Classical.choice,
 Quot.sound]
'Problems.Juggler.BeattySlope.criticalMass_partial_sum' depends on axioms: [propext, Classical.choice, Quot.sound]
'Problems.Juggler.BeattySlope.passageCriticalMass_hasSum' depends on axioms: [propext, Classical.choice, Quot.sound]
'Problems.Juggler.BeattySlope.passageIndex_ge' depends on axioms: [propext, Classical.choice, Quot.sound]
'Problems.Juggler.BeattySlope.passageJumpWeight_eq' depends on axioms: [propext, Classical.choice, Quot.sound]
'Problems.Juggler.BeattySlope.passageCriticalMass_crossingDepth' depends on axioms: [propext,
 Classical.choice,
 Quot.sound]
'Problems.Juggler.BeattySlope.passageCriticalMass_eq_zero_off_range' depends on axioms: [propext,
 Classical.choice,
 Quot.sound]
'Problems.Juggler.BeattySlope.passageJumpWeight_hasSum' depends on axioms: [propext, Classical.choice, Quot.sound]
'Problems.Juggler.BeattySlope.passageJumpWeight_zero' depends on axioms: [propext, Classical.choice, Quot.sound]
'Problems.Juggler.BeattySlope.passageJumpWeight_nonneg' depends on axioms: [propext, Classical.choice, Quot.sound]
'Problems.Juggler.BeattySlope.passage_jump_weights_hasSum' depends on axioms: [propext, Classical.choice, Quot.sound]
'Problems.Juggler.BeattySlope.passage_jump_weights_hasSum_reciprocal' depends on axioms: [propext,
 Classical.choice,
 Quot.sound]
'Problems.Juggler.BeattySlope.passageIndex_strictMono' depends on axioms: [propext, Classical.choice, Quot.sound]
'Problems.Juggler.BeattySlope.passagePhase_mem_Ico' depends on axioms: [propext, Classical.choice, Quot.sound]
'Problems.Juggler.BeattySlope.passageWeight_div_eq' depends on axioms: [propext, Classical.choice, Quot.sound]
'Problems.Juggler.BeattySlope.passageJumpWeight_eq_rpow' depends on axioms: [propext, Classical.choice, Quot.sound]
'Problems.Juggler.BeattySlope.passageProfile_eq_transfer' depends on axioms: [propext, Classical.choice, Quot.sound]
'Problems.Juggler.BeattySlope.passageProfile_eq_transfer_reciprocal' depends on axioms: [propext,
 Classical.choice,
 Quot.sound]
'Problems.Juggler.BeattySlope.passageProfile_monotone' depends on axioms: [propext, Classical.choice, Quot.sound]
'Problems.Juggler.BeattySlope.passageProfile_bounds' depends on axioms: [propext, Classical.choice, Quot.sound]
'Problems.Juggler.BeattySlope.passageProfile_endpoints' depends on axioms: [propext, Classical.choice, Quot.sound]
'Problems.Juggler.BeattySlope.tilted_passage_phase_limit' depends on axioms: [propext, Classical.choice, Quot.sound]
'Problems.Juggler.BeattySlope.passagePhase_pos' depends on axioms: [propext, Classical.choice, Quot.sound]
'Problems.Juggler.BeattySlope.endpointCutoff_passageIndex' depends on axioms: [propext, Classical.choice, Quot.sound]
'Problems.Juggler.BeattySlope.passage_phase_asymptotic' depends on axioms: [propext, Classical.choice, Quot.sound]
'Problems.Juggler.BeattySlope.passage_normalization_identity' depends on axioms: [propext, Classical.choice, Quot.sound]
'Problems.Juggler.BeattySlope.passage_phase_asymptotic_odd_count' depends on axioms: [propext,
 Classical.choice,
 Quot.sound]
'Problems.Juggler.BeattySlope.passage_phase_asymptotic_reciprocal' depends on axioms: [propext,
 Classical.choice,
 Quot.sound]
'Problems.Juggler.BeattySlope.survivorWords_logarithmic' depends on axioms: [propext, Classical.choice, Quot.sound]
'Problems.Juggler.BeattySlope.passageWords_logarithmic' depends on axioms: [propext, Classical.choice, Quot.sound]
'Problems.Juggler.BeattySlope.survivorCount_logarithmic' depends on axioms: [propext, Classical.choice, Quot.sound]
'Problems.Juggler.BeattySlope.passageCount_logarithmic' depends on axioms: [propext, Classical.choice, Quot.sound]
'Problems.Juggler.BeattySlope.endpointCount_logarithmic' depends on axioms: [propext, Classical.choice, Quot.sound]
'Problems.Juggler.BeattySlope.logarithmic_irrational' depends on axioms: [propext, Classical.choice, Quot.sound]
'Problems.Juggler.BeattyPhase.survivor_count_recurrence' depends on axioms: [propext, Classical.choice, Quot.sound]
'Problems.Juggler.BeattyPhase.survivor_exponential_identity' depends on axioms: [propext, Classical.choice, Quot.sound]
'Problems.Juggler.BeattySlope.passageCount_crossingDepth_pos' depends on axioms: [propext, Classical.choice, Quot.sound]
'Problems.Juggler.BeattySlope.passageJumpWeight_pos' depends on axioms: [propext, Classical.choice, Quot.sound]
'Problems.Juggler.BeattySlope.passageIndex_logarithmic' depends on axioms: [propext, Classical.choice, Quot.sound]
'Problems.Juggler.BeattySlope.passagePhase_logarithmic' depends on axioms: [propext, Classical.choice, Quot.sound]
'Problems.Juggler.BeattySlope.criticalWordMass_logarithmic' depends on axioms: [propext, Classical.choice, Quot.sound]
'Problems.Juggler.BeattySlope.passageJumpWeight_logarithmic' depends on axioms: [propext, Classical.choice, Quot.sound]
'Problems.Juggler.BeattySlope.passageProfile_logarithmic' depends on axioms: [propext, Classical.choice, Quot.sound]
'Problems.Juggler.BeattyPhase.phase_ne_one_of_irrational' depends on axioms: [propext, Classical.choice, Quot.sound]
'Problems.Juggler.BeattyPhase.tendsto_irrational_phase_average' depends on axioms: [propext,
 Classical.choice,
 Quot.sound]
'Problems.Juggler.BeattyPhase.irrational_rotation_fract_pos' depends on axioms: [propext, Classical.choice, Quot.sound]
'Problems.Juggler.BeattyPhase.irrational_rotation_recurrent' depends on axioms: [propext, Classical.choice, Quot.sound]
'Problems.Juggler.BeattyPhase.irrational_rotation_equidistributed' depends on axioms: [propext,
 Classical.choice,
 Quot.sound]
'Problems.Juggler.BeattySlope.passagePhase_eq_fract' depends on axioms: [propext, Classical.choice, Quot.sound]
'Problems.Juggler.BeattySlope.passagePhase_injective' depends on axioms: [propext, Classical.choice, Quot.sound]
'Problems.Juggler.BeattySlope.passagePhase_recurrent' depends on axioms: [propext, Classical.choice, Quot.sound]
'Problems.Juggler.BeattySlope.passageProfile_strictMonoOn' depends on axioms: [propext, Classical.choice, Quot.sound]
'Problems.Juggler.BeattySlope.passageClusterSet_eq_jumpRange' depends on axioms: [propext, Classical.choice, Quot.sound]
'Problems.Juggler.BeattySlope.passageClusterSet_eq_closure_range' depends on axioms: [propext,
 Classical.choice,
 Quot.sound]
'Problems.Juggler.BeattySlope.passageRatio_cluster_iff' depends on axioms: [propext, Classical.choice, Quot.sound]
'Problems.Juggler.BeattySlope.isCompact_passageClusterSet' depends on axioms: [propext, Classical.choice, Quot.sound]
'Problems.Juggler.BeattySlope.perfect_passageClusterSet' depends on axioms: [propext, Classical.choice, Quot.sound]
'Problems.Juggler.BeattySlope.volume_passageClusterSet' depends on axioms: [propext, Classical.choice, Quot.sound]
'Problems.Juggler.BeattySlope.interior_passageClusterSet' depends on axioms: [propext, Classical.choice, Quot.sound]
'Problems.Juggler.BeattySlope.passage_gap_endpoints_mem' depends on axioms: [propext, Classical.choice, Quot.sound]
'Problems.Juggler.BeattySlope.passageRatio_gap_endpoints_cluster' depends on axioms: [propext,
 Classical.choice,
 Quot.sound]
'Problems.Juggler.BeattySlope.passageRatio_eventually_avoids_gap' depends on axioms: [propext,
 Classical.choice,
 Quot.sound]
'Problems.Juggler.BeattySlope.passageClusterSet_nonempty' depends on axioms: [propext, Classical.choice, Quot.sound]
'Problems.Juggler.BeattySlope.passageRatio_envelope_endpoints_cluster' depends on axioms: [propext,
 Classical.choice,
 Quot.sound]
'Problems.Juggler.BeattySlope.passageRatio_liminf_limsup' depends on axioms: [propext, Classical.choice, Quot.sound]
'Problems.Juggler.BeattySlope.passagePhase_equidistributed' depends on axioms: [propext, Classical.choice, Quot.sound]
'Problems.Juggler.BeattySlope.passageProfile_ae_continuous' depends on axioms: [propext, Classical.choice, Quot.sound]
'Problems.Juggler.BeattySlope.passageRatio_empiricalLaw_tendsto' depends on axioms: [propext,
 Classical.choice,
 Quot.sound]
'Problems.Juggler.BeattySlope.passageLaw_singleton' depends on axioms: [propext, Classical.choice, Quot.sound]
'Problems.Juggler.BeattySlope.passageLaw_cdf_continuous' depends on axioms: [propext, Classical.choice, Quot.sound]
'Problems.Juggler.BeattySlope.passageLaw_compl_clusterSet' depends on axioms: [propext, Classical.choice, Quot.sound]
'Problems.Juggler.BeattySlope.passageLaw_clusterSet' depends on axioms: [propext, Classical.choice, Quot.sound]
'Problems.Juggler.BeattySlope.passageLaw_mutuallySingular_volume' depends on axioms: [propext,
 Classical.choice,
 Quot.sound]
'Problems.Juggler.BeattySlope.passageLaw_Iic_profile' depends on axioms: [propext, Classical.choice, Quot.sound]
'Problems.Juggler.BeattySlope.passageLaw_closed_gap' depends on axioms: [propext, Classical.choice, Quot.sound]
'Problems.Juggler.BeattySlope.passageLaw_Iic_gap' depends on axioms: [propext, Classical.choice, Quot.sound]
'Problems.Juggler.BeattySlope.passageRatio_threshold_frequency' depends on axioms: [propext,
 Classical.choice,
 Quot.sound]
'Problems.Juggler.BeattySlope.passageRatio_profile_threshold_frequency' depends on axioms: [propext,
 Classical.choice,
 Quot.sound]
'Problems.Juggler.BeattySlope.passageRatio_average_tendsto' depends on axioms: [propext, Classical.choice, Quot.sound]
'Problems.Juggler.BeattySlope.passageAmplitude_pos' depends on axioms: [propext, Classical.choice, Quot.sound]
'Problems.Juggler.BeattySlope.passageAmplitude_eq' depends on axioms: [propext, Classical.choice, Quot.sound]
'Problems.Juggler.BeattySlope.passageAmplitude_reciprocal' depends on axioms: [propext, Classical.choice, Quot.sound]
'Problems.Juggler.BeattySlope.passageWeight_phase_asymptotic' depends on axioms: [propext, Classical.choice, Quot.sound]
'Problems.Juggler.BeattySlope.passageWeight_three_halves' depends on axioms: [propext, Classical.choice, Quot.sound]
'Problems.Juggler.BeattySlope.passagePhase_shift_frequency' depends on axioms: [propext, Classical.choice, Quot.sound]
'Problems.Juggler.BeattySlope.passageGapMoment_pos' depends on axioms: [propext, Classical.choice, Quot.sound]
'Problems.Juggler.BeattySlope.passageWeight_two_thirds_limit' depends on axioms: [propext, Classical.choice, Quot.sound]
'Problems.Juggler.BeattySlope.passage_gapCount_asymptotic' depends on axioms: [propext, Classical.choice, Quot.sound]
'Problems.Juggler.BeattySlope.passageClusterSet_tube_formula' depends on axioms: [propext, Classical.choice, Quot.sound]
'Problems.Juggler.BeattySlope.passageClusterSet_tube_bounds' depends on axioms: [propext, Classical.choice, Quot.sound]
'Problems.Juggler.BeattySlope.passageCluster_minkowski_dim' depends on axioms: [propext, Classical.choice, Quot.sound]
'Problems.Juggler.BeattySlope.passageGapMoment_eq_profile' depends on axioms: [propext, Classical.choice, Quot.sound]
'Problems.Juggler.BeattySlope.passageGapMoment_eq_law_moment' depends on axioms: [propext, Classical.choice, Quot.sound]
'Problems.Juggler.BeattySlope.passageMinkowskiContent_pos' depends on axioms: [propext, Classical.choice, Quot.sound]
'Problems.Juggler.BeattySlope.passageCluster_minkowski_content' depends on axioms: [propext,
 Classical.choice,
 Quot.sound]
'Problems.Juggler.BeattySlope.passageTailDensity_monotone' depends on axioms: [propext, Classical.choice, Quot.sound]
'Problems.Juggler.BeattySlope.passageTailDensity_nonneg' depends on axioms: [propext, Classical.choice, Quot.sound]
'Problems.Juggler.BeattySlope.passageTailWeight_summable' depends on axioms: [propext, Classical.choice, Quot.sound]
'Problems.Juggler.BeattySlope.passageTailWeight_nonneg' depends on axioms: [propext, Classical.choice, Quot.sound]
'Problems.Juggler.BeattySlope.passage_tail_gapCount_asymptotic' depends on axioms: [propext,
 Classical.choice,
 Quot.sound]
'Problems.Juggler.BeattySlope.passageContentDensity_continuous' depends on axioms: [propext,
 Classical.choice,
 Quot.sound]
'Problems.Juggler.BeattySlope.passageContentDensity_nonneg' depends on axioms: [propext, Classical.choice, Quot.sound]
'Problems.Juggler.BeattySlope.passageContentDensity_monotone' depends on axioms: [propext, Classical.choice, Quot.sound]
'Problems.Juggler.BeattySlope.passageLaw_ae_bounds' depends on axioms: [propext, Classical.choice, Quot.sound]
'Problems.Juggler.BeattySlope.passageContentDensity_integrable' depends on axioms: [propext,
 Classical.choice,
 Quot.sound]
'Problems.Juggler.BeattySlope.passageLocalContent_tail' depends on axioms: [propext, Classical.choice, Quot.sound]
'Problems.Juggler.BeattySlope.passageLocalContent_mass' depends on axioms: [propext, Classical.choice, Quot.sound]
'Problems.Juggler.BeattySlope.passageLocalContent_ne_zero' depends on axioms: [propext, Classical.choice, Quot.sound]
'Problems.Juggler.BeattySlope.passageGeometricLaw_real' depends on axioms: [propext, Classical.choice, Quot.sound]
'Problems.Juggler.BeattySlope.passageLocalContent_integral' depends on axioms: [propext, Classical.choice, Quot.sound]
'Problems.Juggler.BeattySlope.passageGeometricLaw_integral' depends on axioms: [propext, Classical.choice, Quot.sound]
'Problems.Juggler.BeattySlope.passage_tail_truncated_asymptotic' depends on axioms: [propext,
 Classical.choice,
 Quot.sound]
'Problems.Juggler.BeattySlope.passageClusterSet_local_tube_tail' depends on axioms: [propext,
 Classical.choice,
 Quot.sound]
'Problems.Juggler.BeattySlope.passageScaledTubeMeasure_real' depends on axioms: [propext, Classical.choice, Quot.sound]
'Problems.Juggler.BeattySlope.passageScaledTubeMeasure_tendsto' depends on axioms: [propext,
 Classical.choice,
 Quot.sound]
'Problems.Juggler.BeattySlope.passageTubeLaw_real' depends on axioms: [propext, Classical.choice, Quot.sound]
'Problems.Juggler.BeattySlope.passageTubeLaw_integral' depends on axioms: [propext, Classical.choice, Quot.sound]
'Problems.Juggler.BeattySlope.passageTubeLaw_tendsto' depends on axioms: [propext, Classical.choice, Quot.sound]
'Problems.Juggler.BeattySlope.passageCluster_tube_average' depends on axioms: [propext, Classical.choice, Quot.sound]
'Problems.Juggler.BeattySlope.passageCluster_hausdorff_ne_top' depends on axioms: [propext,
 Classical.choice,
 Quot.sound]
'Problems.Juggler.BeattySlope.passageCluster_dimH_le' depends on axioms: [propext, Classical.choice, Quot.sound]
'Problems.Juggler.BeattySlope.passageCdf_profile' depends on axioms: [propext, Classical.choice, Quot.sound]
'Problems.Juggler.BeattySlope.passageCdf_gap' depends on axioms: [propext, Classical.choice, Quot.sound]
'Problems.Juggler.BeattySlope.passageCdf_image_cluster' depends on axioms: [propext, Classical.choice, Quot.sound]
'Problems.Juggler.BeattySlope.passageCdf_holder' depends on axioms: [propext, Classical.choice, Quot.sound]
'Problems.Juggler.BeattySlope.passageCluster_hausdorff_pos' depends on axioms: [propext, Classical.choice, Quot.sound]
'Problems.Juggler.BeattySlope.passageCluster_dimH_ge' depends on axioms: [propext, Classical.choice, Quot.sound]
'Problems.Juggler.BeattySlope.passagePhase_hitting' depends on axioms: [propext, Classical.choice, Quot.sound]
'Problems.Juggler.BeattySlope.passageCluster_hausdorff_dio' depends on axioms: [propext, Classical.choice, Quot.sound]
'Problems.Juggler.BeattySlope.passageCluster_hausdorff_bad' depends on axioms: [propext, Classical.choice, Quot.sound]
'Problems.Juggler.BeattySlope.passageCluster_dimH_eq' depends on axioms: [propext, Classical.choice, Quot.sound]
'Problems.Juggler.BeattySlope.dio_const_below' depends on axioms: [propext, Classical.choice, Quot.sound]
'Problems.Juggler.BeattySlope.dio_of_not_liouvilleWith' depends on axioms: [propext, Classical.choice, Quot.sound]
'Problems.Juggler.BeattySlope.ae_irrational' depends on axioms: [propext, Classical.choice, Quot.sound]
'Problems.Juggler.BeattySlope.ae_dio_family' depends on axioms: [propext, Classical.choice, Quot.sound]
'Problems.Juggler.BeattySlope.ae_passageCluster_dimH' depends on axioms: [propext, Classical.choice, Quot.sound]
'Problems.Juggler.BeattySlope.dio_of_quadratic' depends on axioms: [propext, Classical.choice, Quot.sound]
'Problems.Juggler.BeattySlope.quadratic_cluster_hausdorff' depends on axioms: [propext, Classical.choice, Quot.sound]
'Problems.Juggler.BeattySlope.golden_passageCluster_hausdorff' depends on axioms: [propext,
 Classical.choice,
 Quot.sound]
'Problems.Juggler.BeattySlope.cmp_eventually' depends on axioms: [propext, Classical.choice, Quot.sound]
'Problems.Juggler.BeattySlope.cmp_eventually_all' depends on axioms: [propext, Classical.choice, Quot.sound]
'Problems.Juggler.BeattySlope.firstPassage_eventually' depends on axioms: [propext, Classical.choice, Quot.sound]
'Problems.Juggler.BeattySlope.passageCount_eventually' depends on axioms: [propext, Classical.choice, Quot.sound]
'Problems.Juggler.BeattySlope.passageIndex_eventually' depends on axioms: [propext, Classical.choice, Quot.sound]
'Problems.Juggler.BeattySlope.passageJumpWeight_tendsto' depends on axioms: [propext, Classical.choice, Quot.sound]
'Problems.Juggler.BeattySlope.scheffe_tsum' depends on axioms: [propext, Classical.choice, Quot.sound]
'Problems.Juggler.BeattySlope.passageJumpWeight_l1' depends on axioms: [propext, Classical.choice, Quot.sound]
'Problems.Juggler.BeattySlope.passagePhase_tendsto' depends on axioms: [propext, Classical.choice, Quot.sound]
'Problems.Juggler.BeattySlope.passageProfile_tendsto' depends on axioms: [propext, Classical.choice, Quot.sound]
'Problems.Juggler.BeattySlope.passageLaw_slope_tendsto' depends on axioms: [propext, Classical.choice, Quot.sound]
'Problems.Juggler.BeattySlope.passageContent_tendsto' depends on axioms: [propext, Classical.choice, Quot.sound]
'Problems.Juggler.BeattySlope.inv_tendsto_irrNhds' depends on axioms: [propext, Classical.choice, Quot.sound]
'Problems.Juggler.BeattySlope.passageContent_slope_tendsto' depends on axioms: [propext, Classical.choice, Quot.sound]
'Problems.Juggler.BeattySlope.passageLaw_slope_cont' depends on axioms: [propext, Classical.choice, Quot.sound]
'Problems.Juggler.BeattySlope.passageGammaScale_pos' depends on axioms: [propext, Classical.choice, Quot.sound]
'Problems.Juggler.BeattySlope.passageGamma_phase_asymptotic' depends on axioms: [propext, Classical.choice, Quot.sound]
'Problems.Juggler.BeattySlope.passageGammaProfile_periodic' depends on axioms: [propext, Classical.choice, Quot.sound]
'Problems.Juggler.BeattySlope.passageGamma_periodic_asymptotic' depends on axioms: [propext,
 Classical.choice,
 Quot.sound]
'Problems.Juggler.BeattySlope.passageGamma_asymptotic_recip' depends on axioms: [propext, Classical.choice, Quot.sound]
'Problems.Juggler.BeattySlope.passageGammaAmp_measurable' depends on axioms: [propext, Classical.choice, Quot.sound]
'Problems.Juggler.BeattySlope.passageGammaAmp_pos' depends on axioms: [propext, Classical.choice, Quot.sound]
'Problems.Juggler.BeattySlope.passageGammaAmp_bounds' depends on axioms: [propext, Classical.choice, Quot.sound]
'Problems.Juggler.BeattySlope.passageProfile_ae_deriv_zero' depends on axioms: [propext, Classical.choice, Quot.sound]
'Problems.Juggler.BeattySlope.passageGammaAmp_ae_deriv' depends on axioms: [propext, Classical.choice, Quot.sound]
'Problems.Juggler.BeattySlope.passageGammaLaw_absCont' depends on axioms: [propext, Classical.choice, Quot.sound]
'Problems.Juggler.BeattySlope.passageLaw_mutSingular_gamma' depends on axioms: [propext, Classical.choice, Quot.sound]
'Problems.Juggler.BeattySlope.passageGammaLaw_clusterSet' depends on axioms: [propext, Classical.choice, Quot.sound]
'Problems.Juggler.BeattySlope.passageGammaLaw_cdf_continuous' depends on axioms: [propext, Classical.choice, Quot.sound]
'Problems.Juggler.BeattySlope.passageGamma_empiricalLaw' depends on axioms: [propext, Classical.choice, Quot.sound]
'Problems.Juggler.BeattySlope.passageGamma_threshold_freq' depends on axioms: [propext, Classical.choice, Quot.sound]
'Problems.Juggler.BeattySlope.passageGamma_average_tendsto' depends on axioms: [propext, Classical.choice, Quot.sound]
'Problems.Juggler.BeattySlope.passageGammaDensity_measurable' depends on axioms: [propext, Classical.choice, Quot.sound]
'Problems.Juggler.BeattySlope.passageGammaJumpLeft_pos' depends on axioms: [propext, Classical.choice, Quot.sound]
'Problems.Juggler.BeattySlope.passageGammaJumpLeft_le_right' depends on axioms: [propext, Classical.choice, Quot.sound]
'Problems.Juggler.BeattySlope.passageGammaLaw_occupation' depends on axioms: [propext, Classical.choice, Quot.sound]
'Problems.Juggler.BeattySlope.passageGammaLaw_eq_sum_log' depends on axioms: [propext, Classical.choice, Quot.sound]
'Problems.Juggler.BeattySlope.passageGammaLaw_eq_withDensity' depends on axioms: [propext, Classical.choice, Quot.sound]
'Problems.Juggler.BeattySlope.passageGammaDensity_lintegral' depends on axioms: [propext, Classical.choice, Quot.sound]
'Problems.Juggler.BeattySlope.passageGammaDensity_ae_lt_top' depends on axioms: [propext, Classical.choice, Quot.sound]
'Problems.Juggler.BeattySlope.passageGammaDensity_nonpos' depends on axioms: [propext, Classical.choice, Quot.sound]
'Problems.Juggler.BeattySlope.passage_log_jump_normalization' depends on axioms: [propext, Classical.choice, Quot.sound]
'Problems.Juggler.BeattySlope.passageGammaJump_bounds' depends on axioms: [propext, Classical.choice, Quot.sound]
'Problems.Juggler.BeattySlope.passageGammaLaw_ae_envelope' depends on axioms: [propext, Classical.choice, Quot.sound]
'Problems.Juggler.BeattySlope.passageGammaLaw_integrable_rpow' depends on axioms: [propext,
 Classical.choice,
 Quot.sound]
'Problems.Juggler.BeattySlope.passageGamma_endpoint_moment' depends on axioms: [propext, Classical.choice, Quot.sound]
'Problems.Juggler.BeattySlope.passageGammaLaw_moment_hasSum' depends on axioms: [propext, Classical.choice, Quot.sound]
'Problems.Juggler.BeattySlope.passageGammaAmp_tendsto_left' depends on axioms: [propext, Classical.choice, Quot.sound]
'Problems.Juggler.BeattySlope.passageGammaAmp_lowerSemicont' depends on axioms: [propext, Classical.choice, Quot.sound]
'Problems.Juggler.BeattySlope.passageGammaAmp_endpoints' depends on axioms: [propext, Classical.choice, Quot.sound]
'Problems.Juggler.BeattySlope.passageGammaAmp_image_ordConn' depends on axioms: [propext, Classical.choice, Quot.sound]
'Problems.Juggler.BeattySlope.passageGammaLaw_support_image' depends on axioms: [propext, Classical.choice, Quot.sound]
'Problems.Juggler.BeattySlope.passageGammaLaw_support_jumps' depends on axioms: [propext, Classical.choice, Quot.sound]
'Problems.Juggler.BeattySlope.passageGammaLaw_support_ordConn' depends on axioms: [propext,
 Classical.choice,
 Quot.sound]
'Problems.Juggler.BeattySlope.passageGammaSupport_isCompact' depends on axioms: [propext, Classical.choice, Quot.sound]
'Problems.Juggler.BeattySlope.passageGamma_cluster_iff_support' depends on axioms: [propext,
 Classical.choice,
 Quot.sound]
'Problems.Juggler.BeattySlope.passageGammaJump_left_lt_right' depends on axioms: [propext, Classical.choice, Quot.sound]
'Problems.Juggler.BeattySlope.passageGammaJump_mem_support' depends on axioms: [propext, Classical.choice, Quot.sound]
'Problems.Juggler.BeattySlope.passageGamma_endpoints_mem' depends on axioms: [propext, Classical.choice, Quot.sound]
'Problems.Juggler.BeattySlope.passageGammaLaw_support_eq_Icc' depends on axioms: [propext, Classical.choice, Quot.sound]
'Problems.Juggler.BeattySlope.passageGamma_endpoints_bounds' depends on axioms: [propext, Classical.choice, Quot.sound]
'Problems.Juggler.BeattySlope.passageGamma_cluster_iff' depends on axioms: [propext, Classical.choice, Quot.sound]
'Problems.Juggler.BeattySlope.passageGammaLaw_Ioo_pos' depends on axioms: [propext, Classical.choice, Quot.sound]
'Problems.Juggler.BeattySlope.passageGammaLaw_cdf_strictMono' depends on axioms: [propext, Classical.choice, Quot.sound]
'Problems.Juggler.BeattySlope.passageGammaDensity_lsc' depends on axioms: [propext, Classical.choice, Quot.sound]
'Problems.Juggler.BeattySlope.passageGammaDensity_top_of_tails' depends on axioms: [propext,
 Classical.choice,
 Quot.sound]
'Problems.Juggler.BeattySlope.volume_passageGammaDensity_top' depends on axioms: [propext, Classical.choice, Quot.sound]
'Problems.Juggler.BeattySlope.isOpen_passageGammaTail' depends on axioms: [propext, Classical.choice, Quot.sound]
'Problems.Juggler.BeattySlope.isGδ_passageGammaBlowupSet' depends on axioms: [propext, Classical.choice, Quot.sound]
'Problems.Juggler.BeattySlope.passageGammaTail_inter_open' depends on axioms: [propext, Classical.choice, Quot.sound]
'Problems.Juggler.BeattySlope.closure_passageGammaBlowupSet' depends on axioms: [propext, Classical.choice, Quot.sound]
'Problems.Juggler.BeattySlope.passageGammaBlowup_subset_top' depends on axioms: [propext, Classical.choice, Quot.sound]
'Problems.Juggler.BeattySlope.volume_passageGammaBlowupSet' depends on axioms: [propext, Classical.choice, Quot.sound]
'Problems.Juggler.BeattySlope.passageGammaDensity_superlevel' depends on axioms: [propext, Classical.choice, Quot.sound]
'Problems.Juggler.BeattySlope.passageGammaDensity_no_ae_bound' depends on axioms: [propext,
 Classical.choice,
 Quot.sound]
'Problems.Juggler.BeattySlope.passageGammaJump_length_le' depends on axioms: [propext, Classical.choice, Quot.sound]
'Problems.Juggler.BeattySlope.passageGammaLaw_concentration' depends on axioms: [propext, Classical.choice, Quot.sound]
'Problems.Juggler.BeattySlope.passageGammaLaw_cdf_holder' depends on axioms: [propext, Classical.choice, Quot.sound]
'Problems.Juggler.BeattySlope.passageGammaDensity_weak_three' depends on axioms: [propext, Classical.choice, Quot.sound]
'Problems.Juggler.BeattySlope.passageGammaDensity_envelope' depends on axioms: [propext, Classical.choice, Quot.sound]
'Problems.Juggler.BeattySlope.passageGammaDensity_rpow_lt_top' depends on axioms: [propext,
 Classical.choice,
 Quot.sound]
'Problems.Juggler.BeattySlope.passageGammaDensity_memLp' depends on axioms: [propext, Classical.choice, Quot.sound]
'Problems.Juggler.BeattySlope.passageGammaCdf_not_lipschitzOn' depends on axioms: [propext,
 Classical.choice,
 Quot.sound]
'Problems.Juggler.BeattySlope.passageGammaBlowupSet_eq_top' depends on axioms: [propext, Classical.choice, Quot.sound]
'Problems.Juggler.BeattySlope.passageGammaDensity_top_hausdorff' depends on axioms: [propext,
 Classical.choice,
 Quot.sound]
'Problems.Juggler.BeattySlope.passageGammaDensity_top_dimH_le' depends on axioms: [propext,
 Classical.choice,
 Quot.sound]
'Problems.Juggler.BeattyPhase.jumpProfileRight_le_of_lt' depends on axioms: [propext, Classical.choice, Quot.sound]
'Problems.Juggler.BeattyPhase.jumpProfile_le_right' depends on axioms: [propext, Classical.choice, Quot.sound]
'Problems.Juggler.BeattyPhase.jumpRange_bracket' depends on axioms: [propext, Classical.choice, Quot.sound]
'Problems.Juggler.BeattyPhase.jumpRange_eq_of_bracket' depends on axioms: [propext, Classical.choice, Quot.sound]
'Problems.Juggler.BeattyPhase.mem_cutGaps' depends on axioms: [propext, Classical.choice, Quot.sound]
'Problems.Juggler.BeattyPhase.exists_cutGap' depends on axioms: [propext, Classical.choice, Quot.sound]
'Problems.Juggler.BeattyPhase.cutGap_eq_of_mem' depends on axioms: [propext, Classical.choice, Quot.sound]
'Problems.Juggler.BeattyPhase.cutGap_eq_of_no_cut' depends on axioms: [propext, Classical.choice, Quot.sound]
'Problems.Juggler.BeattyPhase.card_cutGaps_le' depends on axioms: [propext, Classical.choice, Quot.sound]
'Problems.Juggler.BeattyPhase.jumpRange_subset_cuts' depends on axioms: [propext, Classical.choice, Quot.sound]
'Problems.Juggler.BeattyPhase.jumpGap_mass_le' depends on axioms: [propext, Classical.choice, Quot.sound]
'Problems.Juggler.BeattyPhase.jumpRange_hausdorff_zero' depends on axioms: [propext, Classical.choice, Quot.sound]
'Problems.Juggler.BeattyPhase.dimH_eq_zero_of_hausdorff' depends on axioms: [propext, Classical.choice, Quot.sound]
'Problems.Juggler.BeattySlope.tailMass_nonneg' depends on axioms: [propext, Classical.choice, Quot.sound]
'Problems.Juggler.BeattySlope.chain_no_cut_between' depends on axioms: [propext, Classical.choice, Quot.sound]
'Problems.Juggler.BeattySlope.chain_label_mem' depends on axioms: [propext, Classical.choice, Quot.sound]
'Problems.Juggler.BeattySlope.card_earlyCuts_le' depends on axioms: [propext, Classical.choice, Quot.sound]
'Problems.Juggler.BeattySlope.mem_earlyCuts' depends on axioms: [propext, Classical.choice, Quot.sound]
'Problems.Juggler.BeattySlope.chain_cut_bound' depends on axioms: [propext, Classical.choice, Quot.sound]
'Problems.Juggler.BeattySlope.tailMass_le' depends on axioms: [propext, Classical.choice, Quot.sound]
'Problems.Juggler.BeattySlope.liouville_cluster_hausdorff' depends on axioms: [propext, Classical.choice, Quot.sound]
'Problems.Juggler.BeattySlope.liouville_cluster_dimH' depends on axioms: [propext, Classical.choice, Quot.sound]
'Problems.Juggler.BeattySlope.passageGammaAmp_tendsto' depends on axioms: [propext, Classical.choice, Quot.sound]
'Problems.Juggler.BeattySlope.passageGammaLaw_slope_cont' depends on axioms: [propext, Classical.choice, Quot.sound]
'Problems.Juggler.BeattySlope.rpow_finset_sum_le' depends on axioms: [propext, Classical.choice, Quot.sound]
'Problems.Juggler.BeattySlope.sum_rpow_le_card_mul' depends on axioms: [propext, Classical.choice, Quot.sound]
'Problems.Juggler.BeattySlope.sum_tsum_le_of_disjoint' depends on axioms: [propext, Classical.choice, Quot.sound]
'Problems.Juggler.BeattySlope.chain_same_gap' depends on axioms: [propext, Classical.choice, Quot.sound]
'Problems.Juggler.BeattySlope.chain_cut_bound_sharp' depends on axioms: [propext, Classical.choice, Quot.sound]
'Problems.Juggler.BeattySlope.not_bad_cluster_hausdorff' depends on axioms: [propext, Classical.choice, Quot.sound]
'Problems.Juggler.BeattySlope.cluster_hausdorff_pos_iff' depends on axioms: [propext, Classical.choice, Quot.sound]
'Problems.Juggler.BeattySlope.dio_exponent_hausdorff' depends on axioms: [propext, Classical.choice, Quot.sound]
'Problems.Juggler.BeattySlope.dio_exponent_dimH_le' depends on axioms: [propext, Classical.choice, Quot.sound]
'Problems.Juggler.BeattySlope.sum_allWords_choose' depends on axioms: [propext, Classical.choice, Quot.sound]
'Problems.Juggler.BeattySlope.survivorWeight_le_weakTail' depends on axioms: [propext, Classical.choice, Quot.sound]
'Problems.Juggler.BeattySlope.tilted_boundary_term_le' depends on axioms: [propext, Classical.choice, Quot.sound]
'Problems.Juggler.BeattySlope.survivorWeight_le_endpoint' depends on axioms: [propext, Classical.choice, Quot.sound]
'Problems.Juggler.BeattySlope.tiltedEndpoint_tendsto_zero' depends on axioms: [propext, Classical.choice, Quot.sound]
'Problems.Juggler.BeattySlope.tiltedSurvivor_tendsto_zero' depends on axioms: [propext, Classical.choice, Quot.sound]
'Problems.Juggler.BeattySlope.critSurvival_tendsto_zero' depends on axioms: [propext, Classical.choice, Quot.sound]
'Problems.Juggler.BeattySlope.passageCritMass_hasSum_all' depends on axioms: [propext, Classical.choice, Quot.sound]
'Problems.Juggler.BeattySlope.passageJumpWeight_hasSum_all' depends on axioms: [propext, Classical.choice, Quot.sound]
'Problems.Juggler.BeattySlope.passage_jump_hasSum_all' depends on axioms: [propext, Classical.choice, Quot.sound]
'Problems.Juggler.BeattySlope.cmp_eventually_left' depends on axioms: [propext, Classical.choice, Quot.sound]
'Problems.Juggler.BeattySlope.firstPassage_eventually_left' depends on axioms: [propext, Classical.choice, Quot.sound]
'Problems.Juggler.BeattySlope.passageCount_eventually_left' depends on axioms: [propext, Classical.choice, Quot.sound]
'Problems.Juggler.BeattySlope.passageIndex_eventually_left' depends on axioms: [propext, Classical.choice, Quot.sound]
'Problems.Juggler.BeattySlope.passageJumpWeight_tendsto_left' depends on axioms: [propext, Classical.choice, Quot.sound]
'Problems.Juggler.BeattySlope.passageJumpWeight_l1_left' depends on axioms: [propext, Classical.choice, Quot.sound]
'Problems.Juggler.BeattySlope.passagePhase_tendsto_left' depends on axioms: [propext, Classical.choice, Quot.sound]
'Problems.Juggler.BeattySlope.passageProfile_monotone_all' depends on axioms: [propext, Classical.choice, Quot.sound]
'Problems.Juggler.BeattySlope.passageProfile_tendsto_left' depends on axioms: [propext, Classical.choice, Quot.sound]
'Problems.Juggler.BeattySlope.passageLaw_tendsto_left' depends on axioms: [propext, Classical.choice, Quot.sound]
'Problems.Juggler.BeattySlope.passagePhase_rational' depends on axioms: [propext, Classical.choice, Quot.sound]
'Problems.Juggler.BeattySlope.passageProfile_rational_step' depends on axioms: [propext, Classical.choice, Quot.sound]
'Problems.Juggler.BeattySlope.passageLaw_rational_eq' depends on axioms: [propext, Classical.choice, Quot.sound]
'Problems.Juggler.BeattySlope.passageLaw_rational_left' depends on axioms: [propext, Classical.choice, Quot.sound]
'Problems.Juggler.BeattySlope.inv_tendsto_left' depends on axioms: [propext, Classical.choice, Quot.sound]
'Problems.Juggler.BeattySlope.passageLaw_rational_slope' depends on axioms: [propext, Classical.choice, Quot.sound]
'Problems.Juggler.BeattySlope.passageProfile_lt_of_phase' depends on axioms: [propext, Classical.choice, Quot.sound]
'Problems.Juggler.BeattySlope.passageProfile_rational_lt' depends on axioms: [propext, Classical.choice, Quot.sound]
'Problems.Juggler.BeattySlope.weakEndpointWeight_nonneg' depends on axioms: [propext, Classical.choice, Quot.sound]
'Problems.Juggler.BeattySlope.survivorWeight_weak_recurrence' depends on axioms: [propext, Classical.choice, Quot.sound]
'Problems.Juggler.BeattySlope.weak_first_term_phase_limit' depends on axioms: [propext, Classical.choice, Quot.sound]
'Problems.Juggler.BeattySlope.weak_endpoint_phase_limit' depends on axioms: [propext, Classical.choice, Quot.sound]
'Problems.Juggler.BeattySlope.weakTerminalPhase_bounds' depends on axioms: [propext, Classical.choice, Quot.sound]
'Problems.Juggler.BeattySlope.weakTerminalPhase_abs_le' depends on axioms: [propext, Classical.choice, Quot.sound]
'Problems.Juggler.BeattySlope.weakTerminalPhase_periodic' depends on axioms: [propext, Classical.choice, Quot.sound]
'Problems.Juggler.BeattySlope.normalizedWeakEndpoint_nonneg' depends on axioms: [propext, Classical.choice, Quot.sound]
'Problems.Juggler.BeattySlope.survivor_eq_weak_renewal' depends on axioms: [propext, Classical.choice, Quot.sound]
'Problems.Juggler.BeattySlope.summable_weak_survivor' depends on axioms: [propext, Classical.choice, Quot.sound]
'Problems.Juggler.BeattySlope.summable_weak_phase_terms' depends on axioms: [propext, Classical.choice, Quot.sound]
'Problems.Juggler.BeattySlope.weakSurvivorPhase_bounds' depends on axioms: [propext, Classical.choice, Quot.sound]
'Problems.Juggler.BeattySlope.weakSurvivorPhase_periodic' depends on axioms: [propext, Classical.choice, Quot.sound]
'Problems.Juggler.BeattySlope.weak_survivor_phase_limit' depends on axioms: [propext, Classical.choice, Quot.sound]
'Problems.Juggler.BeattySlope.passageProfileRight_transfer' depends on axioms: [propext, Classical.choice, Quot.sound]
'Problems.Juggler.BeattySlope.weak_passage_phase_limit' depends on axioms: [propext, Classical.choice, Quot.sound]
'Problems.Juggler.BeattySlope.weakCutoff_passageIndex' depends on axioms: [propext, Classical.choice, Quot.sound]
'Problems.Juggler.BeattySlope.passageRatio_sub_right_tendsto' depends on axioms: [propext, Classical.choice, Quot.sound]
'Problems.Juggler.BeattySlope.integral_passageProfileLaw' depends on axioms: [propext, Classical.choice, Quot.sound]
'Problems.Juggler.BeattySlope.passageProfileLaw_irrational' depends on axioms: [propext, Classical.choice, Quot.sound]
'Problems.Juggler.BeattySlope.empiricalLaw_periodic_tendsto' depends on axioms: [propext, Classical.choice, Quot.sound]
'Problems.Juggler.BeattySlope.passageProfileRight_rational' depends on axioms: [propext, Classical.choice, Quot.sound]
'Problems.Juggler.BeattySlope.passageRatio_law_rational' depends on axioms: [propext, Classical.choice, Quot.sound]
'Problems.Juggler.BeattySlope.passageProfileLaw_rational' depends on axioms: [propext, Classical.choice, Quot.sound]
'Problems.Juggler.BeattySlope.passageRatio_law_tendsto' depends on axioms: [propext, Classical.choice, Quot.sound]
'Problems.Juggler.BeattySlope.passageRatio_law_slope' depends on axioms: [propext, Classical.choice, Quot.sound]
'Problems.Juggler.BeattySlope.exists_passageRatio_law' depends on axioms: [propext, Classical.choice, Quot.sound]
'Problems.Juggler.BeattySlope.passageProfile_tendsto_of' depends on axioms: [propext, Classical.choice, Quot.sound]
'Problems.Juggler.BeattySlope.passageAvg_tendsto_of' depends on axioms: [propext, Classical.choice, Quot.sound]
'Problems.Juggler.BeattySlope.passageLaw_tendsto_of_avg' depends on axioms: [propext, Classical.choice, Quot.sound]
'Problems.Juggler.BeattySlope.passageProfileLaw_continuousAt' depends on axioms: [propext, Classical.choice, Quot.sound]
'Problems.Juggler.BeattySlope.passageProfileLaw_tendsto_left' depends on axioms: [propext, Classical.choice, Quot.sound]
'Problems.Juggler.BeattySlope.cmp_eventually_right' depends on axioms: [propext, Classical.choice, Quot.sound]
'Problems.Juggler.BeattySlope.firstPassage_eventually_right' depends on axioms: [propext, Classical.choice, Quot.sound]
'Problems.Juggler.BeattySlope.passageCount_eventually_right' depends on axioms: [propext, Classical.choice, Quot.sound]
'Problems.Juggler.BeattySlope.passageIndex_eventually_right' depends on axioms: [propext, Classical.choice, Quot.sound]
'Problems.Juggler.BeattySlope.passageWeight_tendsto_right' depends on axioms: [propext, Classical.choice, Quot.sound]
'Problems.Juggler.BeattySlope.passagePhase_tendsto_right' depends on axioms: [propext, Classical.choice, Quot.sound]
'Problems.Juggler.BeattySlope.passage_tail_le' depends on axioms: [propext, Classical.choice, Quot.sound]
'Problems.Juggler.BeattySlope.survivorWords_anti' depends on axioms: [propext, Classical.choice, Quot.sound]
'Problems.Juggler.BeattySlope.passageWeightUp_hasSum_all' depends on axioms: [propext, Classical.choice, Quot.sound]
'Problems.Juggler.BeattySlope.passageWeightUp_zero' depends on axioms: [propext, Classical.choice, Quot.sound]
'Problems.Juggler.BeattySlope.passageWeightUp_hasSum' depends on axioms: [propext, Classical.choice, Quot.sound]
'Problems.Juggler.BeattySlope.passageProfileUp_monotone' depends on axioms: [propext, Classical.choice, Quot.sound]
'Problems.Juggler.BeattySlope.integral_passageLawUp' depends on axioms: [propext, Classical.choice, Quot.sound]
'Problems.Juggler.BeattySlope.passageProfileLaw_tendsto_right' depends on axioms: [propext,
 Classical.choice,
 Quot.sound]
'Problems.Juggler.BeattySlope.passagePhaseUp_rational' depends on axioms: [propext, Classical.choice, Quot.sound]
'Problems.Juggler.BeattySlope.jumpProfile_step' depends on axioms: [propext, Classical.choice, Quot.sound]
'Problems.Juggler.BeattySlope.integral_step_eq' depends on axioms: [propext, Classical.choice, Quot.sound]
'Problems.Juggler.BeattySlope.passageProfileUp_rational_one' depends on axioms: [propext, Classical.choice, Quot.sound]
'Problems.Juggler.BeattySlope.integral_passageLawUp_rational' depends on axioms: [propext, Classical.choice, Quot.sound]
'Problems.Juggler.BeattySlope.passageProfileUp_rational_first' depends on axioms: [propext,
 Classical.choice,
 Quot.sound]
'Problems.Juggler.BeattySlope.passageLawUp_one' depends on axioms: [propext, Classical.choice, Quot.sound]
'Problems.Juggler.BeattySlope.passageProfileLaw_one' depends on axioms: [propext, Classical.choice, Quot.sound]
'Problems.Juggler.BeattySlope.passageLawUp_ne_rational' depends on axioms: [propext, Classical.choice, Quot.sound]
'Problems.Juggler.BeattySlope.passageProfileLaw_discont' depends on axioms: [propext, Classical.choice, Quot.sound]
'Problems.Juggler.BeattySlope.passageProfileLaw_contAt_iff' depends on axioms: [propext, Classical.choice, Quot.sound]
'Problems.Juggler.BeattySlope.inv_tendsto_right' depends on axioms: [propext, Classical.choice, Quot.sound]
'Problems.Juggler.BeattySlope.passageLaw_slope_right' depends on axioms: [propext, Classical.choice, Quot.sound]
'Problems.Juggler.BeattySlope.passageLaw_slope_rightCont' depends on axioms: [propext, Classical.choice, Quot.sound]
'Problems.Juggler.BeattySlope.passageLaw_slope_left' depends on axioms: [propext, Classical.choice, Quot.sound]
'Problems.Juggler.BeattySlope.passageLaw_slope_jump' depends on axioms: [propext, Classical.choice, Quot.sound]
'Problems.Juggler.BeattySlope.passageLaw_slope_contAt_iff' depends on axioms: [propext, Classical.choice, Quot.sound]
'Problems.Juggler.BeattySlope.passageLaw_slope_contAt' depends on axioms: [propext, Classical.choice, Quot.sound]
'Problems.Juggler.BeattySlope.jumpGap_mass_ge' depends on axioms: [propext, Classical.choice, Quot.sound]
'Problems.Juggler.BeattySlope.rotation_many_hits' depends on axioms: [propext, Classical.choice, Quot.sound]
'Problems.Juggler.BeattySlope.passageCdf_sum_le' depends on axioms: [propext, Classical.choice, Quot.sound]
'Problems.Juggler.BeattySlope.passageCdf_mass_lower' depends on axioms: [propext, Classical.choice, Quot.sound]
'Problems.Juggler.BeattySlope.passageCdf_holder_sharp' depends on axioms: [propext, Classical.choice, Quot.sound]
'Problems.Juggler.BeattySlope.passageCluster_dimH_ge_sharp' depends on axioms: [propext, Classical.choice, Quot.sound]
'Problems.Juggler.BeattySlope.cluster_dimH_ge_sharp' depends on axioms: [propext, Classical.choice, Quot.sound]
'Problems.Juggler.BeattySlope.cluster_dimH_ge_class' depends on axioms: [propext, Classical.choice, Quot.sound]
'Problems.Juggler.BeattySlope.cluster_dimH_gt_denjoy' depends on axioms: [propext, Classical.choice, Quot.sound]
'Problems.Juggler.BeattySlope.cluster_dimH_window' depends on axioms: [propext, Classical.choice, Quot.sound]
'Problems.Juggler.BeattySlope.approx_of_liouvilleWith' depends on axioms: [propext, Classical.choice, Quot.sound]
'Problems.Juggler.BeattySlope.cluster_dimH_eq_iff' depends on axioms: [propext, Classical.choice, Quot.sound]
'Problems.Juggler.BeattySlope.log_cluster_dimH_iff' depends on axioms: [propext, Classical.choice, Quot.sound]
'Problems.Juggler.BeattySlope.gapMass_nonneg' depends on axioms: [propext, Classical.choice, Quot.sound]
'Problems.Juggler.BeattySlope.CellCover' depends on axioms: [propext, Classical.choice, Quot.sound]
'Problems.Juggler.BeattySlope.cellCover_self' depends on axioms: [propext, Classical.choice, Quot.sound]
'Problems.Juggler.BeattySlope.exists_cutGap_Icc' depends on axioms: [propext, Classical.choice, Quot.sound]
'Problems.Juggler.BeattySlope.sum_biUnion_le_of_nonneg' depends on axioms: [propext, Classical.choice, Quot.sound]
'Problems.Juggler.BeattySlope.cellCover_of_gaps' depends on axioms: [propext, Classical.choice, Quot.sound]
'Problems.Juggler.BeattySlope.cellCover_hausdorff_zero' depends on axioms: [propext, Classical.choice, Quot.sound]
'Problems.Juggler.BeattySlope.card_le_of_separated' depends on axioms: [propext, Classical.choice, Quot.sound]
'Problems.Juggler.BeattySlope.phase_separated' depends on axioms: [propext, Classical.choice, Quot.sound]
'Problems.Juggler.BeattySlope.block_count_le' depends on axioms: [propext, Classical.choice, Quot.sound]
'Problems.Juggler.BeattySlope.sum_range_three_halves_le' depends on axioms: [propext, Classical.choice, Quot.sound]
'Problems.Juggler.BeattySlope.cell_tail_le' depends on axioms: [propext, Classical.choice, Quot.sound]
'Problems.Juggler.BeattySlope.chain_same_cell_gap' depends on axioms: [propext, Classical.choice, Quot.sound]
'Problems.Juggler.BeattySlope.card_mid_gaps_le' depends on axioms: [propext, Classical.choice, Quot.sound]
'Problems.Juggler.BeattySlope.gap_short_of_approx' depends on axioms: [propext, Classical.choice, Quot.sound]
'Problems.Juggler.BeattySlope.card_range_filter_le' depends on axioms: [propext, Classical.choice, Quot.sound]
'Problems.Juggler.BeattySlope.cell_block_count' depends on axioms: [propext, Classical.choice, Quot.sound]
'Problems.Juggler.BeattySlope.cell_refine_step' depends on axioms: [propext, Classical.choice, Quot.sound]
'Problems.Juggler.BeattySlope.step_cost_le' depends on axioms: [propext, Classical.choice, Quot.sound]
'Problems.Juggler.BeattySlope.weight_const_nonneg' depends on axioms: [propext, Classical.choice, Quot.sound]
'Problems.Juggler.BeattySlope.levelCovers_base' depends on axioms: [propext, Classical.choice, Quot.sound]
'Problems.Juggler.BeattySlope.good_approx_sq' depends on axioms: [propext, Classical.choice, Quot.sound]
'Problems.Juggler.BeattySlope.levelCovers_step' depends on axioms: [propext, Classical.choice, Quot.sound]
'Problems.Juggler.BeattySlope.levelCovers_exists' depends on axioms: [propext, Classical.choice, Quot.sound]
'Problems.Juggler.BeattySlope.regular_hausdorff_zero' depends on axioms: [propext, Classical.choice, Quot.sound]
'Problems.Juggler.BeattySlope.regular_cluster_dimH_le' depends on axioms: [propext, Classical.choice, Quot.sound]
'Problems.Juggler.BeattySlope.regular_cluster_dimH_le'' depends on axioms: [propext, Classical.choice, Quot.sound]
'Problems.Juggler.BeattySlope.regular_dio_lower' depends on axioms: [propext, Classical.choice, Quot.sound]
'Problems.Juggler.BeattySlope.regular_cluster_dimH_eq' depends on axioms: [propext, Classical.choice, Quot.sound]
'Problems.Juggler.BeattySlope.cfDen_add_two' does not depend on any axioms
'Problems.Juggler.BeattySlope.cfNum_add_two' does not depend on any axioms
'Problems.Juggler.BeattySlope.cf_det' depends on axioms: [propext, Classical.choice, Quot.sound]
'Problems.Juggler.BeattySlope.cf_det_two' depends on axioms: [propext, Classical.choice, Quot.sound]
'Problems.Juggler.BeattySlope.cfDen_le_succ' depends on axioms: [propext, Classical.choice, Quot.sound]
'Problems.Juggler.BeattySlope.cfDen_succ_pos' depends on axioms: [propext, Classical.choice, Quot.sound]
'Problems.Juggler.BeattySlope.le_cfDen' depends on axioms: [propext, Classical.choice, Quot.sound]
'Problems.Juggler.BeattySlope.cfDen_tendsto' depends on axioms: [propext, Classical.choice, Quot.sound]
'Problems.Juggler.BeattySlope.cfConv_odd_lt' depends on axioms: [propext, Classical.choice, Quot.sound]
'Problems.Juggler.BeattySlope.cfConv_even_lt' depends on axioms: [propext, Classical.choice, Quot.sound]
'Problems.Juggler.BeattySlope.cfConv_odd_lt_even' depends on axioms: [propext, Classical.choice, Quot.sound]
'Problems.Juggler.BeattySlope.cfConv_odd_lt_even'' depends on axioms: [propext, Classical.choice, Quot.sound]
'Problems.Juggler.BeattySlope.cfConv_odd_lt_lim' depends on axioms: [propext, Classical.choice, Quot.sound]
'Problems.Juggler.BeattySlope.cfLim_lt_conv_even' depends on axioms: [propext, Classical.choice, Quot.sound]
'Problems.Juggler.BeattySlope.cfErr_pos' depends on axioms: [propext, Classical.choice, Quot.sound]
'Problems.Juggler.BeattySlope.cf_sign_sq' depends on axioms: [propext, Classical.choice, Quot.sound]
'Problems.Juggler.BeattySlope.abs_cf_err' depends on axioms: [propext, Classical.choice, Quot.sound]
'Problems.Juggler.BeattySlope.cfErr_identity' depends on axioms: [propext, Classical.choice, Quot.sound]
'Problems.Juggler.BeattySlope.cfErr_recurrence' depends on axioms: [propext, Classical.choice, Quot.sound]
'Problems.Juggler.BeattySlope.cfErr_succ_le' depends on axioms: [propext, Classical.choice, Quot.sound]
'Problems.Juggler.BeattySlope.cfErr_le' depends on axioms: [propext, Classical.choice, Quot.sound]
'Problems.Juggler.BeattySlope.cfErr_ge' depends on axioms: [propext, Classical.choice, Quot.sound]
'Problems.Juggler.BeattySlope.cf_best_approx' depends on axioms: [propext, Classical.choice, Quot.sound]
'Problems.Juggler.BeattySlope.cf_goodConvergents' depends on axioms: [propext, Classical.choice, Quot.sound]
'Problems.Juggler.BeattySlope.cfLim_gt' depends on axioms: [propext, Classical.choice, Quot.sound]
'Problems.Juggler.BeattySlope.cfLim_irrational' depends on axioms: [propext, Classical.choice, Quot.sound]
'Problems.Juggler.BeattySlope.expQuot_succ_ge' depends on axioms: [propext, Classical.choice, Quot.sound]
'Problems.Juggler.BeattySlope.cfDen_expQuot' depends on axioms: [propext, Classical.choice, Quot.sound]
'Problems.Juggler.BeattySlope.one_lt_expSlope' depends on axioms: [propext, Classical.choice, Quot.sound]
'Problems.Juggler.BeattySlope.expSlope_irrational' depends on axioms: [propext, Classical.choice, Quot.sound]
'Problems.Juggler.BeattySlope.expDen_growth' depends on axioms: [propext, Classical.choice, Quot.sound]
'Problems.Juggler.BeattySlope.expSlope_good' depends on axioms: [propext, Classical.choice, Quot.sound]
'Problems.Juggler.BeattySlope.expSlope_cluster_dimH' depends on axioms: [propext, Classical.choice, Quot.sound]
'Problems.Juggler.BeattySlope.exists_slope_cluster_dimH' depends on axioms: [propext, Classical.choice, Quot.sound]
'Problems.Juggler.BeattySlope.cluster_dimH_spectrum' depends on axioms: [propext, Classical.choice, Quot.sound]
'Problems.Juggler.BeattySlope.regular_diophClass' depends on axioms: [propext, Classical.choice, Quot.sound]
'Problems.Juggler.BeattySlope.expSlope_diophClass' depends on axioms: [propext, Classical.choice, Quot.sound]
'Problems.Juggler.BeattySlope.gaussQuot_irrational' depends on axioms: [propext, Classical.choice, Quot.sound]
'Problems.Juggler.BeattySlope.fract_pos_of_irrational' depends on axioms: [propext, Classical.choice, Quot.sound]
'Problems.Juggler.BeattySlope.one_lt_gaussQuot' depends on axioms: [propext, Classical.choice, Quot.sound]
'Problems.Juggler.BeattySlope.cfDigits_succ_ge' depends on axioms: [propext, Classical.choice, Quot.sound]
'Problems.Juggler.BeattySlope.gaussQuot_nonneg' depends on axioms: [propext, Classical.choice, Quot.sound]
'Problems.Juggler.BeattySlope.gaussQuot_step' depends on axioms: [propext, Classical.choice, Quot.sound]
'Problems.Juggler.BeattySlope.cf_complete_identity' depends on axioms: [propext, Classical.choice, Quot.sound]
'Problems.Juggler.BeattySlope.cf_expansion_err_le' depends on axioms: [propext, Classical.choice, Quot.sound]
'Problems.Juggler.BeattySlope.cfLim_cfDigits' depends on axioms: [propext, Classical.choice, Quot.sound]
'Problems.Juggler.BeattySlope.irrational_goodConvergents' depends on axioms: [propext, Classical.choice, Quot.sound]
'Problems.Juggler.BeattySlope.cfDigits_den_tendsto' depends on axioms: [propext, Classical.choice, Quot.sound]
'Problems.Juggler.BeattySlope.GoodConvergents.shift' depends on axioms: [propext, Classical.choice, Quot.sound]
'Problems.Juggler.BeattySlope.cf_regular_dimH_eq' depends on axioms: [propext, Classical.choice, Quot.sound]
'Problems.Juggler.BeattySlope.upperBoxDim_mono' depends on axioms: [propext, Classical.choice, Quot.sound]
'Problems.Juggler.BeattySlope.upperBoxDim_closure' depends on axioms: [propext, Classical.choice, Quot.sound]
'Problems.Juggler.BeattySlope.upperBoxDim_le_of_tube' depends on axioms: [propext, Classical.choice, Quot.sound]
'Problems.Juggler.BeattySlope.le_upperBoxDim_of_tube' depends on axioms: [propext, Classical.choice, Quot.sound]
'Problems.Juggler.BeattySlope.modUpperBoxDim_le' depends on axioms: [propext, Classical.choice, Quot.sound]
'Problems.Juggler.BeattySlope.passageProfile_clamp' depends on axioms: [propext, Classical.choice, Quot.sound]
'Problems.Juggler.BeattySlope.passageGap_right_le' depends on axioms: [propext, Classical.choice, Quot.sound]
'Problems.Juggler.BeattySlope.exists_phase_window' depends on axioms: [propext, Classical.choice, Quot.sound]
'Problems.Juggler.BeattySlope.tailDensity_gap_pos' depends on axioms: [propext, Classical.choice, Quot.sound]
'Problems.Juggler.BeattySlope.passageCluster_local_tube' depends on axioms: [propext, Classical.choice, Quot.sound]
'Problems.Juggler.BeattySlope.passageCluster_modUpperBoxDim' depends on axioms: [propext, Classical.choice, Quot.sound]
'Problems.Juggler.BeattySlope.cluster_dim_gap_iff' depends on axioms: [propext, Classical.choice, Quot.sound]
'Problems.Juggler.BeattySlope.window_mass_le' depends on axioms: [propext, Classical.choice, Quot.sound]
'Problems.Juggler.BeattySlope.level_early_avoid' depends on axioms: [propext, Classical.choice, Quot.sound]
'Problems.Juggler.BeattySlope.levelLeft_bounds' depends on axioms: [propext, Classical.choice, Quot.sound]
'Problems.Juggler.BeattySlope.good_cf_level' depends on axioms: [propext, Classical.choice, Quot.sound]
'Problems.Juggler.BeattySlope.passageCdf_image_volume_pos' depends on axioms: [propext, Classical.choice, Quot.sound]
'Problems.Juggler.BeattySlope.passageLaw_dimH_ge' depends on axioms: [propext, Classical.choice, Quot.sound]
'Problems.Juggler.BeattySlope.passagePhase_succ_fract' depends on axioms: [propext, Classical.choice, Quot.sound]
'Problems.Juggler.BeattySlope.levelSet_measurable' depends on axioms: [propext, Classical.choice, Quot.sound]
'Problems.Juggler.BeattySlope.passage_level' depends on axioms: [propext, Classical.choice, Quot.sound]
'Problems.Juggler.BeattySlope.exists_fine_level' depends on axioms: [propext, Classical.choice, Quot.sound]
'Problems.Juggler.BeattySlope.tsum_half_tail' depends on axioms: [propext, Classical.choice, Quot.sound]
'Problems.Juggler.BeattySlope.passageLaw_null_set' depends on axioms: [propext, Classical.choice, Quot.sound]
'Problems.Juggler.BeattySlope.passageLaw_cluster' depends on axioms: [propext, Classical.choice, Quot.sound]
'Problems.Juggler.BeattySlope.lawDimH_le_of' depends on axioms: [propext, Classical.choice, Quot.sound]
'Problems.Juggler.BeattySlope.exists_pos_le_finset' depends on axioms: [propext, Classical.choice, Quot.sound]
'Problems.Juggler.BeattySlope.dioph_lower_of_class' depends on axioms: [propext, Classical.choice, Quot.sound]
'Problems.Juggler.BeattySlope.passageLaw_lawDimH_le' depends on axioms: [propext, Classical.choice, Quot.sound]
'Problems.Juggler.BeattySlope.passageLaw_lawDimH_liouville' depends on axioms: [propext, Classical.choice, Quot.sound]
'Problems.Juggler.BeattySlope.passageLaw_lawDimH_eq' depends on axioms: [propext, Classical.choice, Quot.sound]
'Problems.Juggler.BeattySlope.block_window_mass' depends on axioms: [propext, Classical.choice, Quot.sound]
'Problems.Juggler.BeattySlope.star_cut_bound' depends on axioms: [propext, Classical.choice, Quot.sound]
'Problems.Juggler.BeattySlope.starDim_quad' depends on axioms: [propext, Classical.choice, Quot.sound]
'Problems.Juggler.BeattySlope.starDim_pos' depends on axioms: [propext, Classical.choice, Quot.sound]
'Problems.Juggler.BeattySlope.dio_star_hausdorff' depends on axioms: [propext, Classical.choice, Quot.sound]
'Problems.Juggler.BeattySlope.dio_star_dimH_le' depends on axioms: [propext, Classical.choice, Quot.sound]
'Problems.Juggler.BeattySlope.le_upperBoxDim_of_tube_freq' depends on axioms: [propext, Classical.choice, Quot.sound]
'Problems.Juggler.BeattySlope.measure_mul_le_thickening' depends on axioms: [propext, Classical.choice, Quot.sound]
'Problems.Juggler.BeattySlope.conv_radius_identity' depends on axioms: [propext, Classical.choice, Quot.sound]
'Problems.Juggler.BeattySlope.passageLaw_ball_le' depends on axioms: [propext, Classical.choice, Quot.sound]
'Problems.Juggler.BeattySlope.passageLaw_upperBoxDim_ge' depends on axioms: [propext, Classical.choice, Quot.sound]
'Problems.Juggler.BeattySlope.passageLaw_lawDimP_eq' depends on axioms: [propext, Classical.choice, Quot.sound]
'Problems.Juggler.BeattySlope.passageLaw_dims_eq_iff' depends on axioms: [propext, Classical.choice, Quot.sound]
'Problems.Juggler.BeattySlope.isoQuot_succ_ge' depends on axioms: [propext, Classical.choice, Quot.sound]
'Problems.Juggler.BeattySlope.cfDen_isoQuot' depends on axioms: [propext, Classical.choice, Quot.sound]
'Problems.Juggler.BeattySlope.one_lt_isoSlope' depends on axioms: [propext, Classical.choice, Quot.sound]
'Problems.Juggler.BeattySlope.isoSlope_irrational' depends on axioms: [propext, Classical.choice, Quot.sound]
'Problems.Juggler.BeattySlope.isoDen_growth' depends on axioms: [propext, Classical.choice, Quot.sound]
'Problems.Juggler.BeattySlope.isoSlope_diophClass' depends on axioms: [propext, Classical.choice, Quot.sound]
'Problems.Juggler.BeattySlope.isoSlope_dims' depends on axioms: [propext, Classical.choice, Quot.sound]
