'Problems.Juggler.c6_eleven_eighths_five_fourths' depends on axioms: [propext, Classical.choice, Quot.sound]
'Problems.Juggler.c6_eleven_eighths_five_fourths_attained' depends on axioms: [propext, Classical.choice, Quot.sound]
'Problems.Juggler.carry_as_sawtooth' depends on axioms: [propext, Classical.choice, Quot.sound]
'Problems.Juggler.carry_identity' depends on axioms: [propext, Classical.choice, Quot.sound]
'Problems.Juggler.carry_mem_zero_one' depends on axioms: [propext, Classical.choice, Quot.sound]
'Problems.Juggler.double_difference_product' depends on axioms: [propext, Classical.choice, Quot.sound]
'Problems.Juggler.fract_diff_level2' depends on axioms: [propext, Classical.choice, Quot.sound]
'Problems.Juggler.gap_error_le_one' depends on axioms: [propext, Classical.choice, Quot.sound]
'Problems.Juggler.gap_error_not_halved_by_recentring' depends on axioms: [propext, Classical.choice, Quot.sound]
'Problems.Juggler.gap_error_one_attained' depends on axioms: [propext, Classical.choice, Quot.sound]
'Problems.Juggler.interpolant_assembly' depends on axioms: [propext, Classical.choice, Quot.sound]
'Problems.Juggler.interpolant_assembly_precorrection' depends on axioms: [propext, Classical.choice, Quot.sound]
'Problems.Juggler.interpolant_gain' depends on axioms: [propext, Classical.choice, Quot.sound]
'Problems.Juggler.interpolant_step_i' depends on axioms: [propext, Classical.choice, Quot.sound]
'Problems.Juggler.interpolant_step_i_precorrection' depends on axioms: [propext, Classical.choice, Quot.sound]
'Problems.Juggler.interpolant_step_ii_constant' depends on axioms: [propext, Classical.choice, Quot.sound]
'Problems.Juggler.interpolant_step_ii_precorrection' depends on axioms: [propext, Classical.choice, Quot.sound]
'Problems.Juggler.le_one_div_zero_iff' depends on axioms: [propext, Classical.choice, Quot.sound]
'Problems.Juggler.lemma43_closed_form' depends on axioms: [propext, Classical.choice, Quot.sound]
'Problems.Juggler.lemma43_nonneg' depends on axioms: [propext, Classical.choice, Quot.sound]
'Problems.Juggler.lemma43_remainder_of_sqrt' depends on axioms: [propext, Classical.choice, Quot.sound]
'Problems.Juggler.lemma43_upper' depends on axioms: [propext, Classical.choice, Quot.sound]
'Problems.Juggler.lemma51_brackets_le_two' depends on axioms: [propext, Classical.choice, Quot.sound]
'Problems.Juggler.lemma51_double_gap' depends on axioms: [propext, Classical.choice, Quot.sound]
'Problems.Juggler.lemma51_i_closed_form' depends on axioms: [propext, Classical.choice, Quot.sound]
'Problems.Juggler.lemma51_i_identity' depends on axioms: [propext, Classical.choice, Quot.sound]
'Problems.Juggler.lemma51_i_nonneg' depends on axioms: [propext, Classical.choice, Quot.sound]
'Problems.Juggler.lemma51_i_upper' depends on axioms: [propext, Classical.choice, Quot.sound]
'Problems.Juggler.lemma51_master' depends on axioms: [propext, Classical.choice, Quot.sound]
'Problems.Juggler.mul_le_one_iff_le_one_div' depends on axioms: [propext, Classical.choice, Quot.sound]
'Problems.Juggler.mvt_cube_explicit' depends on axioms: [propext, Classical.choice, Quot.sound]
'Problems.Juggler.mvt_sqrt_diff_explicit' depends on axioms: [propext, Classical.choice, Quot.sound]
'Problems.Juggler.offset_abs_le_three' depends on axioms: [propext, Classical.choice, Quot.sound]
'Problems.Juggler.offset_abs_le_two' depends on axioms: [propext, Classical.choice, Quot.sound]
'Problems.Juggler.row_5b_binding' depends on axioms: [propext, Classical.choice, Quot.sound]
'Problems.Juggler.row_5b_lam0_upper' depends on axioms: [propext, Classical.choice, Quot.sound]
'Problems.Juggler.row_s3s2_bdry_a' depends on axioms: [propext, Classical.choice, Quot.sound]
'Problems.Juggler.second_difference_exists_xi' depends on axioms: [propext, Classical.choice, Quot.sound]
'Problems.Juggler.second_difference_two_sided' depends on axioms: [propext, Classical.choice, Quot.sound]
'Problems.Juggler.sqrt_0_35_lower' depends on axioms: [propext, Classical.choice, Quot.sound]
'Problems.Juggler.sqrt_0_56_lower' depends on axioms: [propext, Classical.choice, Quot.sound]
'Problems.Juggler.step5b_c2_ceiling' depends on axioms: [propext, Classical.choice, Quot.sound]
'Problems.Juggler.step5b_c2_optimum_feasible' depends on axioms: [propext, Classical.choice, Quot.sound]
'Problems.Juggler.step5b_c7_printed' depends on axioms: [propext, Classical.choice, Quot.sound]
'Problems.Juggler.step5b_curvature_inverse' depends on axioms: [propext, Classical.choice, Quot.sound]
'Problems.Juggler.step5b_curvature_norm' depends on axioms: [propext, Classical.choice, Quot.sound]
'Problems.Juggler.step5b_uniform_saturates' depends on axioms: [propext, Classical.choice, Quot.sound]
'Problems.Juggler.step5b_vector_transfer' depends on axioms: [propext, Classical.choice, Quot.sound]
'Problems.Juggler.sublevel_raised_threshold' depends on axioms: [propext, Classical.choice, Quot.sound]
'Problems.Juggler.weight_form_of_min_bound' depends on axioms: [propext, Classical.choice, Quot.sound]
'Problems.Juggler.window_divided_form_fails_at_singular_mode' depends on axioms: [propext, Classical.choice, Quot.sound]
'Problems.Juggler.window_forms_agree' depends on axioms: [propext, Classical.choice, Quot.sound]
