'Problems.Juggler.DepthFiveFibreGeometry.endpointA_le' depends on axioms: [propext, Classical.choice, Quot.sound]
'Problems.Juggler.DepthFiveFibreGeometry.endpointB_le' depends on axioms: [propext, Classical.choice, Quot.sound]
'Problems.Juggler.DepthFiveFibreGeometry.endpointA_monotone' depends on axioms: [propext, Classical.choice, Quot.sound]
'Problems.Juggler.DepthFiveFibreGeometry.endpointB_monotone' depends on axioms: [propext, Classical.choice, Quot.sound]
'Problems.Juggler.DepthFiveFibreGeometry.formulaA_cell' depends on axioms: [propext, Classical.choice, Quot.sound]
'Problems.Juggler.DepthFiveFibreGeometry.formulaB_cell' depends on axioms: [propext, Classical.choice, Quot.sound]
'Problems.Juggler.DepthFiveFibreGeometry.actual_five_steps_A' depends on axioms: [propext, Quot.sound]
'Problems.Juggler.DepthFiveFibreGeometry.actual_five_steps_B' depends on axioms: [propext, Quot.sound]
'Problems.Juggler.DepthFiveFibreGeometry.inverse_bounds' depends on axioms: [propext, Classical.choice, Quot.sound]
'Problems.Juggler.DepthFiveFibreGeometry.rpow_two_thirds_add' depends on axioms: [propext, Classical.choice, Quot.sound]
'Problems.Juggler.DepthFiveFibreGeometry.endpointA_bounds' depends on axioms: [propext, Classical.choice, Quot.sound]
'Problems.Juggler.DepthFiveFibreGeometry.endpointB_bounds' depends on axioms: [propext, Classical.choice, Quot.sound]
'Problems.Juggler.DepthFiveFibreGeometry.mem_candidates' depends on axioms: [propext, Classical.choice, Quot.sound]
'Problems.Juggler.DepthFiveFibreGeometry.candidate_card' depends on axioms: [propext, Classical.choice, Quot.sound]
'Problems.Juggler.DepthFiveFibreGeometry.mem_fibreA' depends on axioms: [propext, Classical.choice, Quot.sound]
'Problems.Juggler.DepthFiveFibreGeometry.mem_fibreB' depends on axioms: [propext, Classical.choice, Quot.sound]
'Problems.Juggler.DepthFiveFibreGeometry.base_eq_mul_scale' depends on axioms: [propext, Classical.choice, Quot.sound]
'Problems.Juggler.DepthFiveFibreGeometry.power_increment' depends on axioms: [propext, Classical.choice, Quot.sound]
'Problems.Juggler.DepthFiveFibreGeometry.candidate_rounding' depends on axioms: [propext, Classical.choice, Quot.sound]
'Problems.Juggler.DepthFiveFibreGeometry.window_of_bounds' depends on axioms: [propext, Classical.choice, Quot.sound]
'Problems.Juggler.DepthFiveFibreGeometry.windowA' depends on axioms: [propext, Classical.choice, Quot.sound]
'Problems.Juggler.DepthFiveFibreGeometry.windowB' depends on axioms: [propext, Classical.choice, Quot.sound]
'Problems.Juggler.FateDepthFiveWeighted.scale_large' depends on axioms: [propext, Classical.choice, Quot.sound]
'Problems.Juggler.FateDepthFiveWeighted.scale_le_self' depends on axioms: [propext, Classical.choice, Quot.sound]
'Problems.Juggler.FateDepthFiveWeighted.fibre_mass_lower' depends on axioms: [propext, Classical.choice, Quot.sound]
'Problems.Juggler.FateDepthFiveWeighted.window_cutoff' depends on axioms: [propext, Classical.choice, Quot.sound]
'Problems.Juggler.FateDepthFiveWeighted.production_of_tail' depends on axioms: [propext, Classical.choice, Quot.sound]
'Problems.Juggler.FateDepthFiveWeighted.depth_five_productions' depends on axioms: [propext,
 Classical.choice,
 Quot.sound]
'Problems.Juggler.FateDepthFiveWeighted.logMass_growth_of_tails' depends on axioms: [propext,
 Classical.choice,
 Quot.sound]
