'Problems.Juggler.OOEEFibreResonance.signed_resonant' depends on axioms: [propext, Classical.choice, Quot.sound]
'Problems.Juggler.OOEEFibreResonance.nonresonant_signed' depends on axioms: [propext, Classical.choice, Quot.sound]
'Problems.Juggler.OOEEFibreResonance.negative_power_small' depends on axioms: [propext, Classical.choice, Quot.sound]
'Problems.Juggler.OOEEFibreResonance.smoothing_cutoff' depends on axioms: [propext, Classical.choice, Quot.sound]
'Problems.Juggler.OOEEFibreResonance.nonresonant_count_close' depends on axioms: [propext, Classical.choice, Quot.sound]
'Problems.Juggler.OOEEFibreResonance.count_poor_resonant' depends on axioms: [propext, Classical.choice, Quot.sound]
'Problems.Juggler.OOEEResonanceTail.alpha_nonneg' depends on axioms: [propext, Classical.choice, Quot.sound]
'Problems.Juggler.OOEEResonanceTail.decay_antitone' depends on axioms: [propext, Classical.choice, Quot.sound]
'Problems.Juggler.OOEEResonanceTail.alpha_step' depends on axioms: [propext, Classical.choice, Quot.sound]
'Problems.Juggler.OOEEResonanceTail.two_power_le' depends on axioms: [propext, Classical.choice, Quot.sound]
'Problems.Juggler.OOEEResonanceTail.alpha_double_le' depends on axioms: [propext, Classical.choice, Quot.sound]
'Problems.Juggler.OOEEResonanceTail.decay_double_le' depends on axioms: [propext, Classical.choice, Quot.sound]
'Problems.Juggler.OOEEResonanceTail.resonant_fract' depends on axioms: [propext, Classical.choice, Quot.sound]
'Problems.Juggler.OOEEResonanceTail.resonance_count_one' depends on axioms: [propext, Classical.choice, Quot.sound]
'Problems.Juggler.OOEEResonanceTail.resonance_count' depends on axioms: [propext, Classical.choice, Quot.sound]
'Problems.Juggler.OOEEResonanceTail.resonance_block_mass' depends on axioms: [propext, Classical.choice, Quot.sound]
'Problems.Juggler.OOEEResonanceTail.decay_pow_two_mul' depends on axioms: [propext, Classical.choice, Quot.sound]
'Problems.Juggler.OOEEResonanceTail.resonance_dyadic_mass' depends on axioms: [propext, Classical.choice, Quot.sound]
'Problems.Juggler.OOEEResonanceTail.dyadic_ratio_le' depends on axioms: [propext, Classical.choice, Quot.sound]
'Problems.Juggler.OOEEResonanceTail.resonance_tail' depends on axioms: [propext, Classical.choice, Quot.sound]
'Problems.Juggler.OOEEResonanceTail.count_poor_tail' depends on axioms: [propext, Classical.choice, Quot.sound]
'Problems.Juggler.OOEEResonanceTail.count_poor_tsum_tail' depends on axioms: [propext, Classical.choice, Quot.sound]
