'Problems.Juggler.BeattySlope.survives_iff_strict' depends on axioms: [propext, Classical.choice, Quot.sound]
'Problems.Juggler.BeattySlope.survivorCount_add_passageCount' depends on axioms: [propext, Classical.choice, Quot.sound]
'Problems.Juggler.BeattySlope.survivorCount_zero' depends on axioms: [propext, Classical.choice, Quot.sound]
'Problems.Juggler.BeattySlope.passageCount_zero' depends on axioms: [propext, Classical.choice, Quot.sound]
'Problems.Juggler.BeattySlope.FirstPassage.exists_even_prefix' depends on axioms: [propext,
 Classical.choice,
 Quot.sound]
'Problems.Juggler.BeattySlope.FirstPassage.length_eq_crossingDepth' depends on axioms: [propext,
 Classical.choice,
 Quot.sound]
'Problems.Juggler.BeattySlope.survivorCount_recurrence' depends on axioms: [propext, Classical.choice, Quot.sound]
'Problems.Juggler.BeattySlope.survivorWeight_add_passageWeight' depends on axioms: [propext,
 Classical.choice,
 Quot.sound]
'Problems.Juggler.BeattySlope.survivorWeight_recurrence' depends on axioms: [propext, Classical.choice, Quot.sound]
'Problems.Juggler.BeattySlope.crossingDepth_strictMono' depends on axioms: [propext, Classical.choice, Quot.sound]
'Problems.Juggler.BeattySlope.FirstPassage.oddCount_eq_of_length_eq_crossingDepth' depends on axioms: [propext,
 Classical.choice,
 Quot.sound]
'Problems.Juggler.BeattySlope.passageWeight_crossingDepth' depends on axioms: [propext, Classical.choice, Quot.sound]
'Problems.Juggler.BeattySlope.passageCount_eq_weight_div' depends on axioms: [propext, Classical.choice, Quot.sound]
'Problems.Juggler.BeattySlope.normalizedSurvivor_recurrence' depends on axioms: [propext, Classical.choice, Quot.sound]
'Problems.Juggler.BeattySlope.normalizedSurvivor_eq_renewalCoeff' depends on axioms: [propext,
 Classical.choice,
 Quot.sound]
'Problems.Juggler.BeattySlope.normalizedSurvivor_three_halves_bound' depends on axioms: [propext,
 Classical.choice,
 Quot.sound]
'Problems.Juggler.BeattySlope.normalizedSurvivor_phase_limit' depends on axioms: [propext, Classical.choice, Quot.sound]
'Problems.Juggler.BeattySlope.tiltedOddWeight_pos' depends on axioms: [propext, Classical.choice, Quot.sound]
'Problems.Juggler.BeattySlope.tiltedBernoulliBias_eq' depends on axioms: [propext, Classical.choice, Quot.sound]
'Problems.Juggler.BeattySlope.tiltedBernoulliBias_bounds' depends on axioms: [propext, Classical.choice, Quot.sound]
'Problems.Juggler.BeattySlope.tiltedOddWeight_terminal_ratio' depends on axioms: [propext, Classical.choice, Quot.sound]
'Problems.Juggler.BeattySlope.tilted_choose_step_bound' depends on axioms: [propext, Classical.choice, Quot.sound]
'Problems.Juggler.BeattySlope.tilted_choose_shift_bound' depends on axioms: [propext, Classical.choice, Quot.sound]
'Problems.Juggler.BeattySlope.tilted_endpoint_first_term_bounds' depends on axioms: [propext,
 Classical.choice,
 Quot.sound]
'Problems.Juggler.BeattySlope.tiltedBase_eq' depends on axioms: [propext, Classical.choice, Quot.sound]
'Problems.Juggler.BeattySlope.tiltedTerminalPhase_eq' depends on axioms: [propext, Classical.choice, Quot.sound]
'Problems.Juggler.BeattySlope.tilted_first_term_phase_limit' depends on axioms: [propext, Classical.choice, Quot.sound]
'Problems.Juggler.BeattySlope.tilted_binomial_tail_ratio_limit' depends on axioms: [propext,
 Classical.choice,
 Quot.sound]
'Problems.Juggler.BeattySlope.tilted_endpoint_phase_limit' depends on axioms: [propext, Classical.choice, Quot.sound]
'Problems.Juggler.BeattySlope.tiltedTerminalPhase_bound' depends on axioms: [propext, Classical.choice, Quot.sound]
'Problems.Juggler.BeattySlope.summable_tilted_survivor' depends on axioms: [propext, Classical.choice, Quot.sound]
'Problems.Juggler.BeattySlope.summable_tiltedSurvivorPhase_terms' depends on axioms: [propext,
 Classical.choice,
 Quot.sound]
'Problems.Juggler.BeattySlope.tiltedSurvivorPhase_bounds' depends on axioms: [propext, Classical.choice, Quot.sound]
'Problems.Juggler.BeattySlope.tiltedSurvivorPhase_periodic' depends on axioms: [propext, Classical.choice, Quot.sound]
'Problems.Juggler.BeattySlope.tilted_survivor_phase_limit' depends on axioms: [propext, Classical.choice, Quot.sound]
'Problems.Juggler.BeattySlope.tilted_survivor_phase_limit_reciprocal' depends on axioms: [propext,
 Classical.choice,
 Quot.sound]
'Problems.Juggler.BeattySlope.criticalWordMass_pos' depends on axioms: [propext, Classical.choice, Quot.sound]
'Problems.Juggler.BeattySlope.criticalMass_step' depends on axioms: [propext, Classical.choice, Quot.sound]
'Problems.Juggler.BeattySlope.passageCriticalMass_nonneg' depends on axioms: [propext, Classical.choice, Quot.sound]
'Problems.Juggler.BeattySlope.criticalWordMass_eq_exp' depends on axioms: [propext, Classical.choice, Quot.sound]
'Problems.Juggler.BeattySlope.survivorCriticalMass_height_split' depends on axioms: [propext,
 Classical.choice,
 Quot.sound]
'Problems.Juggler.BeattySlope.survivorCriticalMass_tendsto_zero' depends on axioms: [propext,
 Classical.choice,
 Quot.sound]
'Problems.Juggler.BeattySlope.criticalMass_partial_sum' depends on axioms: [propext, Classical.choice, Quot.sound]
'Problems.Juggler.BeattySlope.passageCriticalMass_hasSum' depends on axioms: [propext, Classical.choice, Quot.sound]
'Problems.Juggler.BeattySlope.passageIndex_ge' depends on axioms: [propext, Classical.choice, Quot.sound]
'Problems.Juggler.BeattySlope.passageJumpWeight_eq' depends on axioms: [propext, Classical.choice, Quot.sound]
'Problems.Juggler.BeattySlope.passageCriticalMass_crossingDepth' depends on axioms: [propext,
 Classical.choice,
 Quot.sound]
'Problems.Juggler.BeattySlope.passageCriticalMass_eq_zero_off_range' depends on axioms: [propext,
 Classical.choice,
 Quot.sound]
'Problems.Juggler.BeattySlope.passageJumpWeight_hasSum' depends on axioms: [propext, Classical.choice, Quot.sound]
'Problems.Juggler.BeattySlope.passageJumpWeight_zero' depends on axioms: [propext, Classical.choice, Quot.sound]
'Problems.Juggler.BeattySlope.passageJumpWeight_nonneg' depends on axioms: [propext, Classical.choice, Quot.sound]
'Problems.Juggler.BeattySlope.passage_jump_weights_hasSum' depends on axioms: [propext, Classical.choice, Quot.sound]
'Problems.Juggler.BeattySlope.passage_jump_weights_hasSum_reciprocal' depends on axioms: [propext,
 Classical.choice,
 Quot.sound]
'Problems.Juggler.BeattySlope.passageIndex_strictMono' depends on axioms: [propext, Classical.choice, Quot.sound]
'Problems.Juggler.BeattySlope.passagePhase_mem_Ico' depends on axioms: [propext, Classical.choice, Quot.sound]
'Problems.Juggler.BeattySlope.passageWeight_div_eq' depends on axioms: [propext, Classical.choice, Quot.sound]
'Problems.Juggler.BeattySlope.passageJumpWeight_eq_rpow' depends on axioms: [propext, Classical.choice, Quot.sound]
'Problems.Juggler.BeattySlope.passageProfile_eq_transfer' depends on axioms: [propext, Classical.choice, Quot.sound]
'Problems.Juggler.BeattySlope.passageProfile_eq_transfer_reciprocal' depends on axioms: [propext,
 Classical.choice,
 Quot.sound]
'Problems.Juggler.BeattySlope.passageProfile_monotone' depends on axioms: [propext, Classical.choice, Quot.sound]
'Problems.Juggler.BeattySlope.passageProfile_bounds' depends on axioms: [propext, Classical.choice, Quot.sound]
'Problems.Juggler.BeattySlope.passageProfile_endpoints' depends on axioms: [propext, Classical.choice, Quot.sound]
'Problems.Juggler.BeattySlope.tilted_passage_phase_limit' depends on axioms: [propext, Classical.choice, Quot.sound]
'Problems.Juggler.BeattySlope.passagePhase_pos' depends on axioms: [propext, Classical.choice, Quot.sound]
'Problems.Juggler.BeattySlope.endpointCutoff_passageIndex' depends on axioms: [propext, Classical.choice, Quot.sound]
'Problems.Juggler.BeattySlope.passage_phase_asymptotic' depends on axioms: [propext, Classical.choice, Quot.sound]
'Problems.Juggler.BeattySlope.passage_normalization_identity' depends on axioms: [propext, Classical.choice, Quot.sound]
'Problems.Juggler.BeattySlope.passage_phase_asymptotic_odd_count' depends on axioms: [propext,
 Classical.choice,
 Quot.sound]
'Problems.Juggler.BeattySlope.passage_phase_asymptotic_reciprocal' depends on axioms: [propext,
 Classical.choice,
 Quot.sound]
'Problems.Juggler.BeattySlope.survivorWords_logarithmic' depends on axioms: [propext, Classical.choice, Quot.sound]
'Problems.Juggler.BeattySlope.passageWords_logarithmic' depends on axioms: [propext, Classical.choice, Quot.sound]
'Problems.Juggler.BeattySlope.survivorCount_logarithmic' depends on axioms: [propext, Classical.choice, Quot.sound]
'Problems.Juggler.BeattySlope.passageCount_logarithmic' depends on axioms: [propext, Classical.choice, Quot.sound]
'Problems.Juggler.BeattySlope.endpointCount_logarithmic' depends on axioms: [propext, Classical.choice, Quot.sound]
'Problems.Juggler.BeattySlope.logarithmic_irrational' depends on axioms: [propext, Classical.choice, Quot.sound]
'Problems.Juggler.BeattyPhase.survivor_count_recurrence' depends on axioms: [propext, Classical.choice, Quot.sound]
'Problems.Juggler.BeattyPhase.survivor_exponential_identity' depends on axioms: [propext, Classical.choice, Quot.sound]
'Problems.Juggler.BeattySlope.passageCount_crossingDepth_pos' depends on axioms: [propext, Classical.choice, Quot.sound]
'Problems.Juggler.BeattySlope.passageJumpWeight_pos' depends on axioms: [propext, Classical.choice, Quot.sound]
'Problems.Juggler.BeattySlope.passageIndex_logarithmic' depends on axioms: [propext, Classical.choice, Quot.sound]
'Problems.Juggler.BeattySlope.passagePhase_logarithmic' depends on axioms: [propext, Classical.choice, Quot.sound]
'Problems.Juggler.BeattySlope.criticalWordMass_logarithmic' depends on axioms: [propext, Classical.choice, Quot.sound]
'Problems.Juggler.BeattySlope.passageJumpWeight_logarithmic' depends on axioms: [propext, Classical.choice, Quot.sound]
'Problems.Juggler.BeattySlope.passageProfile_logarithmic' depends on axioms: [propext, Classical.choice, Quot.sound]
'Problems.Juggler.BeattyPhase.phase_ne_one_of_irrational' depends on axioms: [propext, Classical.choice, Quot.sound]
'Problems.Juggler.BeattyPhase.tendsto_irrational_phase_average' depends on axioms: [propext,
 Classical.choice,
 Quot.sound]
'Problems.Juggler.BeattyPhase.irrational_rotation_fract_pos' depends on axioms: [propext, Classical.choice, Quot.sound]
'Problems.Juggler.BeattyPhase.irrational_rotation_recurrent' depends on axioms: [propext, Classical.choice, Quot.sound]
'Problems.Juggler.BeattyPhase.irrational_rotation_equidistributed' depends on axioms: [propext,
 Classical.choice,
 Quot.sound]
'Problems.Juggler.BeattySlope.passagePhase_eq_fract' depends on axioms: [propext, Classical.choice, Quot.sound]
'Problems.Juggler.BeattySlope.passagePhase_injective' depends on axioms: [propext, Classical.choice, Quot.sound]
'Problems.Juggler.BeattySlope.passagePhase_recurrent' depends on axioms: [propext, Classical.choice, Quot.sound]
'Problems.Juggler.BeattySlope.passageProfile_strictMonoOn' depends on axioms: [propext, Classical.choice, Quot.sound]
'Problems.Juggler.BeattySlope.passageClusterSet_eq_jumpRange' depends on axioms: [propext, Classical.choice, Quot.sound]
'Problems.Juggler.BeattySlope.passageClusterSet_eq_closure_range' depends on axioms: [propext,
 Classical.choice,
 Quot.sound]
'Problems.Juggler.BeattySlope.passageRatio_cluster_iff' depends on axioms: [propext, Classical.choice, Quot.sound]
'Problems.Juggler.BeattySlope.isCompact_passageClusterSet' depends on axioms: [propext, Classical.choice, Quot.sound]
'Problems.Juggler.BeattySlope.perfect_passageClusterSet' depends on axioms: [propext, Classical.choice, Quot.sound]
'Problems.Juggler.BeattySlope.volume_passageClusterSet' depends on axioms: [propext, Classical.choice, Quot.sound]
'Problems.Juggler.BeattySlope.interior_passageClusterSet' depends on axioms: [propext, Classical.choice, Quot.sound]
'Problems.Juggler.BeattySlope.passage_gap_endpoints_mem' depends on axioms: [propext, Classical.choice, Quot.sound]
'Problems.Juggler.BeattySlope.passageRatio_gap_endpoints_cluster' depends on axioms: [propext,
 Classical.choice,
 Quot.sound]
'Problems.Juggler.BeattySlope.passageRatio_eventually_avoids_gap' depends on axioms: [propext,
 Classical.choice,
 Quot.sound]
'Problems.Juggler.BeattySlope.passageClusterSet_nonempty' depends on axioms: [propext, Classical.choice, Quot.sound]
'Problems.Juggler.BeattySlope.passageRatio_envelope_endpoints_cluster' depends on axioms: [propext,
 Classical.choice,
 Quot.sound]
'Problems.Juggler.BeattySlope.passageRatio_liminf_limsup' depends on axioms: [propext, Classical.choice, Quot.sound]
'Problems.Juggler.BeattySlope.passagePhase_equidistributed' depends on axioms: [propext, Classical.choice, Quot.sound]
'Problems.Juggler.BeattySlope.passageProfile_ae_continuous' depends on axioms: [propext, Classical.choice, Quot.sound]
'Problems.Juggler.BeattySlope.passageRatio_empiricalLaw_tendsto' depends on axioms: [propext,
 Classical.choice,
 Quot.sound]
'Problems.Juggler.BeattySlope.passageLaw_singleton' depends on axioms: [propext, Classical.choice, Quot.sound]
'Problems.Juggler.BeattySlope.passageLaw_cdf_continuous' depends on axioms: [propext, Classical.choice, Quot.sound]
'Problems.Juggler.BeattySlope.passageLaw_compl_clusterSet' depends on axioms: [propext, Classical.choice, Quot.sound]
'Problems.Juggler.BeattySlope.passageLaw_clusterSet' depends on axioms: [propext, Classical.choice, Quot.sound]
'Problems.Juggler.BeattySlope.passageLaw_mutuallySingular_volume' depends on axioms: [propext,
 Classical.choice,
 Quot.sound]
'Problems.Juggler.BeattySlope.passageLaw_Iic_profile' depends on axioms: [propext, Classical.choice, Quot.sound]
'Problems.Juggler.BeattySlope.passageLaw_closed_gap' depends on axioms: [propext, Classical.choice, Quot.sound]
'Problems.Juggler.BeattySlope.passageLaw_Iic_gap' depends on axioms: [propext, Classical.choice, Quot.sound]
'Problems.Juggler.BeattySlope.passageRatio_threshold_frequency' depends on axioms: [propext,
 Classical.choice,
 Quot.sound]
'Problems.Juggler.BeattySlope.passageRatio_profile_threshold_frequency' depends on axioms: [propext,
 Classical.choice,
 Quot.sound]
'Problems.Juggler.BeattySlope.passageRatio_average_tendsto' depends on axioms: [propext, Classical.choice, Quot.sound]
