'BTCalculus.HigherDerivative.chain_difference' depends on axioms: [propext, Classical.choice, Quot.sound]
'BTCalculus.HigherDerivative.difference_top_bounds' depends on axioms: [propext, Classical.choice, Quot.sound]
'BTCalculus.HigherDerivative.uniform_differencing' depends on axioms: [propext, Classical.choice, Quot.sound]
'BTCalculus.HigherDerivative.nestedBound_nonneg' depends on axioms: [propext, Classical.choice, Quot.sound]
'BTCalculus.HigherDerivative.higher_derivative_sum_bound' depends on axioms: [propext, Classical.choice, Quot.sound]
'BTCalculus.HigherDerivative.signed_higher_derivative_sum_bound' depends on axioms: [propext,
 Classical.choice,
 Quot.sound]
'BTCalculus.HigherDerivative.rounded_window_bounds' depends on axioms: [propext, Classical.choice, Quot.sound]
'BTCalculus.HigherDerivative.sqrt_le_div_of_mul_sq_le' depends on axioms: [propext, Classical.choice, Quot.sound]
'BTCalculus.HigherDerivative.third_derivative_test' depends on axioms: [propext, Classical.choice, Quot.sound]
'BTCalculus.HigherDerivative.fifth_derivative_test' depends on axioms: [propext, Classical.choice, Quot.sound]
'BTCalculus.HigherDerivative.inverse_root_cap' depends on axioms: [propext, Classical.choice, Quot.sound]
'BTCalculus.HigherDerivative.fourthRoot_pos' depends on axioms: [propext, Classical.choice, Quot.sound]
'BTCalculus.HigherDerivative.fourthRoot_pow_four' depends on axioms: [propext, Classical.choice, Quot.sound]
'BTCalculus.HigherDerivative.pow_four_le_of_le_fourthRoot' depends on axioms: [propext, Classical.choice, Quot.sound]
'BTCalculus.HigherDerivative.thirdCutoff_pos' depends on axioms: [propext, Classical.choice, Quot.sound]
'BTCalculus.HigherDerivative.fifthCutoff_pos' depends on axioms: [propext, Classical.choice, Quot.sound]
'BTCalculus.HigherDerivative.small_cutoff_bound' depends on axioms: [propext, Classical.choice, Quot.sound]
'BTCalculus.HigherDerivative.third_derivative_bound' depends on axioms: [propext, Classical.choice, Quot.sound]
'BTCalculus.HigherDerivative.fifth_derivative_bound' depends on axioms: [propext, Classical.choice, Quot.sound]
'BTCalculus.HigherDerivative.integer_sum_eq_range' depends on axioms: [propext, Classical.choice, Quot.sound]
'BTCalculus.HigherDerivative.integer_support' depends on axioms: [propext, Classical.choice, Quot.sound]
'BTCalculus.HigherDerivative.third_derivative_real_interval' depends on axioms: [propext, Classical.choice, Quot.sound]
'BTCalculus.HigherDerivative.fifth_derivative_real_interval' depends on axioms: [propext, Classical.choice, Quot.sound]
'BTCalculus.HigherDerivative.inv_sqrt_min' depends on axioms: [propext, Classical.choice, Quot.sound]
'BTCalculus.HigherDerivative.inv_sqrt_rpow' depends on axioms: [propext, Classical.choice, Quot.sound]
'BTCalculus.HigherDerivative.inv_sqrt_eq_rpow' depends on axioms: [propext, Classical.choice, Quot.sound]
'BTCalculus.HigherDerivative.inv_sqrt_fourthRoot' depends on axioms: [propext, Classical.choice, Quot.sound]
'BTCalculus.HigherDerivative.third_derivative_rate' depends on axioms: [propext, Classical.choice, Quot.sound]
'BTCalculus.HigherDerivative.fifth_derivative_rate' depends on axioms: [propext, Classical.choice, Quot.sound]
