'Juggler.FanLaw.expansion_e4' depends on axioms: [propext, Classical.choice, Quot.sound]
'Juggler.FanLaw.expansion_e5' depends on axioms: [propext, Classical.choice, Quot.sound]
'Juggler.FanLaw.expansion_e6' depends on axioms: [propext, Classical.choice, Quot.sound]
'Juggler.FanLaw.expansion_rate_lower' depends on axioms: [propext, Classical.choice, Quot.sound]
'Juggler.FanLaw.expansion_rate_upper' depends on axioms: [propext, Classical.choice, Quot.sound]
'Juggler.FanLaw.fanLambda' depends on axioms: [propext, Classical.choice, Quot.sound]
'Juggler.FanLaw.fanLambda_55_pos' depends on axioms: [propext, Classical.choice, Quot.sound]
'Juggler.FanLaw.fanLambda_56_neg' depends on axioms: [propext, Classical.choice, Quot.sound]
'Juggler.FanLaw.fanLambda_affine' depends on axioms: [propext, Classical.choice, Quot.sound]
'Juggler.FanLaw.fanLambda_step_neg' depends on axioms: [propext, Classical.choice, Quot.sound]
'Juggler.FanLaw.fanLambda_strictAnti' depends on axioms: [propext, Classical.choice, Quot.sound]
'Juggler.FanLaw.fanLength' does not depend on any axioms
'Juggler.FanLaw.fanOdd' does not depend on any axioms
'Juggler.FanLaw.fan_endpoint' depends on axioms: [propext]
'Juggler.FanLaw.fan_frontiers' depends on axioms: [propext]
'Juggler.FanLaw.fan_past_endpoint' depends on axioms: [propext]
'Juggler.FanLaw.fan_positive_iff' depends on axioms: [propext, Classical.choice, Quot.sound]
'Juggler.FanLaw.fan_step_pow' depends on axioms: [propext, Classical.choice, Quot.sound]
'Juggler.FanLaw.step_lt_two' depends on axioms: [propext, Classical.choice, Quot.sound]
'Juggler.FanLaw.walk_first_letter_odd' depends on axioms: [propext, Classical.choice, Quot.sound]
'Juggler.FanLaw.walk_second_letter_odd' depends on axioms: [propext, Classical.choice, Quot.sound]
'Problems.Juggler.CubicGrid.FullUpperCellChargeBounds.closedGeometric_cutoff_excludes' depends on axioms: [propext,
 Classical.choice,
 Quot.sound]
'Problems.Juggler.CubicGrid.FullUpperCellChargeBounds.nonlinear_cutoff_excludes' depends on axioms: [propext,
 Classical.choice,
 Quot.sound]
'Problems.Juggler.CubicGrid.RealizedGridBounds' depends on axioms: [propext, Classical.choice, Quot.sound]
'Problems.Juggler.CubicGrid.closedGeometricChargeBound_strictAntiOn_minimum' depends on axioms: [propext,
 Classical.choice,
 Quot.sound]
'Problems.Juggler.CubicGrid.cubicBand_cycle_grid' depends on axioms: [propext, Classical.choice, Quot.sound]
'Problems.Juggler.CubicGrid.cubicBand_cycle_upper_charge' depends on axioms: [propext, Classical.choice, Quot.sound]
'Problems.Juggler.CubicGrid.cycleMin_upper_charge' depends on axioms: [propext, Classical.choice, Quot.sound]
'Problems.Juggler.CubicGrid.nonlinearChargeBound_strictAntiOn_minimum' depends on axioms: [propext,
 Classical.choice,
 Quot.sound]
'Problems.Juggler.CubicGrid.periodicOrbit_upper_charge' depends on axioms: [propext, Classical.choice, Quot.sound]
'Problems.Juggler.CubicGrid.power_cells_grid_charge' depends on axioms: [propext, Classical.choice, Quot.sound]
'Problems.Juggler.CubicGrid.power_cells_scaled_charge' depends on axioms: [propext, Classical.choice, Quot.sound]
'Problems.Juggler.CubicGrid.threshold_cycle_grid' depends on axioms: [propext, Classical.choice, Quot.sound]
'Problems.Juggler.CubicGrid.threshold_cycle_upper_charge' depends on axioms: [propext, Classical.choice, Quot.sound]
'Problems.Juggler.CubicReturn.cycleMin_all_states_height_strip' depends on axioms: [propext,
 Classical.choice,
 Quot.sound]
'Problems.Juggler.CubicReturn.cycleMin_exact_return_seam' depends on axioms: [propext, Classical.choice, Quot.sound]
'Problems.Juggler.CubicReturn.cycleMin_height_strip' depends on axioms: [propext, Classical.choice, Quot.sound]
'Problems.Juggler.CubicReturn.threshold_cycle_wrong_parity' depends on axioms: [propext, Classical.choice, Quot.sound]
'Problems.Juggler.CycleMin' depends on axioms: [propext]
'Problems.Juggler.RemainderCarry.baseline_bounds' depends on axioms: [propext, Classical.choice, Quot.sound]
'Problems.Juggler.RemainderCarry.baseline_one_iff' depends on axioms: [propext, Classical.choice, Quot.sound]
'Problems.Juggler.RemainderCarry.baseline_two_iff' depends on axioms: [propext, Classical.choice, Quot.sound]
'Problems.Juggler.RemainderCarry.baseline_zero_iff' depends on axioms: [propext, Classical.choice, Quot.sound]
'Problems.Juggler.RemainderCarry.corrected_quotient_integer' depends on axioms: [propext, Classical.choice, Quot.sound]
'Problems.Juggler.RemainderCarry.endpoint_validation' depends on axioms: [propext, Classical.choice, Quot.sound]
'Problems.Juggler.RemainderCarry.exact_quotient_gap' depends on axioms: [propext, Classical.choice, Quot.sound]
'Problems.Juggler.RemainderCarry.exact_remainder_correction' depends on axioms: [propext, Classical.choice, Quot.sound]
'Problems.Juggler.RemainderCarry.record_initializes' depends on axioms: [propext, Classical.choice, Quot.sound]
'Problems.Juggler.RemainderCarry.recoverPeak_eq' depends on axioms: [propext, Classical.choice, Quot.sound]
'Problems.Juggler.RemainderCarry.recoverPeak_guard_iff' depends on axioms: [propext, Classical.choice, Quot.sound]
'Problems.Juggler.RemainderCarry.square_guard_iff' depends on axioms: [propext, Classical.choice, Quot.sound]
'Problems.Juggler.ReturnCells.oe_eq_iff' depends on axioms: [propext, Classical.choice, Quot.sound]
'Problems.Juggler.ReturnCells.oe_perfect_power_hidden_odd' depends on axioms: [propext, Classical.choice, Quot.sound]
'Problems.Juggler.ReturnCells.ooe_odd_maximal' depends on axioms: [propext, Classical.choice, Quot.sound]
'Problems.Juggler.ReturnCells.ooe_one_integer' depends on axioms: [propext, Classical.choice, Quot.sound]
'Problems.Juggler.ReturnGapHeight.even_transfers_positive' depends on axioms: [propext, Quot.sound]
'Problems.Juggler.ReturnGapHeight.even_transfers_sum' depends on axioms: [propext, Quot.sound]
'Problems.Juggler.ReturnGapHeight.height_of_power_gap' depends on axioms: [propext, Classical.choice, Quot.sound]
'Problems.Juggler.ReturnInduction.left_subtractive_first_return' depends on axioms: [propext, Quot.sound]
'Problems.Juggler.ReturnInduction.left_word_statistics' depends on axioms: [propext, Classical.choice, Quot.sound]
'Problems.Juggler.ReturnInduction.right_subtractive_first_return' depends on axioms: [propext, Quot.sound]
'Problems.Juggler.ReturnInduction.right_word_statistics' depends on axioms: [propext, Classical.choice, Quot.sound]
'Problems.Juggler.ReturnOrbitStrips.cycleMin_dc_height' depends on axioms: [propext, Classical.choice, Quot.sound]
'Problems.Juggler.ReturnOrbitStrips.cycleMin_lr_height' depends on axioms: [propext, Classical.choice, Quot.sound]
'Problems.Juggler.ReturnOrbitStrips.threshold_cycle_dc_wrong_parity' depends on axioms: [propext,
 Classical.choice,
 Quot.sound]
'Problems.Juggler.ReturnOrbitStrips.threshold_cycle_lr_wrong_parity' depends on axioms: [propext,
 Classical.choice,
 Quot.sound]
'Problems.Juggler.ReturnSeams.RankedReturn.primitive_terminal' depends on axioms: [propext,
 Classical.choice,
 Quot.sound]
'Problems.Juggler.ReturnSeams.dc_rank_stages' depends on axioms: [propext, Classical.choice, Quot.sound]
'Problems.Juggler.ReturnSeams.lr_rank_stage' depends on axioms: [propext, Classical.choice, Quot.sound]
'Problems.Juggler.ReturnSeams.periodicExtrema_dc_transfers' depends on axioms: [propext, Classical.choice, Quot.sound]
'Problems.Juggler.ReturnSeams.periodicExtrema_lr_transfers' depends on axioms: [propext, Classical.choice, Quot.sound]
'Problems.Juggler.ReturnSeams.periodicExtrema_return_model' depends on axioms: [propext, Classical.choice, Quot.sound]
'Problems.Juggler.ReturnTerminal.mixed_gap' depends on axioms: [propext, Classical.choice, Quot.sound]
'Problems.Juggler.ReturnTerminal.periodicExtrema_terminal_cut' depends on axioms: [propext,
 Classical.choice,
 Quot.sound]
'Problems.Juggler.ReturnTerminal.periodicOrbit_terminal_cut' depends on axioms: [propext, Classical.choice, Quot.sound]
'Problems.Juggler.ReturnTransferHeight.dc_cycle_gap' depends on axioms: [propext, Classical.choice, Quot.sound]
'Problems.Juggler.ReturnTransferHeight.dc_cycle_height' depends on axioms: [propext, Classical.choice, Quot.sound]
'Problems.Juggler.ReturnTransferHeight.lr_cycle_gap' depends on axioms: [propext, Classical.choice, Quot.sound]
'Problems.Juggler.ReturnTransferHeight.lr_cycle_height' depends on axioms: [propext, Classical.choice, Quot.sound]
'Problems.Juggler.ReturnWordBounds.ac_grows' depends on axioms: [propext, Classical.choice, Quot.sound]
'Problems.Juggler.ReturnWordBounds.c_contract' depends on axioms: [propext, Classical.choice, Quot.sound]
'Problems.Juggler.ReturnWordBounds.c_loss' depends on axioms: [propext, Classical.choice, Quot.sound]
'Problems.Juggler.ReturnWordBounds.certificate_requires_large_minimum' depends on axioms: [propext,
 Classical.choice,
 Quot.sound]
'Problems.Juggler.ReturnWordBounds.d_grows' depends on axioms: [propext, Classical.choice, Quot.sound]
'Problems.Juggler.ReturnWordBounds.v_grows' depends on axioms: [propext, Classical.choice, Quot.sound]
'Problems.Juggler.ReturnWordBounds.w_contract' depends on axioms: [propext, Classical.choice, Quot.sound]
'Problems.Juggler.ReturnWordBounds.w_loss' depends on axioms: [propext, Classical.choice, Quot.sound]
'Problems.Juggler.ReturnWordFactorization.InducedPair.count_coprime' depends on axioms: [propext,
 Classical.choice,
 Quot.sound]
'Problems.Juggler.ReturnWordFactorization.InducedPair.count_determinant' depends on axioms: [propext,
 Classical.choice,
 Quot.sound]
'Problems.Juggler.ReturnWordFactorization.InducedPair.expanded_count_gcd' depends on axioms: [propext,
 Classical.choice,
 Quot.sound]
'Problems.Juggler.ReturnWordFactorization.induced_terminal_actual_factorization' depends on axioms: [propext]
'Problems.Juggler.ReturnWordLoss.exponent_eq_counts' depends on axioms: [propext, Classical.choice, Quot.sound]
'Problems.Juggler.ReturnWordLoss.loss_exact' depends on axioms: [propext, Classical.choice, Quot.sound]
'Problems.Juggler.ReturnWordLoss.loss_lt_budget' depends on axioms: [propext, Classical.choice, Quot.sound]
'Problems.Juggler.ReturnWordLoss.paired_bound' depends on axioms: [propext, Classical.choice, Quot.sound]
'Problems.Juggler.UpperSquareGap.cube_add_one_ne_odd_succ_sq' depends on axioms: [propext, Classical.choice, Quot.sound]
'Problems.Juggler.UpperSquareGap.floorPower_odd_image_upper_gap' depends on axioms: [propext,
 Classical.choice,
 Quot.sound]
'Problems.Juggler.absorb_odd_step' depends on axioms: [propext, Classical.choice, Quot.sound]
'Problems.Juggler.alpha_lt_half' depends on axioms: [propext, Classical.choice, Quot.sound]
'Problems.Juggler.block_envelope' depends on axioms: [propext, Classical.choice, Quot.sound]
'Problems.Juggler.branchOffsetCycle_bounds' depends on axioms: [propext]
'Problems.Juggler.branchOffsetCycle_cells' depends on axioms: [propext]
'Problems.Juggler.branchOffsetCycle_counts' depends on axioms: [propext]
'Problems.Juggler.branchOffsetCycle_mechanical_prefix' does not depend on any axioms
'Problems.Juggler.branchOffsetCycle_primitive' depends on axioms: [propext]
'Problems.Juggler.branchOffsetCycle_rank_rotation' depends on axioms: [propext]
'Problems.Juggler.branchOffset_nearest_even_gap' depends on axioms: [propext, Classical.choice, Quot.sound]
'Problems.Juggler.branchOffset_same_branch_difference' depends on axioms: [propext, Classical.choice, Quot.sound]
'Problems.Juggler.branchOffset_same_branch_smooth_gap' depends on axioms: [propext, Classical.choice, Quot.sound]
'Problems.Juggler.budgetedWord_eq_hugWord' depends on axioms: [propext, Classical.choice, Quot.sound]
'Problems.Juggler.cf_lower_prefix' does not depend on any axioms
'Problems.Juggler.cf_upper_prefix' does not depend on any axioms
'Problems.Juggler.cheap_le_internal' depends on axioms: [propext, Classical.choice, Quot.sound]
'Problems.Juggler.cheap_le_valley' depends on axioms: [propext, Classical.choice, Quot.sound]
'Problems.Juggler.circleMean' depends on axioms: [propext, Classical.choice, Quot.sound]
'Problems.Juggler.circleMean_eq_rotationAverage' depends on axioms: [propext, Classical.choice, Quot.sound]
'Problems.Juggler.comparison_fails_upward' depends on axioms: [propext, Classical.choice, Quot.sound]
'Problems.Juggler.cross_mul_pow' depends on axioms: [propext, Classical.choice, Quot.sound]
'Problems.Juggler.cubicBand_mechanical_itinerary' depends on axioms: [propext, Classical.choice, Quot.sound]
'Problems.Juggler.cubicBand_sorted_rotation' depends on axioms: [propext, Classical.choice, Quot.sound]
'Problems.Juggler.cubicParityProject_greatest' depends on axioms: [propext, Quot.sound]
'Problems.Juggler.cubicRounding_eq_or_pred' depends on axioms: [propext, Quot.sound]
'Problems.Juggler.cubicRounding_exists_primitive' depends on axioms: [propext, Classical.choice, Quot.sound]
'Problems.Juggler.cubicRounding_finite_invariant_rotation' depends on axioms: [propext, Classical.choice, Quot.sound]
'Problems.Juggler.cubicRounding_real_loss' depends on axioms: [propext, Classical.choice, Quot.sound]
'Problems.Juggler.cubic_return_height_algebra' depends on axioms: [propext, Classical.choice, Quot.sound]
'Problems.Juggler.cycleMax_start_even' depends on axioms: [propext, Classical.choice, Quot.sound]
'Problems.Juggler.cycleMin_charge_prefix' depends on axioms: [propext, Classical.choice, Quot.sound]
'Problems.Juggler.cycleMin_defect_finance' depends on axioms: [propext, Classical.choice, Quot.sound]
'Problems.Juggler.cycleMin_defect_le_charge' depends on axioms: [propext, Classical.choice, Quot.sound]
'Problems.Juggler.cycleMin_defect_le_hug_charge' depends on axioms: [propext, Classical.choice, Quot.sound]
'Problems.Juggler.cycleMin_defect_threeTerm' depends on axioms: [propext, Classical.choice, Quot.sound]
'Problems.Juggler.cycleMin_even_ge_sq' depends on axioms: [propext, Classical.choice, Quot.sound]
'Problems.Juggler.cycleMin_finance' depends on axioms: [propext, Classical.choice, Quot.sound]
'Problems.Juggler.cycleMin_finance_inv_sum' depends on axioms: [propext, Classical.choice, Quot.sound]
'Problems.Juggler.cycleMin_gap_transfer' depends on axioms: [propext, Classical.choice, Quot.sound]
'Problems.Juggler.cycleMin_hug_kill_criterion' depends on axioms: [propext, Classical.choice, Quot.sound]
'Problems.Juggler.cycleMin_iterate_ge' depends on axioms: [propext, Classical.choice, Quot.sound]
'Problems.Juggler.cycleMin_length_of_gap' depends on axioms: [propext, Classical.choice, Quot.sound]
'Problems.Juggler.cycleMin_log_envelope' depends on axioms: [propext, Classical.choice, Quot.sound]
'Problems.Juggler.cycleMin_log_envelope_inv' depends on axioms: [propext, Classical.choice, Quot.sound]
'Problems.Juggler.cycleMin_log_le_weight' depends on axioms: [propext, Classical.choice, Quot.sound]
'Problems.Juggler.cycleMin_not_end_odd' depends on axioms: [propext, Classical.choice, Quot.sound]
'Problems.Juggler.cycleMin_odds_ge_hug' depends on axioms: [propext, Classical.choice, Quot.sound]
'Problems.Juggler.cycleMin_prefix_odds_ge_hug' depends on axioms: [propext, Classical.choice, Quot.sound]
'Problems.Juggler.cycleMin_prefix_pow_le' depends on axioms: [propext, Classical.choice, Quot.sound]
'Problems.Juggler.cycleMin_sixTerm' depends on axioms: [propext, Classical.choice, Quot.sound]
'Problems.Juggler.cycleMin_start_odd' depends on axioms: [propext, Classical.choice, Quot.sound]
'Problems.Juggler.cycleMin_threeTerm' depends on axioms: [propext, Classical.choice, Quot.sound]
'Problems.Juggler.cycleMin_to_even_superquadratic' depends on axioms: [propext, Classical.choice, Quot.sound]
'Problems.Juggler.cycleMin_transport' depends on axioms: [propext, Classical.choice, Quot.sound]
'Problems.Juggler.cycle_itinerary_formally_expanding' depends on axioms: [propext, Classical.choice, Quot.sound]
'Problems.Juggler.cycle_itinerary_length_ge_eleven' depends on axioms: [propext, Classical.choice, Quot.sound]
'Problems.Juggler.cycle_last_even_interval' depends on axioms: [propext, Classical.choice, Quot.sound]
'Problems.Juggler.cycle_last_even_ne_odd_sq' depends on axioms: [propext, Quot.sound]
'Problems.Juggler.cycle_trailing_evens_lt' depends on axioms: [propext, Classical.choice, Quot.sound]
'Problems.Juggler.denjoy_koksma_abstract' depends on axioms: [propext, Classical.choice, Quot.sound]
'Problems.Juggler.denjoy_koksma_blocks' depends on axioms: [propext, Classical.choice, Quot.sound]
'Problems.Juggler.denjoy_koksma_cellmap' depends on axioms: [propext, Classical.choice, Quot.sound]
'Problems.Juggler.denjoy_koksma_rotation' depends on axioms: [propext, Classical.choice, Quot.sound]
'Problems.Juggler.denjoy_koksma_rotation_mean' depends on axioms: [propext, Classical.choice, Quot.sound]
'Problems.Juggler.denjoy_koksma_unit' depends on axioms: [propext, Classical.choice, Quot.sound]
'Problems.Juggler.eVariationOn_add_le' depends on axioms: [propext, Classical.choice, Quot.sound]
'Problems.Juggler.eVariationOn_le_of_jump' depends on axioms: [propext, Classical.choice, Quot.sound]
'Problems.Juggler.eVariationOn_neg' depends on axioms: [propext, Classical.choice, Quot.sound]
'Problems.Juggler.even_finiteProgress' depends on axioms: [propext, Classical.choice, Quot.sound]
'Problems.Juggler.expansion_fails_below_22' depends on axioms: [propext, Classical.choice, Quot.sound]
'Problems.Juggler.expansion_holds_at_22' depends on axioms: [propext, Classical.choice, Quot.sound]
'Problems.Juggler.follows_append' depends on axioms: [propext]
'Problems.Juggler.follows_iff_itinerary' depends on axioms: [propext, Quot.sound]
'Problems.Juggler.four_block_pe_1999' depends on axioms: [propext, Quot.sound]
'Problems.Juggler.global_defect_append' depends on axioms: [propext, Classical.choice, Quot.sound]
'Problems.Juggler.global_defect_eq_zero_iff_localsTight' depends on axioms: [propext, Classical.choice, Quot.sound]
'Problems.Juggler.global_defect_eq_zero_implies_monochrome' depends on axioms: [propext, Classical.choice, Quot.sound]
'Problems.Juggler.global_defect_identity' depends on axioms: [propext, Classical.choice, Quot.sound]
'Problems.Juggler.greedyDigitSum_le' depends on axioms: [propext, Classical.choice, Quot.sound]
'Problems.Juggler.greedy_eq_ostro' depends on axioms: [propext, Classical.choice, Quot.sound]
'Problems.Juggler.greedy_eq_ostro_below_window' depends on axioms: [propext, Classical.choice, Quot.sound]
'Problems.Juggler.greedy_reconstruct_all' depends on axioms: [propext, Quot.sound]
'Problems.Juggler.guardResidueFamily_every_modulus' depends on axioms: [propext, Classical.choice, Quot.sound]
'Problems.Juggler.guardResidueFamily_no_record_classifier' depends on axioms: [propext, Classical.choice, Quot.sound]
'Problems.Juggler.guardResidueFamily_record_collision' depends on axioms: [propext, Classical.choice, Quot.sound]
'Problems.Juggler.guardResidue_aggregate_valuation' depends on axioms: [propext, Classical.choice, Quot.sound]
'Problems.Juggler.guardResidue_common_band_and_section' depends on axioms: [propext, Classical.choice, Quot.sound]
'Problems.Juggler.guardResidue_first_remainders_zero' depends on axioms: [propext, Quot.sound]
'Problems.Juggler.guardResidue_nat_parities' depends on axioms: [propext, Classical.choice, Quot.sound]
'Problems.Juggler.guardResidue_ooe_traces' depends on axioms: [propext, Classical.choice, Quot.sound]
'Problems.Juggler.guardResidue_threshold_blocks' depends on axioms: [propext, Classical.choice, Quot.sound]
'Problems.Juggler.hugCharge' depends on axioms: [propext, Classical.choice, Quot.sound]
'Problems.Juggler.hugCharge_sub_circleMean_extended' depends on axioms: [propext, Classical.choice, Quot.sound]
'Problems.Juggler.hugCharge_sub_circleMean_le' depends on axioms: [propext, Classical.choice, Quot.sound]
'Problems.Juggler.hugCharge_sub_circleMean_window' depends on axioms: [propext, Classical.choice, Quot.sound]
'Problems.Juggler.hugEvens_eq_floor' depends on axioms: [propext, Classical.choice, Quot.sound]
'Problems.Juggler.hugLetter_iff_floor_step' depends on axioms: [propext, Classical.choice, Quot.sound]
'Problems.Juggler.hugOdds' depends on axioms: [propext]
'Problems.Juggler.hugOdds_1054' depends on axioms: [propext]
'Problems.Juggler.hugOdds_eq_ceil' depends on axioms: [propext, Classical.choice, Quot.sound]
'Problems.Juggler.hugOdds_eq_sub_floor' depends on axioms: [propext, Classical.choice, Quot.sound]
'Problems.Juggler.hugOdds_lattice_base' depends on axioms: [propext]
'Problems.Juggler.hugOdds_le_of_admissible' depends on axioms: [propext, Classical.choice, Quot.sound]
'Problems.Juggler.hugOdds_least' depends on axioms: [propext, Classical.choice, Quot.sound]
'Problems.Juggler.hugOdds_pow_ge' depends on axioms: [propext, Quot.sound]
'Problems.Juggler.hugOdds_pow_gt' depends on axioms: [propext, Classical.choice, Quot.sound]
'Problems.Juggler.hugOdds_pow_lt' depends on axioms: [propext, Classical.choice, Quot.sound]
'Problems.Juggler.hugOdds_seed' depends on axioms: [propext]
'Problems.Juggler.hugWalk_eq_fract' depends on axioms: [propext, Classical.choice, Quot.sound]
'Problems.Juggler.hug_charge_maximal' depends on axioms: [propext, Classical.choice, Quot.sound]
'Problems.Juggler.hug_charge_unique' depends on axioms: [propext, Classical.choice, Quot.sound]
'Problems.Juggler.image_append' depends on axioms: [propext]
'Problems.Juggler.image_eq_iterate' depends on axioms: [propext]
'Problems.Juggler.image_eq_start_defectRatio' depends on axioms: [propext, Classical.choice, Quot.sound]
'Problems.Juggler.image_monotone_of_follows' depends on axioms: [propext, Classical.choice, Quot.sound]
'Problems.Juggler.inv_sq_le_quad' depends on axioms: [propext, Classical.choice, Quot.sound]
'Problems.Juggler.log_floorPower_even_ge' depends on axioms: [propext, Classical.choice, Quot.sound]
'Problems.Juggler.log_floorPower_even_ge_sub' depends on axioms: [propext, Classical.choice, Quot.sound]
'Problems.Juggler.log_floorPower_odd_ge' depends on axioms: [propext, Classical.choice, Quot.sound]
'Problems.Juggler.log_floorPower_odd_ge_sub' depends on axioms: [propext, Classical.choice, Quot.sound]
'Problems.Juggler.log_le_two_log_add' depends on axioms: [propext, Classical.choice, Quot.sound]
'Problems.Juggler.log_step_even' depends on axioms: [propext, Classical.choice, Quot.sound]
'Problems.Juggler.log_step_odd' depends on axioms: [propext, Classical.choice, Quot.sound]
'Problems.Juggler.lowerDenom_replicate_odd' depends on axioms: [propext, Quot.sound]
'Problems.Juggler.lower_growth_word' depends on axioms: [propext, Classical.choice, Quot.sound]
'Problems.Juggler.lower_lt_walkTheta' depends on axioms: [propext, Classical.choice, Quot.sound]
'Problems.Juggler.neg_log_one_sub_le_sixth' depends on axioms: [propext, Classical.choice, Quot.sound]
'Problems.Juggler.no_cycleMin_gapped_three_even_ee' depends on axioms: [propext, Classical.choice, Quot.sound]
'Problems.Juggler.no_cycleMin_gapped_three_even_eoe' depends on axioms: [propext, Classical.choice, Quot.sound]
'Problems.Juggler.no_cycle_itinerary_even_count_le_three' depends on axioms: [propext, Classical.choice, Quot.sound]
'Problems.Juggler.no_cycle_itinerary_gapped_three_even_ee' depends on axioms: [propext, Classical.choice, Quot.sound]
'Problems.Juggler.no_cycle_itinerary_gapped_three_even_eoe' depends on axioms: [propext, Classical.choice, Quot.sound]
'Problems.Juggler.no_cycle_itinerary_length_le_seven' depends on axioms: [propext, Classical.choice, Quot.sound]
'Problems.Juggler.no_cycle_itinerary_length_le_six' depends on axioms: [propext, Classical.choice, Quot.sound]
'Problems.Juggler.no_cycle_itinerary_ooe' depends on axioms: [propext, Classical.choice, Quot.sound]
'Problems.Juggler.no_cycle_itinerary_ooeoooe' depends on axioms: [propext, Classical.choice, Quot.sound]
'Problems.Juggler.no_cycle_itinerary_oooeoe' depends on axioms: [propext, Classical.choice, Quot.sound]
'Problems.Juggler.no_cycle_itinerary_oooeooe' depends on axioms: [propext, Classical.choice, Quot.sound]
'Problems.Juggler.no_cycle_itinerary_ooooee' depends on axioms: [propext, Classical.choice, Quot.sound]
'Problems.Juggler.no_cycle_itinerary_ooooeoe' depends on axioms: [propext, Classical.choice, Quot.sound]
'Problems.Juggler.no_cycle_itinerary_oooooee' depends on axioms: [propext, Classical.choice, Quot.sound]
'Problems.Juggler.no_cycle_itinerary_ooooooeee' depends on axioms: [propext, Classical.choice, Quot.sound]
'Problems.Juggler.no_cycle_itinerary_oooooooeeee' depends on axioms: [propext, Classical.choice, Quot.sound]
'Problems.Juggler.no_cycle_itinerary_three_even_eee' depends on axioms: [propext, Classical.choice, Quot.sound]
'Problems.Juggler.no_cycle_itinerary_three_even_eeoe' depends on axioms: [propext, Classical.choice, Quot.sound]
'Problems.Juggler.no_cycle_itinerary_three_even_eoee' depends on axioms: [propext, Classical.choice, Quot.sound]
'Problems.Juggler.no_cycle_itinerary_three_even_eoeoe' depends on axioms: [propext, Classical.choice, Quot.sound]
'Problems.Juggler.no_cycle_itinerary_three_even_eooee' depends on axioms: [propext, Classical.choice, Quot.sound]
'Problems.Juggler.no_cycle_itinerary_three_even_eooeoe' depends on axioms: [propext, Classical.choice, Quot.sound]
'Problems.Juggler.no_cycle_itinerary_three_even_eoooee' depends on axioms: [propext, Classical.choice, Quot.sound]
'Problems.Juggler.no_cycle_itinerary_two_even_ee' depends on axioms: [propext, Classical.choice, Quot.sound]
'Problems.Juggler.no_cycle_itinerary_two_even_eoe' depends on axioms: [propext, Classical.choice, Quot.sound]
'Problems.Juggler.no_cycle_odd_run_append_even' depends on axioms: [propext, Classical.choice, Quot.sound]
'Problems.Juggler.no_finiteProgress_implies_odd_odd' depends on axioms: [propext, Classical.choice, Quot.sound]
'Problems.Juggler.no_follows_seven_odds_of_lt256' depends on axioms: [propext, Quot.sound]
'Problems.Juggler.observable_window_variation_lt_two' depends on axioms: [propext, Classical.choice, Quot.sound]
'Problems.Juggler.oddEvenBlock' does not depend on any axioms
'Problems.Juggler.odd_even_finiteProgress' depends on axioms: [propext, Classical.choice, Quot.sound]
'Problems.Juggler.odd_preimage_unique' depends on axioms: [propext, Classical.choice, Quot.sound]
'Problems.Juggler.odd_run_ge' depends on axioms: [propext, Classical.choice, Quot.sound]
'Problems.Juggler.odd_run_lower_growth' depends on axioms: [propext, Classical.choice, Quot.sound]
'Problems.Juggler.one_plus_eta_lt_succ_sq' depends on axioms: [propext, Classical.choice, Quot.sound]
'Problems.Juggler.oo_suffix_threshold' depends on axioms: [propext, Classical.choice, Quot.sound]
'Problems.Juggler.ooeFamilyReturn_mod_fortyeight' depends on axioms: [propext, Quot.sound]
'Problems.Juggler.ooeFamilyReturn_valuation_drop' depends on axioms: [propext, Classical.choice, Quot.sound]
'Problems.Juggler.ooeFamily_juggler_block' depends on axioms: [propext, Classical.choice, Quot.sound]
'Problems.Juggler.ooeFamily_juggler_chain_bound' depends on axioms: [propext, Classical.choice, Quot.sound]
'Problems.Juggler.ooeFamily_no_infinite_juggler_chain' depends on axioms: [propext, Classical.choice, Quot.sound]
'Problems.Juggler.ooo_suffix_threshold' depends on axioms: [propext, Classical.choice, Quot.sound]
'Problems.Juggler.orbitCell' does not depend on any axioms
'Problems.Juggler.orbitCell_inj' depends on axioms: [propext, Classical.choice, Quot.sound]
'Problems.Juggler.orbit_mem_cell' depends on axioms: [propext, Classical.choice, Quot.sound]
'Problems.Juggler.ostroBlocks' depends on axioms: [propext]
'Problems.Juggler.ostroBlocks_length' depends on axioms: [propext, Classical.choice, Quot.sound]
'Problems.Juggler.ostroBlocks_snd_sum' depends on axioms: [propext, Classical.choice, Quot.sound]
'Problems.Juggler.ostroDigit_le' depends on axioms: [propext, Classical.choice, Quot.sound]
'Problems.Juggler.ostro_digitSum_le' depends on axioms: [propext, Classical.choice, Quot.sound]
'Problems.Juggler.ostro_sum_eq' depends on axioms: [propext, Classical.choice, Quot.sound]
'Problems.Juggler.packingR_step' depends on axioms: [propext, Classical.choice, Quot.sound]
'Problems.Juggler.packingR_step_neg' depends on axioms: [propext, Classical.choice, Quot.sound]
'Problems.Juggler.period_ge_22_of_even_count' depends on axioms: [propext, Classical.choice, Quot.sound]
'Problems.Juggler.periodicObservable' depends on axioms: [propext, Classical.choice, Quot.sound]
'Problems.Juggler.periodicObservable_hugWalk' depends on axioms: [propext, Classical.choice, Quot.sound]
'Problems.Juggler.periodic_window_variation_le' depends on axioms: [propext, Classical.choice, Quot.sound]
'Problems.Juggler.power_bound_contracts' depends on axioms: [propext, Classical.choice, Quot.sound]
'Problems.Juggler.power_bound_eq_iff_extremal' depends on axioms: [propext, Classical.choice, Quot.sound]
'Problems.Juggler.power_bound_word' depends on axioms: [propext, Classical.choice, Quot.sound]
'Problems.Juggler.rankResidue_interlaces' depends on axioms: [propext, Classical.choice, Quot.sound]
'Problems.Juggler.rankResidue_parameterization' depends on axioms: [propext, Classical.choice, Quot.sound]
'Problems.Juggler.rankRotation_mechanical_prefix' depends on axioms: [propext, Classical.choice, Quot.sound]
'Problems.Juggler.rankRotation_orbit_iff_residue' depends on axioms: [propext, Classical.choice, Quot.sound]
'Problems.Juggler.rankRotation_orbit_representatives' depends on axioms: [propext, Classical.choice, Quot.sound]
'Problems.Juggler.rankRotation_orbit_upper_card' depends on axioms: [propext, Classical.choice, Quot.sound]
'Problems.Juggler.reachesOne_of_all_finiteProgress' depends on axioms: [propext, Classical.choice, Quot.sound]
'Problems.Juggler.rotationAverage_gap' depends on axioms: [propext, Classical.choice, Quot.sound]
'Problems.Juggler.rotationAverage_le' depends on axioms: [propext, Classical.choice, Quot.sound]
'Problems.Juggler.rotationAverage_lt' depends on axioms: [propext, Classical.choice, Quot.sound]
'Problems.Juggler.rotation_average_le' depends on axioms: [propext, Classical.choice, Quot.sound]
'Problems.Juggler.rotation_average_lt' depends on axioms: [propext, Classical.choice, Quot.sound]
'Problems.Juggler.runCapConst_gt' depends on axioms: [propext, Classical.choice, Quot.sound]
'Problems.Juggler.runCapConst_lt' depends on axioms: [propext, Classical.choice, Quot.sound]
'Problems.Juggler.runCap_antitone' depends on axioms: [propext]
'Problems.Juggler.runCap_eq_floor' depends on axioms: [propext, Classical.choice, Quot.sound]
'Problems.Juggler.runCap_tuple_seven' does not depend on any axioms
'Problems.Juggler.runCap_tuple_three' does not depend on any axioms
'Problems.Juggler.runSurvivors_length' does not depend on any axioms
'Problems.Juggler.run_survivor_seed_F2' does not depend on any axioms
'Problems.Juggler.run_survivor_seed_F3' does not depend on any axioms
'Problems.Juggler.run_survivor_unimodular' does not depend on any axioms
'Problems.Juggler.sixTerm_bound_packed' depends on axioms: [propext, Classical.choice, Quot.sound]
'Problems.Juggler.square_scale_superquadratic' depends on axioms: [propext, Classical.choice, Quot.sound]
'Problems.Juggler.stateCharge' depends on axioms: [propext, Classical.choice, Quot.sound]
'Problems.Juggler.stateCharge_antitone' depends on axioms: [propext, Classical.choice, Quot.sound]
'Problems.Juggler.stateCharge_inj' depends on axioms: [propext, Classical.choice, Quot.sound]
'Problems.Juggler.stateCharge_strictAnti' depends on axioms: [propext, Classical.choice, Quot.sound]
'Problems.Juggler.sum_eVariationOn_Icc' depends on axioms: [propext, Classical.choice, Quot.sound]
'Problems.Juggler.theta_block_envelope' depends on axioms: [propext, Classical.choice, Quot.sound]
'Problems.Juggler.theta_block_envelope_of_length' depends on axioms: [propext, Classical.choice, Quot.sound]
'Problems.Juggler.theta_block_envelope_window' depends on axioms: [propext, Classical.choice, Quot.sound]
'Problems.Juggler.theta_block_permutations' depends on axioms: [propext, Quot.sound]
'Problems.Juggler.theta_convergent_denominators' does not depend on any axioms
'Problems.Juggler.theta_convergent_numerators' does not depend on any axioms
'Problems.Juggler.theta_convergent_quality' depends on axioms: [propext, Classical.choice, Quot.sound]
'Problems.Juggler.theta_convergents_coprime' does not depend on any axioms
'Problems.Juggler.theta_convergents_unimodular' depends on axioms: [propext]
'Problems.Juggler.theta_digitSum_le' depends on axioms: [propext, Classical.choice, Quot.sound]
'Problems.Juggler.theta_sandwich_lower' depends on axioms: [propext, Classical.choice, Quot.sound]
'Problems.Juggler.theta_sandwich_upper' depends on axioms: [propext, Classical.choice, Quot.sound]
'Problems.Juggler.theta_strictMono' depends on axioms: [propext, Classical.choice, Quot.sound]
'Problems.Juggler.theta_sum_eq' depends on axioms: [propext, Classical.choice, Quot.sound]
'Problems.Juggler.three_pow_step_gt_two_pow_step' depends on axioms: [propext, Classical.choice, Quot.sound]
'Problems.Juggler.thresholdMap_eq_floorPower_iff' depends on axioms: [propext, Classical.choice, Quot.sound]
'Problems.Juggler.thresholdMap_exists_primitive' depends on axioms: [propext, Classical.choice, Quot.sound]
'Problems.Juggler.thresholdMap_invariant' depends on axioms: [propext, Classical.choice, Quot.sound]
'Problems.Juggler.thresholdMap_ne_self' depends on axioms: [propext, Classical.choice, Quot.sound]
'Problems.Juggler.threshold_all_periodic_rank_rotation' depends on axioms: [propext, Classical.choice, Quot.sound]
'Problems.Juggler.threshold_inherits_odd_append' depends on axioms: [propext, Classical.choice, Quot.sound]
'Problems.Juggler.threshold_periods_equal' depends on axioms: [propext, Classical.choice, Quot.sound]
'Problems.Juggler.threshold_sorted_rotation' depends on axioms: [propext, Classical.choice, Quot.sound]
'Problems.Juggler.two_mul_cheap_le_odd' depends on axioms: [propext, Classical.choice, Quot.sound]
'Problems.Juggler.two_n_add_one_lt_rpow_three_halves' depends on axioms: [propext, Classical.choice, Quot.sound]
'Problems.Juggler.valley_add_internal' depends on axioms: [propext, Classical.choice, Quot.sound]
'Problems.Juggler.value_sub_mean_le_variation' depends on axioms: [propext, Classical.choice, Quot.sound]
'Problems.Juggler.walkTheta' depends on axioms: [propext, Classical.choice, Quot.sound]
'Problems.Juggler.walkTheta_lt_upper' depends on axioms: [propext, Classical.choice, Quot.sound]
'Problems.Juggler.window_digit_cap' depends on axioms: [propext,
 Quot.sound,
 Problems.Juggler.window_digit_scan._native.native_decide.ax_1_1]
'Problems.Juggler.window_digit_scan' depends on axioms: [propext,
 Problems.Juggler.window_digit_scan._native.native_decide.ax_1_1]
