'Problems.Juggler.PaperBChernoff.theta_lt_one' depends on axioms: [propext, Classical.choice, Quot.sound]
'Problems.Juggler.PaperBChernoff.klDiv_pos' depends on axioms: [propext, Classical.choice, Quot.sound]
'Problems.Juggler.PaperBMarkov.chernoff_density' depends on axioms: [propext, Classical.choice, Quot.sound]
'Problems.Juggler.PaperBMarkov.tilt_gives_theta' depends on axioms: [propext, Classical.choice, Quot.sound]
'Problems.Juggler.PaperBMarkov.sum_choose_mul_pow' depends on axioms: [propext, Classical.choice, Quot.sound]
'Problems.Juggler.PaperBDensity.density_of_finite_union' depends on axioms: [propext, Classical.choice, Quot.sound]
'Problems.Juggler.PaperBDensity.exceptional_density_zero' depends on axioms: [propext, Classical.choice, Quot.sound]
'Problems.Juggler.OneSided.klDiv_nonneg' depends on axioms: [propext, Classical.choice, Quot.sound]
