'BTCalculus.KusminLandau.phase_re' depends on axioms: [propext, Classical.choice, Quot.sound]
'BTCalculus.KusminLandau.phase_im' depends on axioms: [propext, Classical.choice, Quot.sound]
'BTCalculus.KusminLandau.sin_pi_mul_pos' depends on axioms: [propext, Classical.choice, Quot.sound]
'BTCalculus.KusminLandau.cotWeight_mono' depends on axioms: [propext, Classical.choice, Quot.sound]
'BTCalculus.KusminLandau.chordWeight_mul' depends on axioms: [propext, Classical.choice, Quot.sound]
'BTCalculus.KusminLandau.sin_pi_mul_lower' depends on axioms: [propext, Classical.choice, Quot.sound]
'BTCalculus.KusminLandau.phase_chord_lower' depends on axioms: [propext, Classical.choice, Quot.sound]
'BTCalculus.KusminLandau.chordWeight_norm_le' depends on axioms: [propext, Classical.choice, Quot.sound]
'BTCalculus.KusminLandau.weighted_difference_sum' depends on axioms: [propext, Classical.choice, Quot.sound]
'BTCalculus.KusminLandau.variation_le_endpoints' depends on axioms: [propext, Classical.choice, Quot.sound]
'BTCalculus.KusminLandau.chordWeight_sub_norm' depends on axioms: [propext, Classical.choice, Quot.sound]
'BTCalculus.KusminLandau.cotWeight_abs_le_norm' depends on axioms: [propext, Classical.choice, Quot.sound]
'BTCalculus.KusminLandau.phase_step' depends on axioms: [propext, Classical.choice, Quot.sound]
'BTCalculus.KusminLandau.kusmin_landau_sum_range_succ' depends on axioms: [propext, Classical.choice, Quot.sound]
'BTCalculus.KusminLandau.kusmin_landau_sum_range' depends on axioms: [propext, Classical.choice, Quot.sound]
'BTCalculus.KusminLandau.tendsto_phase_average_zero_of_gap' depends on axioms: [propext, Classical.choice, Quot.sound]
'BTCalculus.KusminLandau.exists_increment_deriv' depends on axioms: [propext, Classical.choice, Quot.sound]
'BTCalculus.KusminLandau.first_derivative_sum_bound' depends on axioms: [propext, Classical.choice, Quot.sound]
'BTCalculus.SublinearPowerCancellation.power_derivative_antitone' depends on axioms: [propext,
 Classical.choice,
 Quot.sound]
'BTCalculus.SublinearPowerCancellation.sublinear_power_sum_bound' depends on axioms: [propext,
 Classical.choice,
 Quot.sound]
'BTCalculus.SublinearPowerCancellation.tendsto_sublinear_power_average_shift' depends on axioms: [propext,
 Classical.choice,
 Quot.sound]
'BTCalculus.SublinearPowerCancellation.tendsto_average_zero_of_shift' depends on axioms: [propext,
 Classical.choice,
 Quot.sound]
'BTCalculus.SublinearPowerCancellation.tendsto_sublinear_power_average_pos' depends on axioms: [propext,
 Classical.choice,
 Quot.sound]
'BTCalculus.SublinearPowerCancellation.phase_neg' depends on axioms: [propext, Classical.choice, Quot.sound]
'BTCalculus.SublinearPowerCancellation.tendsto_sublinear_power_average' depends on axioms: [propext,
 Classical.choice,
 Quot.sound]
