'Problems.Collatz.FibreRunTail.realizedRun_divisibility' depends on axioms: [propext, Classical.choice, Quot.sound]
'Problems.Collatz.FibreRunTail.realizedRun_returns' depends on axioms: [propext, Classical.choice, Quot.sound]
'Problems.Collatz.FibreRunTail.runCoefficient_bounds' depends on axioms: [propext, Classical.choice, Quot.sound]
'Problems.Collatz.FibreRunTail.runCoefficient_summable' depends on axioms: [propext, Classical.choice, Quot.sound]
'Problems.Collatz.FibreRunTail.total_runCoefficient_le' depends on axioms: [propext, Classical.choice, Quot.sound]
'Problems.Collatz.FibreRunTail.negative_fixed_point_lower' depends on axioms: [propext, Classical.choice, Quot.sound]
