'Problems.Juggler.OOEEFibreGeometry.inverse_le' depends on axioms: [propext, Classical.choice, Quot.sound]
'Problems.Juggler.OOEEFibreGeometry.inverse_monotone' depends on axioms: [propext, Classical.choice, Quot.sound]
'Problems.Juggler.OOEEFibreGeometry.endpoint_monotone' depends on axioms: [propext, Classical.choice, Quot.sound]
'Problems.Juggler.OOEEFibreGeometry.endpoint_le' depends on axioms: [propext, Classical.choice, Quot.sound]
'Problems.Juggler.OOEEFibreGeometry.formal_cell' depends on axioms: [propext, Classical.choice, Quot.sound]
'Problems.Juggler.OOEEFibreGeometry.actual_four_steps' depends on axioms: [propext, Quot.sound]
'Problems.Juggler.OOEEFibreGeometry.sample_injective' depends on axioms: [propext, Classical.choice, Quot.sound]
'Problems.Juggler.OOEEFibreGeometry.mem_candidates' depends on axioms: [propext, Classical.choice, Quot.sound]
'Problems.Juggler.OOEEFibreGeometry.sample_mem' depends on axioms: [propext, Classical.choice, Quot.sound]
'Problems.Juggler.OOEEFibreGeometry.candidate_card' depends on axioms: [propext, Classical.choice, Quot.sound]
'Problems.Juggler.OOEEFibreGeometry.mem_fibre' depends on axioms: [propext, Classical.choice, Quot.sound]
'Problems.Juggler.OOEEFibreGeometry.fibre_card_count' depends on axioms: [propext, Classical.choice, Quot.sound]
'Problems.Juggler.OOEEFibreGeometry.endpoint_bounds' depends on axioms: [propext, Classical.choice, Quot.sound]
'Problems.Juggler.OOEEFibreGeometry.power_increment' depends on axioms: [propext, Classical.choice, Quot.sound]
'Problems.Juggler.OOEEFibreGeometry.endpoint_gap_bounds' depends on axioms: [propext, Classical.choice, Quot.sound]
'Problems.Juggler.OOEEFibreGeometry.candidate_rounding' depends on axioms: [propext, Classical.choice, Quot.sound]
'Problems.Juggler.OOEEFibreGeometry.candidate_count_error' depends on axioms: [propext, Classical.choice, Quot.sound]
'Problems.Juggler.OOEEFibreGeometry.scale_ge_eight' depends on axioms: [propext, Classical.choice, Quot.sound]
'Problems.Juggler.OOEEFibreGeometry.base_eq_mul_scale' depends on axioms: [propext, Classical.choice, Quot.sound]
'Problems.Juggler.OOEEFibreGeometry.source_window' depends on axioms: [propext, Classical.choice, Quot.sound]
'Problems.Juggler.OOEEFibreGeometry.candidate_count_scale' depends on axioms: [propext, Classical.choice, Quot.sound]
'Problems.Juggler.OOEEFibreGeometry.candidate_count_pos' depends on axioms: [propext, Classical.choice, Quot.sound]
'Problems.Juggler.OOEEFibreParity.base_rpow' depends on axioms: [propext, Classical.choice, Quot.sound]
'Problems.Juggler.OOEEFibreParity.normalized_error_bound' depends on axioms: [propext, Classical.choice, Quot.sound]
'Problems.Juggler.OOEEFibreParity.nonresonant_fibre_discrepancy' depends on axioms: [propext,
 Classical.choice,
 Quot.sound]
'Problems.Juggler.OOEEFibreParity.normalized_fibre_discrepancy' depends on axioms: [propext,
 Classical.choice,
 Quot.sound]
