'Problems.Juggler.OOEECurvature.deriv_power' depends on axioms: [propext, Classical.choice, Quot.sound]
'Problems.Juggler.OOEECurvature.deriv_shift_power' depends on axioms: [propext, Classical.choice, Quot.sound]
'Problems.Juggler.OOEECurvature.deriv_powerDiff' depends on axioms: [propext, Classical.choice, Quot.sound]
'Problems.Juggler.OOEECurvature.anchor_original' depends on axioms: [propext, Classical.choice, Quot.sound]
'Problems.Juggler.OOEECurvature.deriv_anchor' depends on axioms: [propext, Classical.choice, Quot.sound]
'Problems.Juggler.OOEECurvature.deriv_anchorD1' depends on axioms: [propext, Classical.choice, Quot.sound]
'Problems.Juggler.OOEECurvature.deriv_anchorD2_shift' depends on axioms: [propext, Classical.choice, Quot.sound]
'Problems.Juggler.OOEECurvature.deriv_anchorD2Shift1' depends on axioms: [propext, Classical.choice, Quot.sound]
'Problems.Juggler.OOEECurvature.anchorD2_zero' depends on axioms: [propext, Classical.choice, Quot.sound]
'Problems.Juggler.OOEECurvature.anchorD2Shift1_zero' depends on axioms: [propext, Classical.choice, Quot.sound]
'Problems.Juggler.OOEECurvature.mixed_power_bound' depends on axioms: [propext, Classical.choice, Quot.sound]
'Problems.Juggler.OOEECurvature.anchor_shift_second_bound' depends on axioms: [propext, Classical.choice, Quot.sound]
'Problems.Juggler.OOEECurvature.anchor_curvature_remainder' depends on axioms: [propext, Classical.choice, Quot.sound]
'Problems.Juggler.OOEECurvature.negative_power_difference_bound' depends on axioms: [propext,
 Classical.choice,
 Quot.sound]
'Problems.Juggler.OOEECurvature.deriv_cellPhase' depends on axioms: [propext, Classical.choice, Quot.sound]
'Problems.Juggler.OOEECurvature.deriv_cellPhaseD1' depends on axioms: [propext, Classical.choice, Quot.sound]
'Problems.Juggler.OOEECurvature.cell_curvature_error' depends on axioms: [propext, Classical.choice, Quot.sound]
'Problems.Juggler.OOEECurvature.rpow_nearby_lower' depends on axioms: [propext, Classical.choice, Quot.sound]
'Problems.Juggler.OOEECurvature.rpow_nearby_half' depends on axioms: [propext, Classical.choice, Quot.sound]
'Problems.Juggler.OOEECurvature.carry_coefficient_bounds' depends on axioms: [propext, Classical.choice, Quot.sound]
'Problems.Juggler.OOEECurvature.cell_curvature_pointwise' depends on axioms: [propext, Classical.choice, Quot.sound]
'Problems.Juggler.OOEECurvature.cell_curvature_uniform' depends on axioms: [propext, Classical.choice, Quot.sound]
'Problems.Juggler.OOEECurvature.floor_cell_bounds' depends on axioms: [propext, Classical.choice, Quot.sound]
'Problems.Juggler.OOEECurvature.cell_sum_bound' depends on axioms: [propext, Classical.choice, Quot.sound]
'Problems.Juggler.OOEECurvature.cell_sum_power_bound' depends on axioms: [propext, Classical.choice, Quot.sound]
'Problems.Juggler.OOEECurvature.size_conditions_eventually' depends on axioms: [propext, Classical.choice, Quot.sound]
