'BTCalculus.FejerBox3.smooth_expansion' depends on axioms: [propext, Classical.choice, Quot.sound]
'BTCalculus.FejerBox3.smooth_average_bound' depends on axioms: [propext, Classical.choice, Quot.sound]
'BTCalculus.FejerBox3.product_difference' depends on axioms: [propext, Classical.choice, Quot.sound]
'BTCalculus.FejerBox3.finite_box_discrepancy' depends on axioms: [propext, Classical.choice, Quot.sound]
'Problems.Juggler.OOEERootPhase.firstFloor_nonneg' depends on axioms: [propext, Classical.choice, Quot.sound]
'Problems.Juggler.OOEERootPhase.secondFloor_nonneg' depends on axioms: [propext, Classical.choice, Quot.sound]
'Problems.Juggler.OOEERootPhase.nestedPower_le' depends on axioms: [propext, Classical.choice, Quot.sound]
'Problems.Juggler.OOEERootPhase.actualRoot_error' depends on axioms: [propext, Classical.choice, Quot.sound]
'Problems.Juggler.OOEERootPhase.actualRoot_abs_error' depends on axioms: [propext, Classical.choice, Quot.sound]
'Problems.Juggler.OOEERootPhase.actual_phase_difference' depends on axioms: [propext, Classical.choice, Quot.sound]
'Problems.Juggler.OOEERootPhase.actual_phase_comparison' depends on axioms: [propext, Classical.choice, Quot.sound]
'Problems.Juggler.OOEERootPhase.finite_actual_mixed_modes' depends on axioms: [propext, Classical.choice, Quot.sound]
'Problems.Juggler.OOEESlowModes.slope_variation' depends on axioms: [propext, Classical.choice, Quot.sound]
'Problems.Juggler.OOEESlowModes.slope_integer_band' depends on axioms: [propext, Classical.choice, Quot.sound]
'Problems.Juggler.OOEESlowModes.smooth_slow_sum' depends on axioms: [propext, Classical.choice, Quot.sound]
'Problems.Juggler.OOEESlowModes.actual_slow_sum' depends on axioms: [propext, Classical.choice, Quot.sound]
'Problems.Juggler.OOEESlowModes.actual_slow_samples' depends on axioms: [propext, Classical.choice, Quot.sound]
'Problems.Juggler.OOEESlowModes.target_slow_samples' depends on axioms: [propext, Classical.choice, Quot.sound]
'Problems.Juggler.OOEEParity.arc_fract' depends on axioms: [propext, Classical.choice, Quot.sound]
'Problems.Juggler.OOEEParity.lower_half_floor' depends on axioms: [propext, Classical.choice, Quot.sound]
'Problems.Juggler.OOEEParity.upper_half_floor' depends on axioms: [propext, Classical.choice, Quot.sound]
'Problems.Juggler.OOEEParity.firstFloor_nat' depends on axioms: [propext, Classical.choice, Quot.sound]
'Problems.Juggler.OOEEParity.secondFloor_nat' depends on axioms: [propext, Classical.choice, Quot.sound]
'Problems.Juggler.OOEEParity.actualRoot_floor_nat' depends on axioms: [propext, Classical.choice, Quot.sound]
'Problems.Juggler.OOEEParity.point_guards' depends on axioms: [propext, Classical.choice, Quot.sound]
'Problems.Juggler.OOEEParity.mode_phase' depends on axioms: [propext, Classical.choice, Quot.sound]
'Problems.Juggler.OOEEParity.actual_guard_discrepancy' depends on axioms: [propext, Classical.choice, Quot.sound]
'Problems.Juggler.OOEEParity.nonresonant_guard_discrepancy' depends on axioms: [propext, Classical.choice, Quot.sound]
