'Problems.Collatz.FibreMixing.density_pos' depends on axioms: [propext, Classical.choice, Quot.sound]
'Problems.Collatz.FibreMixing.density_le' depends on axioms: [propext, Classical.choice, Quot.sound]
'Problems.Collatz.FibreMixing.density_children' depends on axioms: [propext, Classical.choice, Quot.sound]
'Problems.Collatz.FibreMixing.density_rootPrefix' depends on axioms: [propext, Classical.choice, Quot.sound]
'Problems.Collatz.FibreMixing.density_append_error' depends on axioms: [propext, Classical.choice, Quot.sound]
'Problems.Collatz.FibreMixing.unitDensity_singleton' depends on axioms: [propext, Classical.choice, Quot.sound]
'Problems.Collatz.FibreMixing.unitDensity_pos_iff' depends on axioms: [propext, Classical.choice, Quot.sound]
'Problems.Collatz.FibreMixing.unitDensity_children' depends on axioms: [propext, Classical.choice, Quot.sound]
'Problems.Collatz.FibreMixing.unitDensity_levelSum' depends on axioms: [propext, Classical.choice, Quot.sound]
'Problems.Collatz.FibreMixing.unitDensity_append_error' depends on axioms: [propext, Classical.choice, Quot.sound]
'Problems.Collatz.FibreMixing.unitDensity_rootPrefix' depends on axioms: [propext, Classical.choice, Quot.sound]
'Problems.Collatz.FibreMixing.root_series_hasSum' depends on axioms: [propext, Classical.choice, Quot.sound]
'Problems.Collatz.FibreMixing.integer_root_hasSum' depends on axioms: [propext, Classical.choice, Quot.sound]
'Problems.Collatz.FibreMixing.unitDensity_le' depends on axioms: [propext, Classical.choice, Quot.sound]
'Problems.Collatz.FibreMixing.signed_kernel_spike_lower' depends on axioms: [propext, Classical.choice, Quot.sound]
'Problems.Collatz.FibreMixing.model_lt_signed_kernel' depends on axioms: [propext, Classical.choice, Quot.sound]
'Problems.Collatz.FibreMixing.syracuseDensity_singleton' depends on axioms: [propext, Classical.choice, Quot.sound]
'Problems.Collatz.FibreMixing.syracuseDensity_children' depends on axioms: [propext, Classical.choice, Quot.sound]
'Problems.Collatz.FibreMixing.syracuseDensity_levelSum' depends on axioms: [propext, Classical.choice, Quot.sound]
'Problems.Collatz.FibreMixing.syracuseDensity_append_error' depends on axioms: [propext, Classical.choice, Quot.sound]
'Problems.Collatz.FibreMixing.syracuse_root_hasSum' depends on axioms: [propext, Classical.choice, Quot.sound]
