'Problems.Collatz.FibreMass.transfer_period_sum' depends on axioms: [propext, Classical.choice, Quot.sound]
'Problems.Collatz.FibreSignCoupling.oddReturn_minus_two_mul_add_one' depends on axioms: [propext,
 Classical.choice,
 Quot.sound]
'Problems.Collatz.FibreSignCoupling.oddReturn_plus_two_mul_sub_one' depends on axioms: [propext,
 Classical.choice,
 Quot.sound]
'Problems.Collatz.FibreSignCoupling.paired_unit_lower' depends on axioms: [propext, Classical.choice, Quot.sound]
'Problems.Collatz.FibreSignCoupling.paired_depth_two_deficit' depends on axioms: [propext, Classical.choice, Quot.sound]
'Problems.Collatz.FibreSignCoupling.two_step_reciprocal_upper' depends on axioms: [propext,
 Classical.choice,
 Quot.sound]
'Problems.Collatz.FibreActual.oddReturn_pos' depends on axioms: [propext, Classical.choice, Quot.sound]
'Problems.Collatz.FibreActual.oddReturn_odd' depends on axioms: [propext, Classical.choice, Quot.sound]
'Problems.Collatz.FibreSignCoupling.twoStepMass_le' depends on axioms: [propext, Classical.choice, Quot.sound]
'Problems.Collatz.FibreSignCoupling.twoStepMass_lt_top' depends on axioms: [propext, Classical.choice, Quot.sound]
'Problems.Collatz.FibreSignCoupling.two_step_reciprocals_summable' depends on axioms: [propext,
 Classical.choice,
 Quot.sound]
'Problems.Collatz.FibreSignCoupling.paired_twoStepMass_lt' depends on axioms: [propext, Classical.choice, Quot.sound]
'Problems.Collatz.FibreSignCoupling.paired_twoStepMass_progression' depends on axioms: [propext,
 Classical.choice,
 Quot.sound]
