'Problems.Collatz.FibreActual.oddReturn_plus' depends on axioms: [propext, Classical.choice, Quot.sound]
'Problems.Collatz.FibreActual.numerator_pos' depends on axioms: [propext, Quot.sound]
'Problems.Collatz.FibreActual.numerator_cast' depends on axioms: [propext, Quot.sound]
'Problems.Collatz.FibreActual.numerator_even' depends on axioms: [propext, Classical.choice, Quot.sound]
'Problems.Collatz.FibreActual.pow_two_lower' depends on axioms: [propext, Classical.choice, Quot.sound]
'Problems.Collatz.FibreActual.raw_pos' depends on axioms: [propext, Classical.choice, Quot.sound]
'Problems.Collatz.FibreActual.raw_cast' depends on axioms: [propext, Classical.choice, Quot.sound]
'Problems.Collatz.FibreActual.raw_odd' depends on axioms: [propext, Classical.choice, Quot.sound]
'Problems.Collatz.FibreActual.child_mul' depends on axioms: [propext]
'Problems.Collatz.FibreActual.child_pos' depends on axioms: [propext, Classical.choice, Quot.sound]
'Problems.Collatz.FibreActual.child_odd' depends on axioms: [propext, Classical.choice, Quot.sound]
'Problems.Collatz.FibreActual.child_equation' depends on axioms: [propext, Classical.choice, Quot.sound]
'Problems.Collatz.FibreActual.valuation_of_odd_target' depends on axioms: [propext, Classical.choice, Quot.sound]
'Problems.Collatz.FibreActual.child_returns' depends on axioms: [propext, Classical.choice, Quot.sound]
'Problems.Collatz.FibreActual.oddReturn_mul' depends on axioms: [propext, Classical.choice, Quot.sound]
'Problems.Collatz.FibreActual.child_of_equation' depends on axioms: [propext, Classical.choice, Quot.sound]
'Problems.Collatz.FibreActual.predecessor_iff' depends on axioms: [propext, Classical.choice, Quot.sound]
'Problems.Collatz.FibreActual.child_injective' depends on axioms: [propext, Classical.choice, Quot.sound]
'Problems.Collatz.FibreActual.residue_congr' depends on axioms: [propext, Classical.choice, Quot.sound]
'Problems.Collatz.FibreActual.parent_raw_iff' depends on axioms: [propext, Classical.choice, Quot.sound]
'Problems.Collatz.FibreActual.parent_child_iff' depends on axioms: [propext, Classical.choice, Quot.sound]
'Problems.Collatz.FibreActual.row_eq_branchWeight' depends on axioms: [propext, Classical.choice, Quot.sound]
'Problems.Collatz.FibreActual.actualMass_predecessors' depends on axioms: [propext, Classical.choice, Quot.sound]
'Problems.Collatz.FibreActual.actualTerm_formula' depends on axioms: [propext, Classical.choice, Quot.sound]
'Problems.Collatz.FibreActual.project_residue' depends on axioms: [propext, Classical.choice, Quot.sound]
'Problems.Collatz.FibreMassError.scalar_denominator' depends on axioms: [propext, Classical.choice, Quot.sound]
'Problems.Collatz.FibreMassError.scalar_upper' depends on axioms: [propext, Classical.choice, Quot.sound]
'Problems.Collatz.FibreMassError.scalar_error' depends on axioms: [propext, Classical.choice, Quot.sound]
'Problems.Collatz.FibreMassError.quarter_coefficient' depends on axioms: [propext, Classical.choice, Quot.sound]
'Problems.Collatz.FibreMassError.sign_abs' depends on axioms: [propext, Classical.choice, Quot.sound]
'Problems.Collatz.FibreMassError.branchWeight_bounds' depends on axioms: [propext, Classical.choice, Quot.sound]
'Problems.Collatz.FibreMassError.actualTerm_nonneg' depends on axioms: [propext, Classical.choice, Quot.sound]
'Problems.Collatz.FibreMassError.actualTerm_le' depends on axioms: [propext, Classical.choice, Quot.sound]
'Problems.Collatz.FibreMassError.actual_summable' depends on axioms: [propext, Classical.choice, Quot.sound]
'Problems.Collatz.FibreMassError.row_error' depends on axioms: [propext, Classical.choice, Quot.sound]
'Problems.Collatz.FibreMassError.error_summable' depends on axioms: [propext, Classical.choice, Quot.sound]
'Problems.Collatz.FibreMassError.error_sum' depends on axioms: [propext, Classical.choice, Quot.sound]
'Problems.Collatz.FibreMassError.actual_mass_error' depends on axioms: [propext, Classical.choice, Quot.sound]
'Problems.Collatz.FibreMassError.predecessor_summable' depends on axioms: [propext, Classical.choice, Quot.sound]
'Problems.Collatz.FibreMassError.predecessor_mass_error' depends on axioms: [propext, Classical.choice, Quot.sound]
'Problems.Collatz.FibreDeficit.weight_nonneg' depends on axioms: [propext, Classical.choice, Quot.sound]
'Problems.Collatz.FibreDeficit.deficient_progression' depends on axioms: [propext, Classical.choice, Quot.sound]
'Problems.Collatz.FibreDeficit.progression_pos' depends on axioms: [propext, Classical.choice, Quot.sound]
'Problems.Collatz.FibreDeficit.progression_large' depends on axioms: [propext, Classical.choice, Quot.sound]
'Problems.Collatz.FibreDeficit.progression_odd' depends on axioms: [propext, Classical.choice, Quot.sound]
'Problems.Collatz.FibreDeficit.progression_residue' depends on axioms: [propext, Classical.choice, Quot.sound]
'Problems.Collatz.FibreDeficit.progression_injective' depends on axioms: [propext, Classical.choice, Quot.sound]
'Problems.Collatz.FibreDeficit.progression_affine' depends on axioms: [propext]
'Problems.Collatz.FibreDeficit.arithmetic_mass_not_summable' depends on axioms: [propext, Classical.choice, Quot.sound]
'Problems.Collatz.FibreDeficit.progression_mass_not_summable' depends on axioms: [propext, Classical.choice, Quot.sound]
'Problems.Collatz.FibreDeficit.residue_unit' depends on axioms: [propext, Classical.choice, Quot.sound]
'Problems.Collatz.FibreDeficit.deficient_mass_not_summable' depends on axioms: [propext, Classical.choice, Quot.sound]
'Problems.Collatz.FibreDeficit.outside_finite_mass' depends on axioms: [propext, Classical.choice, Quot.sound]
'Problems.Collatz.FibreDeficit.exists_predecessor_mass_lt' depends on axioms: [propext, Classical.choice, Quot.sound]
