'BTCalculus.FejerWeighted.weighted_smooth_error' depends on axioms: [propext, Classical.choice, Quot.sound]
'BTCalculus.FejerWeighted.smooth_sum_error' depends on axioms: [propext, Classical.choice, Quot.sound]
'BTCalculus.FejerWeighted.smoothSet_mono' depends on axioms: [propext, Classical.choice, Quot.sound]
'BTCalculus.FejerWeighted.arc_smoothing_L1' depends on axioms: [propext, Classical.choice, Quot.sound]
'BTCalculus.FejerWeighted.weighted_arc_bound' depends on axioms: [propext, Classical.choice, Quot.sound]
'BTCalculus.FejerWeighted.weighted_fract_of_arcs' depends on axioms: [propext, Classical.choice, Quot.sound]
'BTCalculus.FejerWeighted.weighted_fract_bound' depends on axioms: [propext, Classical.choice, Quot.sound]
'BTCalculus.FejerWeighted.weighted_arc_centered' depends on axioms: [propext, Classical.choice, Quot.sound]
'BTCalculus.FejerWeighted.weighted_centered_fract_bound' depends on axioms: [propext, Classical.choice, Quot.sound]
'Problems.Juggler.OOEEFourierModes.deriv_perturbed' depends on axioms: [propext, Classical.choice, Quot.sound]
'Problems.Juggler.OOEEFourierModes.deriv_perturbedD1' depends on axioms: [propext, Classical.choice, Quot.sound]
'Problems.Juggler.OOEEFourierModes.power_curvature_scale' depends on axioms: [propext, Classical.choice, Quot.sound]
'Problems.Juggler.OOEEFourierModes.perturbed_curvature' depends on axioms: [propext, Classical.choice, Quot.sound]
'Problems.Juggler.OOEEFourierModes.perturbed_cell_sum' depends on axioms: [propext, Classical.choice, Quot.sound]
'Problems.Juggler.OOEEFourierModes.curvature_bound_at_cutoff' depends on axioms: [propext, Classical.choice, Quot.sound]
'Problems.Juggler.OOEEFourierModes.perturbed_cell_power_bound' depends on axioms: [propext,
 Classical.choice,
 Quot.sound]
'Problems.Juggler.OOEEFourierModes.power_mode_sum' depends on axioms: [propext, Classical.choice, Quot.sound]
'Problems.Juggler.OOEEFourierModes.perturbed_samples_bound' depends on axioms: [propext, Classical.choice, Quot.sound]
'Problems.Juggler.OOEECarryFourier.fourier_phase' depends on axioms: [propext, Classical.choice, Quot.sound]
'Problems.Juggler.OOEECarryFourier.phase_add' depends on axioms: [propext, Classical.choice, Quot.sound]
'Problems.Juggler.OOEECarryFourier.fractional_cell_bound' depends on axioms: [propext, Classical.choice, Quot.sound]
'Problems.Juggler.OOEECarryFourier.carry_cell_bound' depends on axioms: [propext, Classical.choice, Quot.sound]
'Problems.Juggler.OOEECarryFourier.carry_floor_fibre_sum' depends on axioms: [propext, Classical.choice, Quot.sound]
'Problems.Juggler.OOEECarryFourier.carry_contribution_bound' depends on axioms: [propext, Classical.choice, Quot.sound]
'Problems.Juggler.OOEECarryFourier.carry_scale_log_bound' depends on axioms: [propext, Classical.choice, Quot.sound]
'Problems.Juggler.OOEECarryFourier.carry_scale_power_bound' depends on axioms: [propext, Classical.choice, Quot.sound]
'Problems.Juggler.OOEECarryFourier.carry_contribution_log_bound' depends on axioms: [propext,
 Classical.choice,
 Quot.sound]
'Problems.Juggler.OOEECarryFourier.retained_correlation_bound' depends on axioms: [propext,
 Classical.choice,
 Quot.sound]
'Problems.Juggler.OOEECarryFourier.carry_size_conditions_eventually' depends on axioms: [propext,
 Classical.choice,
 Quot.sound]
