'BTCalculus.FourierBoxRecurrence.integral_mFourier' depends on axioms: [propext, Classical.choice, Quot.sound]
'BTCalculus.FourierBoxRecurrence.norm_average_samples_le' depends on axioms: [propext, Classical.choice, Quot.sound]
'BTCalculus.FourierBoxRecurrence.norm_integral_le' depends on axioms: [propext, Classical.choice, Quot.sound]
'BTCalculus.FourierBoxRecurrence.integrable_continuous' depends on axioms: [propext, Classical.choice, Quot.sound]
'BTCalculus.FourierBoxRecurrence.tendsto_mFourier_average' depends on axioms: [propext, Classical.choice, Quot.sound]
'BTCalculus.FourierBoxRecurrence.tendsto_span_average' depends on axioms: [propext, Classical.choice, Quot.sound]
'BTCalculus.FourierBoxRecurrence.tendsto_continuous_average' depends on axioms: [propext, Classical.choice, Quot.sound]
'BTCalculus.FourierBoxRecurrence.tendsto_average_zero_of_eventually_zero' depends on axioms: [propext,
 Classical.choice,
 Quot.sound]
'BTCalculus.FourierBoxRecurrence.exists_ge_mem_open_of_fourier' depends on axioms: [propext,
 Classical.choice,
 Quot.sound]
'BTCalculus.FourierBoxRecurrence.isOpen_circleInterval' depends on axioms: [propext, Classical.choice, Quot.sound]
'BTCalculus.FourierBoxRecurrence.mem_circleInterval_iff' depends on axioms: [propext, Classical.choice, Quot.sound]
'BTCalculus.FourierBoxRecurrence.exists_ge_fract_box' depends on axioms: [propext, Classical.choice, Quot.sound]
'BTCalculus.FourierBoxRecurrence.mFourier_real_eq_phase' depends on axioms: [propext, Classical.choice, Quot.sound]
'BTCalculus.FourierBoxRecurrence.exists_ge_fract_box_of_phase' depends on axioms: [propext,
 Classical.choice,
 Quot.sound]
'BTCalculus.PowerBoxRecurrence.exists_ge_power_fract_box' depends on axioms: [propext, Classical.choice, Quot.sound]
'Problems.Juggler.PaperERecurrence.power_exponent_noninteger' depends on axioms: [propext, Classical.choice, Quot.sound]
'Problems.Juggler.PaperERecurrence.power_exponent_injective' depends on axioms: [propext, Classical.choice, Quot.sound]
'Problems.Juggler.PaperERecurrence.box_recurrence' depends on axioms: [propext, Classical.choice, Quot.sound]
'Problems.Juggler.PaperERecurrence.theorem41' depends on axioms: [propext, Classical.choice, Quot.sound]
