'BTCalculus.FejerKernel.continuous_dirichlet' depends on axioms: [propext, Classical.choice, Quot.sound]
'BTCalculus.FejerKernel.continuous_kernel' depends on axioms: [propext, Classical.choice, Quot.sound]
'BTCalculus.FejerKernel.kernel_nonneg' depends on axioms: [propext, Classical.choice, Quot.sound]
'BTCalculus.FejerKernel.integrable_kernel' depends on axioms: [propext, Classical.choice, Quot.sound]
'BTCalculus.FejerKernel.norm_dirichlet_le' depends on axioms: [propext, Classical.choice, Quot.sound]
'BTCalculus.FejerKernel.kernel_le' depends on axioms: [propext, Classical.choice, Quot.sound]
'BTCalculus.FejerKernel.fourier_sub' depends on axioms: [propext, Classical.choice, Quot.sound]
'BTCalculus.FejerKernel.kernel_expansion' depends on axioms: [propext, Classical.choice, Quot.sound]
'BTCalculus.FejerKernel.integral_fourier' depends on axioms: [propext, Classical.choice, Quot.sound]
'BTCalculus.FejerKernel.integrable_fourier' depends on axioms: [propext, Classical.choice, Quot.sound]
'BTCalculus.FejerKernel.integral_kernel' depends on axioms: [propext, Classical.choice, Quot.sound]
'BTCalculus.FejerKernel.fourier_nat' depends on axioms: [propext, Classical.choice, Quot.sound]
'BTCalculus.FejerKernel.dirichlet_mul_sub_one' depends on axioms: [propext, Classical.choice, Quot.sound]
'BTCalculus.FejerKernel.norm_dirichlet_mul_sub_one_le' depends on axioms: [propext, Classical.choice, Quot.sound]
'BTCalculus.FejerKernel.norm_fourier_one_sub_one' depends on axioms: [propext, Classical.choice, Quot.sound]
'BTCalculus.FejerKernel.chord_lower' depends on axioms: [propext, Classical.choice, Quot.sound]
'BTCalculus.FejerKernel.kernel_le_inv_sq' depends on axioms: [propext, Classical.choice, Quot.sound]
'BTCalculus.FejerKernel.fourier_neg_input' depends on axioms: [propext, Classical.choice, Quot.sound]
'BTCalculus.FejerKernel.kernel_neg' depends on axioms: [propext, Classical.choice, Quot.sound]
'BTCalculus.FejerKernel.continuous_kernel_real' depends on axioms: [propext, Classical.choice, Quot.sound]
'BTCalculus.FejerKernel.positive_tail_le' depends on axioms: [propext, Classical.choice, Quot.sound]
'BTCalculus.FejerKernel.two_sided_tail_le' depends on axioms: [propext, Classical.choice, Quot.sound]
'BTCalculus.FejerKernel.circle_tail_le' depends on axioms: [propext, Classical.choice, Quot.sound]
'BTCalculus.FejerKernel.productKernel_nonneg' depends on axioms: [propext, Classical.choice, Quot.sound]
'BTCalculus.FejerKernel.integrable_productKernel' depends on axioms: [propext, Classical.choice, Quot.sound]
'BTCalculus.FejerKernel.integral_productKernel' depends on axioms: [propext, Classical.choice, Quot.sound]
'BTCalculus.FejerKernel.product_tail_le' depends on axioms: [propext, Classical.choice, Quot.sound]
'BTCalculus.FejerArc.arc_eq_circleArc' depends on axioms: [propext, Classical.choice, Quot.sound]
'BTCalculus.FejerArc.arc_empty' depends on axioms: [propext, Classical.choice, Quot.sound]
'BTCalculus.FejerArc.measurableSet_arc' depends on axioms: [propext, Classical.choice, Quot.sound]
'BTCalculus.FejerArc.coe_mem_arc_iff' depends on axioms: [propext, Classical.choice, Quot.sound]
'BTCalculus.FejerArc.integral_arc' depends on axioms: [propext, Classical.choice, Quot.sound]
'BTCalculus.FejerArc.integral_arc_one' depends on axioms: [propext, Classical.choice, Quot.sound]
'BTCalculus.FejerArc.arcCoeff_zero' depends on axioms: [propext, Classical.choice, Quot.sound]
'BTCalculus.FejerArc.norm_arcCoeff_le' depends on axioms: [propext, Classical.choice, Quot.sound]
'BTCalculus.FejerArc.arc_full' depends on axioms: [propext, Classical.choice, Quot.sound]
'BTCalculus.FejerArc.small_representative' depends on axioms: [propext, Classical.choice, Quot.sound]
'BTCalculus.FejerArc.sub_mem_expanded' depends on axioms: [propext, Classical.choice, Quot.sound]
'BTCalculus.FejerArc.mem_of_sub_mem_contracted' depends on axioms: [propext, Classical.choice, Quot.sound]
'BTCalculus.FejerArc.smoothSet_nonneg' depends on axioms: [propext, Classical.choice, Quot.sound]
'BTCalculus.FejerArc.smoothSet_le_one' depends on axioms: [propext, Classical.choice, Quot.sound]
'BTCalculus.FejerArc.smoothSet_eq_integral' depends on axioms: [propext, Classical.choice, Quot.sound]
'BTCalculus.FejerArc.indicator_le_smoothSet' depends on axioms: [propext, Classical.choice, Quot.sound]
'BTCalculus.FejerArc.smoothSet_le_indicator' depends on axioms: [propext, Classical.choice, Quot.sound]
'BTCalculus.FejerArc.arc_smoothing_sandwich' depends on axioms: [propext, Classical.choice, Quot.sound]
'BTCalculus.FejerArc.fourier_sub_input' depends on axioms: [propext, Classical.choice, Quot.sound]
'BTCalculus.FejerArc.smoothSet_arc_expansion' depends on axioms: [propext, Classical.choice, Quot.sound]
'BTCalculus.FejerArc.norm_arcCoeff_le_weight' depends on axioms: [propext, Classical.choice, Quot.sound]
'BTCalculus.FejerArc.sum_frequencyWeight' depends on axioms: [propext, Classical.choice, Quot.sound]
'BTCalculus.FejerArc.sum_norm_arcCoeff_row' depends on axioms: [propext, Classical.choice, Quot.sound]
'BTCalculus.FourierDiscrepancy.average_finsetSum' depends on axioms: [propext, Classical.choice, Quot.sound]
'BTCalculus.FourierDiscrepancy.average_const_mul' depends on axioms: [propext, Classical.choice, Quot.sound]
'BTCalculus.FourierDiscrepancy.average_const' depends on axioms: [propext, Classical.choice, Quot.sound]
'BTCalculus.FourierDiscrepancy.indexed_average_bound' depends on axioms: [propext, Classical.choice, Quot.sound]
'BTCalculus.FourierDiscrepancy.polynomial_average_bound' depends on axioms: [propext, Classical.choice, Quot.sound]
'BTCalculus.FourierDiscrepancy.realAverage_re' depends on axioms: [propext, Classical.choice, Quot.sound]
'BTCalculus.FourierDiscrepancy.polynomial_real_average_bound' depends on axioms: [propext, Classical.choice, Quot.sound]
'BTCalculus.FourierDiscrepancy.count_sandwich' depends on axioms: [propext, Classical.choice, Quot.sound]
'BTCalculus.FourierDiscrepancy.count_of_polynomial_sandwich' depends on axioms: [propext, Classical.choice, Quot.sound]
'BTCalculus.FourierDiscrepancy.smoothing_scale' depends on axioms: [propext, Classical.choice, Quot.sound]
'BTCalculus.FejerBox.frequency_bound' depends on axioms: [propext, Classical.choice, Quot.sound]
'BTCalculus.FejerBox.smooth_expansion' depends on axioms: [propext, Classical.choice, Quot.sound]
'BTCalculus.FejerBox.coefficient_mass' depends on axioms: [propext, Classical.choice, Quot.sound]
'BTCalculus.FejerBox.coefficient_zero_sum' depends on axioms: [propext, Classical.choice, Quot.sound]
'BTCalculus.FejerBox.boxSmooth_expansion' depends on axioms: [propext, Classical.choice, Quot.sound]
'BTCalculus.FejerBox.boxSmooth_average_bound' depends on axioms: [propext, Classical.choice, Quot.sound]
'BTCalculus.FejerBox.product_indicator_sandwich' depends on axioms: [propext, Classical.choice, Quot.sound]
'BTCalculus.FejerBox.box_smoothing_sandwich' depends on axioms: [propext, Classical.choice, Quot.sound]
'BTCalculus.FejerBox.saturated_lengths' depends on axioms: [propext, Classical.choice, Quot.sound]
'BTCalculus.FejerBox.product_volume_error' depends on axioms: [propext, Classical.choice, Quot.sound]
'BTCalculus.FejerBox.count_density_bounds' depends on axioms: [propext, Classical.choice, Quot.sound]
'BTCalculus.FejerBox.finite_box_discrepancy' depends on axioms: [propext, Classical.choice, Quot.sound]
