'Problems.Collatz.FibreMass.doubleEquiv_val' depends on axioms: [propext, Classical.choice, Quot.sound]
'Problems.Collatz.FibreMass.double_iterate_val' depends on axioms: [propext, Classical.choice, Quot.sound]
'Problems.Collatz.FibreMass.parent_iff' depends on axioms: [propext, Classical.choice, Quot.sound]
'Problems.Collatz.FibreMass.offset_congr' depends on axioms: [propext, Classical.choice, Quot.sound]
'Problems.Collatz.FibreMass.parent_signed_iff' depends on axioms: [propext, Classical.choice, Quot.sound]
'Problems.Collatz.FibreMass.parent_injective' depends on axioms: [propext, Classical.choice, Quot.sound]
'Problems.Collatz.FibreMass.coefficient_eq' depends on axioms: [propext, Classical.choice, Quot.sound]
'Problems.Collatz.FibreMass.row_at_parent' depends on axioms: [propext, Classical.choice, Quot.sound]
'Problems.Collatz.FibreMass.transfer_formula' depends on axioms: [propext, Classical.choice, Quot.sound]
'Problems.Collatz.FibreMass.row_nonneg' depends on axioms: [propext, Classical.choice, Quot.sound]
'Problems.Collatz.FibreMass.row_le' depends on axioms: [propext, Classical.choice, Quot.sound]
'Problems.Collatz.FibreMass.row_summable' depends on axioms: [propext, Classical.choice, Quot.sound]
'Problems.Collatz.FibreMass.transfer_nonneg' depends on axioms: [propext, Classical.choice, Quot.sound]
'Problems.Collatz.FibreMass.row_sum' depends on axioms: [propext, Classical.choice, Quot.sound]
'Problems.Collatz.FibreMass.transfer_sum' depends on axioms: [propext, Classical.choice, Quot.sound]
'Problems.Collatz.FibreMass.offset_unit' depends on axioms: [propext, Classical.choice, Quot.sound]
'Problems.Collatz.FibreMass.parent_unit' depends on axioms: [propext, Classical.choice, Quot.sound]
'Problems.Collatz.FibreMass.transfer_zero' depends on axioms: [propext, Classical.choice, Quot.sound]
'Problems.Collatz.FibreMass.level_large' depends on axioms: [propext, Classical.choice, Quot.sound]
'Problems.Collatz.FibreMass.spike_val' depends on axioms: [propext, Classical.choice, Quot.sound]
'Problems.Collatz.FibreMass.spike_unit' depends on axioms: [propext, Classical.choice, Quot.sound]
'Problems.Collatz.FibreMass.parent_spike' depends on axioms: [propext, Classical.choice, Quot.sound]
'Problems.Collatz.FibreMass.transfer_spike' depends on axioms: [propext, Classical.choice, Quot.sound]
'Problems.Collatz.FibreMass.iterate_nonneg' depends on axioms: [propext, Classical.choice, Quot.sound]
'Problems.Collatz.FibreMass.iterate_sum' depends on axioms: [propext, Classical.choice, Quot.sound]
'Problems.Collatz.FibreMass.iterate_spike' depends on axioms: [propext, Classical.choice, Quot.sound]
'Problems.Collatz.FibreMass.project_sum' depends on axioms: [propext, Classical.choice, Quot.sound]
'Problems.Collatz.FibreMass.project_spike' depends on axioms: [propext, Classical.choice, Quot.sound]
'Problems.Collatz.FibreMass.project_nonunit' depends on axioms: [propext, Classical.choice, Quot.sound]
'Problems.Collatz.FibreMass.exists_deficit' depends on axioms: [propext, Classical.choice, Quot.sound]
'Problems.Collatz.FibreMass.finite_weight_obstruction' depends on axioms: [propext, Classical.choice, Quot.sound]
