'Problems.Juggler.PolynomialDual.dualDegree_eq' depends on axioms: [propext, Classical.choice, Quot.sound]
'Problems.Juggler.PolynomialDual.rational_degree_iff' depends on axioms: [propext, Classical.choice, Quot.sound]
'Problems.Juggler.PolynomialDual.pullback_fixed_gap' depends on axioms: [propext, Classical.choice, Quot.sound]
'Problems.Juggler.PolynomialDual.gap_coprime' depends on axioms: [propext, Quot.sound]
'Problems.Juggler.PolynomialDual.integral_degree_iff_gap_one' depends on axioms: [propext, Quot.sound]
'Problems.Juggler.PolynomialDual.unit_gap_classification' depends on axioms: [propext, Classical.choice, Quot.sound]
'Problems.Juggler.PolynomialDual.integral_degree_classification' depends on axioms: [propext,
 Classical.choice,
 Quot.sound]
'Problems.Juggler.PolynomialDual.no_integral_degree_after_three' depends on axioms: [propext,
 Classical.choice,
 Quot.sound]
'Problems.Juggler.PolynomialDual.rational_degree_classification' depends on axioms: [propext,
 Classical.choice,
 Quot.sound]
'Problems.Juggler.PolynomialDual.all_odd_second_degree' depends on axioms: [propext, Classical.choice, Quot.sound]
'Problems.Juggler.PolynomialDual.ninth_stationary_algebra' depends on axioms: [propext, Classical.choice, Quot.sound]
'Problems.Juggler.PolynomialDual.ninth_stationary_index' depends on axioms: [propext, Classical.choice, Quot.sound]
'Problems.Juggler.PolynomialDual.half_monomial_antiperiodic' depends on axioms: [propext, Classical.choice, Quot.sound]
'Problems.Juggler.PolynomialDual.ninth_odd_antiperiodic' depends on axioms: [propext, Classical.choice, Quot.sound]
'Problems.Juggler.PolynomialDual.ninth_odd_complete_mean_zero' depends on axioms: [propext,
 Classical.choice,
 Quot.sound]
