\BOOKMARK [1][-]{section*.1}{\376\377\000A\000b\000s\000t\000r\000a\000c\000t}{}% 1
\BOOKMARK [1][-]{section*.2}{\376\377\0001\000.\000\040\000S\000c\000o\000p\000e\000\040\000a\000n\000d\000\040\000r\000e\000l\000a\000t\000i\000o\000n\000\040\000t\000o\000\040\000e\000a\000r\000l\000i\000e\000r\000\040\000w\000o\000r\000k}{}% 2
\BOOKMARK [1][-]{section*.3}{\376\377\0002\000.\000\040\000E\000x\000a\000c\000t\000\040\000i\000t\000i\000n\000e\000r\000a\000r\000i\000e\000s\000\040\000a\000n\000d\000\040\000t\000h\000e\000\040\000p\000o\000w\000e\000r\000\040\000e\000n\000v\000e\000l\000o\000p\000e}{}% 3
\BOOKMARK [1][-]{section*.5}{\376\377\0003\000.\000\040\000A\000n\000\040\000u\000n\000c\000o\000n\000d\000i\000t\000i\000o\000n\000a\000l\000\040\000c\000e\000r\000t\000i\000f\000i\000c\000a\000t\000e\000\040\000d\000e\000n\000s\000i\000t\000y}{}% 4
\BOOKMARK [1][-]{section*.6}{\376\377\0004\000.\000\040\000C\000o\000r\000r\000e\000l\000a\000t\000i\000o\000n\000\040\000c\000r\000i\000t\000e\000r\000i\000a\000\040\000a\000n\000d\000\040\000p\000r\000o\000v\000e\000d\000\040\000c\000a\000s\000e\000s}{}% 5
\BOOKMARK [2][-]{section*.8}{\376\377\0004\000.\0001\000\040\000A\000\040\000s\000u\000f\000f\000i\000c\000i\000e\000n\000t\000\040\000F\000o\000u\000r\000i\000e\000r\000\040\000c\000r\000i\000t\000e\000r\000i\000o\000n}{section*.6}% 6
\BOOKMARK [2][-]{section*.10}{\376\377\0004\000.\0002\000\040\000A\000\040\000n\000e\000s\000t\000e\000d\000\040\000e\000s\000t\000i\000m\000a\000t\000e\000\040\000s\000u\000f\000f\000i\000c\000i\000e\000n\000t\000\040\000f\000o\000r\000\040\000f\000o\000u\000r\000-\000s\000t\000e\000p\000\040\000d\000e\000s\000c\000e\000n\000t}{section*.6}% 7
\BOOKMARK [2][-]{section*.21}{\376\377\0004\000.\0003\000\040\000T\000h\000e\000\040\000f\000i\000f\000t\000h\000-\000l\000e\000t\000t\000e\000r\000\040\000s\000p\000l\000i\000t\000\040\000o\000f\000\040\000O\000O\000E\000O}{section*.6}% 8
\BOOKMARK [2][-]{section*.30}{\376\377\0004\000.\0004\000\040\000T\000h\000e\000\040\000O\000O\000O\000E\000E\000\040\000m\000i\000x\000e\000d\000-\000m\000o\000d\000e\000\040\000e\000s\000t\000i\000m\000a\000t\000e}{section*.6}% 9
\BOOKMARK [1][-]{section*.33}{\376\377\0005\000.\000\040\000F\000i\000n\000i\000t\000e\000-\000d\000e\000p\000t\000h\000\040\000d\000e\000s\000c\000e\000n\000t\000\040\000d\000e\000n\000s\000i\000t\000i\000e\000s}{}% 10
\BOOKMARK [1][-]{section*.35}{\376\377\0006\000.\000\040\000T\000h\000e\000\040\000f\000i\000x\000e\000d\000-\000d\000e\000p\000t\000h\000\040\000r\000e\000d\000u\000c\000t\000i\000o\000n\000\040\000t\000o\000\040\000d\000e\000n\000s\000i\000t\000y\000-\000o\000n\000e\000\040\000c\000e\000r\000t\000i\000f\000i\000c\000a\000t\000e\000s}{}% 11
\BOOKMARK [1][-]{section*.36}{\376\377\0007\000.\000\040\000E\000x\000a\000c\000t\000\040\000f\000l\000o\000o\000r\000\040\000d\000e\000f\000e\000c\000t\000s\000\040\000a\000n\000d\000\040\000s\000e\000p\000a\000r\000a\000t\000e\000\040\000a\000n\000a\000l\000y\000t\000i\000c\000\040\000q\000u\000e\000s\000t\000i\000o\000n\000s}{}% 12
\BOOKMARK [2][-]{section*.39}{\376\377\0007\000.\0001\000\040\000A\000n\000\040\000u\000n\000c\000o\000n\000d\000i\000t\000i\000o\000n\000a\000l\000\040\000e\000s\000t\000i\000m\000a\000t\000e\000\040\000a\000v\000e\000r\000a\000g\000e\000d\000\040\000o\000v\000e\000r\000\040\000a\000\040\000s\000h\000i\000f\000t}{section*.36}% 13
\BOOKMARK [2][-]{section*.41}{\376\377\0007\000.\0002\000\040\000C\000o\000u\000n\000t\000i\000n\000g\000\040\000t\000h\000e\000\040\000g\000a\000p\000\040\000c\000e\000l\000l\000s\000\040\000i\000n\000\040\000a\000\040\000c\000o\000l\000l\000i\000s\000i\000o\000n\000\040\000e\000s\000t\000i\000m\000a\000t\000e}{section*.36}% 14
\BOOKMARK [1][-]{section*.44}{\376\377\0008\000.\000\040\000E\000v\000i\000d\000e\000n\000c\000e\000,\000\040\000a\000v\000a\000i\000l\000a\000b\000i\000l\000i\000t\000y\000,\000\040\000a\000n\000d\000\040\000r\000e\000m\000a\000i\000n\000i\000n\000g\000\040\000w\000o\000r\000k}{}% 15
\BOOKMARK [1][-]{section*.45}{\376\377\000A\000p\000p\000e\000n\000d\000i\000x\000\040\000A\000.\000\040\000F\000l\000o\000o\000r\000\040\000r\000e\000d\000u\000c\000t\000i\000o\000n\000s\000\040\000a\000n\000d\000\040\000t\000h\000e\000\040\000c\000a\000r\000r\000y\000\040\000i\000n\000v\000e\000n\000t\000o\000r\000y}{}% 16
\BOOKMARK [2][-]{section*.46}{\376\377\000A\000.\0001\000\040\000A\000\040\000r\000e\000d\000u\000c\000t\000i\000o\000n\000\040\000f\000o\000r\000\040\000a\000\040\000d\000i\000f\000f\000e\000r\000e\000n\000c\000e\000d\000\040\000f\000l\000o\000o\000r\000\040\000f\000a\000c\000t\000o\000r}{section*.45}% 17
\BOOKMARK [2][-]{section*.58}{\376\377\000A\000.\0002\000\040\000J\000o\000i\000n\000t\000\040\000f\000i\000r\000s\000t\000-\000f\000l\000o\000o\000r\000\040\000c\000a\000r\000r\000i\000e\000s}{section*.45}% 18
\BOOKMARK [2][-]{section*.60}{\376\377\000A\000.\0003\000\040\000P\000o\000s\000i\000t\000i\000v\000e\000\040\000e\000r\000r\000o\000r\000s\000\040\000f\000o\000r\000\040\000t\000h\000e\000\040\000s\000e\000c\000o\000n\000d\000-\000l\000e\000v\000e\000l\000\040\000i\000n\000v\000e\000n\000t\000o\000r\000y}{section*.45}% 19
\BOOKMARK [2][-]{section*.63}{\376\377\000A\000.\0004\000\040\000E\000x\000a\000c\000t\000\040\000c\000e\000n\000t\000e\000r\000e\000d\000\040\000m\000a\000s\000t\000e\000r\000\040\000i\000n\000v\000e\000n\000t\000o\000r\000y}{section*.45}% 20
\BOOKMARK [1][-]{section*.70}{\376\377\000A\000p\000p\000e\000n\000d\000i\000x\000\040\000B\000.\000\040\000A\000\040\000w\000a\000v\000e\000-\000b\000e\000a\000r\000i\000n\000g\000\040\000e\000s\000t\000i\000m\000a\000t\000e}{}% 21
\BOOKMARK [2][-]{section*.74}{\376\377\000B\000.\0001\000\040\000T\000h\000e\000\040\000w\000i\000d\000e\000n\000e\000d\000\040\000D\0001\000\040\000l\000i\000n\000e\000a\000r\000i\000z\000a\000t\000i\000o\000n}{section*.70}% 22
\BOOKMARK [2][-]{section*.79}{\376\377\000B\000.\0002\000\040\000D\000i\000f\000f\000e\000r\000e\000n\000c\000i\000n\000g\000\040\000a\000n\000d\000\040\000t\000h\000e\000\040\000n\000o\000n\000z\000e\000r\000o\000\040\000m\000a\000i\000n\000\040\000w\000a\000v\000e}{section*.70}% 23
\BOOKMARK [2][-]{section*.85}{\376\377\000B\000.\0003\000\040\000I\000n\000s\000e\000r\000t\000\040\000t\000h\000e\000\040\000D\0002\000\040\000r\000e\000d\000u\000c\000t\000i\000o\000n\000\040\000o\000n\000\040\000i\000t\000s\000\040\000o\000r\000i\000g\000i\000n\000a\000l\000\040\000r\000u\000n\000s}{section*.70}% 24
\BOOKMARK [2][-]{section*.87}{\376\377\000B\000.\0004\000\040\000R\000e\000a\000s\000s\000e\000m\000b\000l\000e\000\040\000t\000h\000e\000\040\000a\000c\000t\000u\000a\000l\000\040\000f\000i\000r\000s\000t\000-\000l\000e\000v\000e\000l\000\040\000c\000a\000r\000r\000i\000e\000s}{section*.70}% 25
\BOOKMARK [2][-]{section*.89}{\376\377\000B\000.\0005\000\040\000S\000u\000m\000\040\000e\000v\000e\000r\000y\000\040\000r\000e\000t\000a\000i\000n\000e\000d\000\040\000m\000o\000d\000e\000\040\000a\000n\000d\000\040\000e\000v\000e\000r\000y\000\040\000c\000e\000l\000l}{section*.70}% 26
\BOOKMARK [1][-]{section*.93}{\376\377\000A\000p\000p\000e\000n\000d\000i\000x\000\040\000C\000.\000\040\000P\000r\000o\000o\000f\000\040\000o\000f\000\040\000t\000h\000e\000\040\000O\000O\000O\000E\000E\000\040\000m\000i\000x\000e\000d\000-\000m\000o\000d\000e\000\040\000t\000h\000e\000o\000r\000e\000m}{}% 27
\BOOKMARK [2][-]{section*.97}{\376\377\000C\000.\0001\000\040\000T\000h\000e\000\040\000f\000u\000l\000l\000\040\000p\000h\000a\000s\000e}{section*.93}% 28
\BOOKMARK [2][-]{section*.101}{\376\377\000C\000.\0002\000\040\000T\000h\000e\000\040\000c\000a\000s\000e\000s\000\040\000k\000=\0000\000,\000\040\000i\000n\000c\000l\000u\000d\000i\000n\000g\000\040\000e\000v\000e\000r\000y\000\040\000z\000e\000r\000o\000\040\000c\000o\000o\000r\000d\000i\000n\000a\000t\000e}{section*.93}% 29
\BOOKMARK [2][-]{section*.105}{\376\377\000C\000.\0003\000\040\000T\000h\000e\000\040\000t\000w\000i\000c\000e\000-\000d\000i\000f\000f\000e\000r\000e\000n\000c\000e\000d\000\040\000i\000n\000v\000e\000n\000t\000o\000r\000y\000\040\000w\000h\000e\000n\000\040\000k\000\040\000i\000s\000\040\000n\000o\000n\000z\000e\000r\000o}{section*.93}% 30
\BOOKMARK [2][-]{section*.110}{\376\377\000C\000.\0004\000\040\000F\000r\000o\000z\000e\000n\000\040\000b\000r\000a\000n\000c\000h\000e\000s\000\040\000a\000n\000d\000\040\000t\000h\000e\000\040\000e\000x\000t\000r\000a\000\040\000p\000o\000w\000e\000r\000s}{section*.93}% 31
\BOOKMARK [2][-]{section*.115}{\376\377\000C\000.\0005\000\040\000N\000o\000n\000z\000e\000r\000o\000\040\000t\000o\000t\000a\000l\000\040\000Y\000\040\000f\000r\000e\000q\000u\000e\000n\000c\000y}{section*.93}% 32
\BOOKMARK [2][-]{section*.118}{\376\377\000C\000.\0006\000\040\000Z\000e\000r\000o\000\040\000t\000o\000t\000a\000l\000\040\000Y\000\040\000f\000r\000e\000q\000u\000e\000n\000c\000y\000:\000\040\000s\000h\000a\000r\000e\000d\000\040\000r\000e\000d\000u\000c\000t\000i\000o\000n\000s}{section*.93}% 33
\BOOKMARK [2][-]{section*.120}{\376\377\000C\000.\0007\000\040\000N\000o\000n\000z\000e\000r\000o\000\040\000b\000:\000\040\000r\000e\000c\000o\000m\000p\000u\000t\000e\000\040\000t\000h\000e\000\040\000m\000i\000x\000e\000d\000\040\000c\000u\000r\000v\000a\000t\000u\000r\000e}{section*.93}% 34
\BOOKMARK [2][-]{section*.124}{\376\377\000C\000.\0008\000\040\000Z\000e\000r\000o\000\040\000b\000:\000\040\000t\000h\000e\000\040\000a\000c\000t\000u\000a\000l\000\040\000n\000e\000g\000a\000t\000i\000v\000e\000\040\000m\000o\000v\000i\000n\000g\000\040\000c\000e\000n\000t\000e\000r\000s}{section*.93}% 35
\BOOKMARK [2][-]{section*.129}{\376\377\000C\000.\0009\000\040\000A\000s\000s\000e\000m\000b\000l\000y\000\040\000a\000n\000d\000\040\000t\000h\000e\000\040\000d\000y\000a\000d\000i\000c\000\040\000c\000o\000u\000n\000t}{section*.93}% 36
\BOOKMARK [1][-]{section*.130}{\376\377\000A\000c\000k\000n\000o\000w\000l\000e\000d\000g\000m\000e\000n\000t\000s\000\040\000a\000n\000d\000\040\000A\000I\000\040\000a\000s\000s\000i\000s\000t\000a\000n\000c\000e}{}% 37
\BOOKMARK [1][-]{section*.131}{\376\377\000A\000v\000a\000i\000l\000a\000b\000i\000l\000i\000t\000y\000\040\000a\000n\000d\000\040\000v\000e\000r\000s\000i\000o\000n}{}% 38
\BOOKMARK [1][-]{section*.132}{\376\377\000R\000e\000f\000e\000r\000e\000n\000c\000e\000s}{}% 39
